   Compiling proc-macro2 v1.0.107
   Compiling quote v1.0.47
   Compiling syn v3.0.6
    Checking cfg-if v1.0.5
    Checking serde_core v1.0.229
   Compiling serde_derive v1.0.229
   Compiling syn v2.0.119
    Checking libc v0.2.189
    Checking serde v1.0.229
    Checking log v0.4.34
    Checking bitflags v2.13.2
    Checking portable-atomic v1.15.0
    Checking critical-section v1.2.0
    Checking once_cell v1.21.4
    Checking memchr v2.8.3
    Checking typenum v1.20.1
    Checking pin-project-lite v0.2.17
    Checking rand_core v0.10.1
    Checking futures-core v0.3.34
    Checking errno v0.3.14
    Checking itoa v1.0.18
    Checking smallvec v1.16.1
    Checking equivalent v1.0.2
    Checking allocator-api2 v0.2.21
    Checking foldhash v0.2.0
    Checking slab v0.4.12
    Checking hashbrown v0.17.1
    Checking bytes v1.12.1
    Checking signal-hook-registry v1.4.8
    Checking futures-io v0.3.34
   Compiling zeroize_derive v1.5.0
    Checking zeroize v1.9.0
   Compiling cfg_aliases v0.2.2
    Checking mio v1.2.3
    Checking socket2 v0.6.5
    Checking indexmap v2.14.2
   Compiling tokio-macros v2.7.2
    Checking futures-sink v0.3.34
    Checking tokio v1.53.1
    Checking hybrid-array v0.4.15
   Compiling synstructure v0.14.0
    Checking cpufeatures v0.3.1
   Compiling futures-macro v0.3.34
    Checking futures-task v0.3.34
    Checking futures-util v0.3.34
   Compiling zerofrom-derive v0.1.8
   Compiling thiserror-impl v2.0.20
    Checking thiserror v2.0.20
    Checking zerofrom v0.1.8
    Checking generic-array v0.14.7
    Checking getrandom v0.4.3
   Compiling yoke-derive v0.8.3
    Checking subtle v2.6.1
    Checking stable_deref_trait v1.2.1
    Checking const-oid v0.10.2
    Checking yoke v0.8.3
    Checking crypto-common v0.2.2
   Compiling zerocopy-derive v0.8.57
    Checking zerocopy v0.8.57
    Checking rustls-pki-types v1.15.1
    Checking zmij v1.0.23
   Compiling zerovec-derive v0.11.6
    Checking zerovec v0.11.8
    Checking serde_json v1.0.151
    Checking crypto-common v0.1.7
   Compiling displaydoc v0.2.7
    Checking cmov v0.5.4
    Checking ctutils v0.4.2
    Checking block-buffer v0.12.1
    Checking getrandom v0.2.17
    Checking untrusted v0.9.0
    Checking ring v0.17.14
    Checking digest v0.11.3
    Checking tinystr v0.8.4
    Checking litemap v0.8.3
    Checking writeable v0.6.4
    Checking icu_locale_core v2.3.0
   Compiling rustls v0.23.45
    Checking rustls-webpki v0.103.15
    Checking zerotrie v0.2.5
    Checking potential_utf v0.1.6
    Checking http v1.5.0
    Checking percent-encoding v2.3.2
    Checking utf8_iter v1.0.4
    Checking icu_collections v2.3.0
    Checking icu_provider v2.3.1
    Checking cpufeatures v0.2.17
    Checking icu_properties_data v2.3.0
    Checking icu_normalizer_data v2.3.0
    Checking base64 v0.22.1
    Checking linux-raw-sys v0.12.1
    Checking rustix v1.1.5
    Checking icu_normalizer v2.3.0
    Checking icu_properties v2.3.0
    Checking httparse v1.10.1
    Checking tracing-core v0.1.36
   Compiling tracing-attributes v0.1.31
    Checking tracing v0.1.44
    Checking idna_adapter v1.2.2
    Checking form_urlencoded v1.2.2
   Compiling libm v0.2.16
    Checking idna v1.1.0
   Compiling num-traits v0.2.19
    Checking sha2 v0.11.0
    Checking chacha20 v0.10.2
   Compiling pkg-config v0.3.34
    Checking rand v0.10.2
    Checking url v2.5.8
    Checking tokio-rustls v0.26.5
    Checking webpki-roots v1.0.9
    Checking arrayvec v0.7.8
    Checking getrandom v0.3.4
   Compiling bytemuck_derive v1.12.1
    Checking bytemuck v1.25.2
    Checking block-buffer v0.10.4
    Checking libloading v0.8.9
    Checking data-encoding v2.11.1
    Checking digest v0.10.7
    Checking rand_core v0.9.5
    Checking ppv-lite86 v0.2.21
    Checking rand_chacha v0.9.0
    Checking sha2 v0.10.9
    Checking tree-sitter-language v0.1.8
    Checking rand v0.9.5
    Checking fastrand v2.5.0
    Checking unicode-ident v1.0.26
    Checking secp256k1-sys v0.11.0
    Checking dlib v0.5.3
   Compiling wayland-sys v0.31.11
    Checking secp256k1 v0.31.1
    Checking simd-adler32 v0.3.10
    Checking atomic-waker v1.1.2
    Checking adler2 v2.0.1
    Checking ryu-js v1.0.3
    Checking nostr v0.1.0 (/home/christopherdavid/work/openagents-verse-audit/crates/nostr)
    Checking sha1 v0.11.0
    Checking parking v2.2.1
    Checking tungstenite v0.30.0
    Checking crc32fast v1.5.2
    Checking miniz_oxide v0.9.1
    Checking webpki-roots v0.26.11
    Checking tokio-tungstenite v0.30.0
    Checking flate2 v1.1.10
    Checking scopeguard v1.2.0
    Checking unicode-width v0.2.0
    Checking ipnet v2.12.2
    Checking lock_api v0.4.14
    Checking inotify-sys v0.1.8
    Checking parking_lot_core v0.9.12
    Checking polling v3.11.0
    Checking http-body v1.1.0
    Checking futures-channel v0.3.34
    Checking aho-corasick v1.1.5
    Checking regex-syntax v0.8.11
    Checking same-file v1.0.6
    Checking walkdir v2.5.0
    Checking regex-automata v0.4.18
    Checking parking_lot v0.12.5
    Checking inotify v0.11.5
   Compiling tree-sitter v0.27.0
    Checking nostr-transport v0.1.0 (/home/christopherdavid/work/openagents-verse-audit/crates/nostr-transport)
    Checking miniz_oxide v0.8.9
    Checking fdeflate v0.3.7
    Checking sync_wrapper v1.0.2
    Checking notify-types v2.1.0
   Compiling wayland-backend v0.3.17
   Compiling winnow v1.0.4
    Checking tower-service v0.3.3
    Checking try-lock v0.2.5
    Checking want v0.3.1
    Checking notify v8.2.0
    Checking png v0.18.1
    Checking regex v1.13.1
    Checking coder-history v0.1.0 (/home/christopherdavid/work/openagents-verse-audit/crates/coder-history)
   Compiling tree-sitter-json v0.24.8
   Compiling tree-sitter-cpp v0.23.4
   Compiling tree-sitter-html v0.23.2
   Compiling tree-sitter-python v0.25.0
   Compiling tree-sitter-c v0.24.2
   Compiling tree-sitter-go v0.25.0
   Compiling tree-sitter-rust v0.24.2
   Compiling tree-sitter-bash v0.25.1
   Compiling tree-sitter-javascript v0.25.0
   Compiling tree-sitter-css v0.25.0
   Compiling tree-sitter-typescript v0.23.2
    Checking streaming-iterator v0.1.9
    Checking httpdate v1.0.3
    Checking qrcodegen v1.8.0
    Checking scoped-tls v1.0.1
    Checking downcast-rs v1.2.1
    Checking coder-connect v0.1.0 (/home/christopherdavid/work/openagents-verse-audit/crates/coder-connect)
    Checking hyper v1.11.1
   Compiling toml_parser v1.1.3+spec-1.1.0
    Checking futures-lite v2.6.1
   Compiling quick-xml v0.41.0
   Compiling naga v29.0.4
    Checking hashbrown v0.16.1
    Checking raw-window-handle v0.6.2
    Checking tower-layer v0.3.3
    Checking bit-vec v0.9.1
   Compiling toml_datetime v1.1.1+spec-1.1.0
   Compiling code-highlight v0.1.0 (/home/christopherdavid/work/openagents-verse-audit/crates/code-highlight)
   Compiling toml_edit v0.25.13+spec-1.1.0
    Checking bit-set v0.9.1
    Checking tower v0.5.3
   Compiling wayland-scanner v0.31.11
    Checking tree-sitter-highlight v0.27.0
    Checking hyper-util v0.1.20
    Checking codespan-reporting v0.13.1
    Checking half v2.7.1
    Checking spirv v0.4.0+sdk-1.4.341.0
    Checking glam v0.30.10
    Checking foldhash v0.1.5
    Checking hexf-parse v0.2.1
    Checking rustc-hash v1.1.0
    Checking unicase v2.9.0
    Checking pulldown-cmark v0.13.4
    Checking hashbrown v0.15.5
    Checking hyper-rustls v0.27.9
    Checking wayland-client v0.31.15
    Checking tower-http v0.6.11
    Checking ash v0.38.0+1.3.281
   Compiling proc-macro-crate v3.5.0
    Checking wgpu-types v29.0.4
    Checking coder-access v0.1.0 (/home/christopherdavid/work/openagents-verse-audit/crates/coder-access)
    Checking http-body-util v0.1.5
    Checking coder-reach v0.1.0 (/home/christopherdavid/work/openagents-verse-audit/crates/coder-reach)
   Compiling wgpu-hal v29.0.4
    Checking gpu-descriptor-types v0.2.0
    Checking unicode-segmentation v1.13.3
    Checking presser v0.3.1
    Checking gpu-allocator v0.28.0
    Checking rust-native v0.1.0 (/home/christopherdavid/work/openagents-verse-audit/crates/rust-native)
    Checking gpu-descriptor v0.3.2
    Checking wgpu-naga-bridge v29.0.4
    Checking khronos-egl v6.0.0
    Checking physics v0.1.0 (/home/christopherdavid/work/openagents-verse-audit/crates/physics)
    Checking ordered-float v4.6.0
   Compiling semver v1.0.28
    Checking profiling v1.0.18
    Checking ryu v1.0.23
    Checking glow v0.17.0
    Checking renderdoc-sys v1.1.0
   Compiling rustc_version v0.4.1
   Compiling convert_case v0.10.0
    Checking verse-engine v0.1.0 (/home/christopherdavid/work/openagents-verse-audit/crates/verse-engine)
    Checking font-types v0.12.5
   Compiling wgpu-core v29.0.4
   Compiling thiserror-impl v1.0.69
    Checking web-time v1.1.0
    Checking zune-core v0.5.3
    Checking linux-raw-sys v0.4.15
    Checking pxfm v0.1.30
   Compiling unicode-xid v0.2.6
   Compiling litrs v1.0.0
   Compiling document-features v0.2.12
   Compiling derive_more-impl v2.1.1
    Checking moxcms v0.8.1
    Checking rustix v0.38.44
    Checking zune-jpeg v0.5.15
   Compiling gltf-derive v1.4.1
    Checking verse-world v0.1.0 (/home/christopherdavid/work/openagents-verse-audit/crates/verse-world)
warning: method `additional_characters` is never used
    --> crates/verse-world/src/play.rs:2943:19
     |
 428 | impl Game {
     | --------- method in this implementation
...
2943 |     pub(crate) fn additional_characters(
     |                   ^^^^^^^^^^^^^^^^^^^^^
     |
     = note: `#[warn(dead_code)]` (part of `#[warn(unused)]`) on by default

warning: `verse-world` (lib) generated 1 warning
    Checking thiserror v1.0.69
    Checking read-fonts v0.41.0
    Checking wgpu-core-deps-windows-linux-android v29.0.4
    Checking wayland-protocols v0.32.13
    Checking atif v0.1.0 (/home/christopherdavid/work/openagents-verse-audit/crates/atif)
    Checking tokio-util v0.7.19
   Compiling wgpu v29.0.4
    Checking byteorder-lite v0.1.0
    Checking image v0.25.10
    Checking skrifa v0.44.0
    Checking calloop v0.13.0
    Checking gltf-json v1.4.1
    Checking derive_more v2.1.1
   Compiling x11-dl v2.21.0
   Compiling ahash v0.8.12
    Checking byteorder v1.5.0
    Checking static_assertions v1.1.0
    Checking xkeysym v0.2.1
    Checking xcursor v0.3.11
    Checking zeno v0.3.3
    Checking base64ct v1.8.3
    Checking base64 v0.13.1
    Checking yazi v0.2.1
    Checking lazy_static v1.5.0
    Checking urlencoding v2.1.3
    Checking cursor-icon v1.2.0
    Checking wayland-csd-frame v0.3.0
    Checking gltf v1.4.1
    Checking swash v0.2.10
    Checking pem-rfc7468 v1.0.0
    Checking wayland-cursor v0.31.14
    Checking calloop-wayland-source v0.3.0
    Checking wayland-protocols-wlr v0.3.12
    Checking coder-ui v0.1.0 (/home/christopherdavid/work/openagents-verse-audit/crates/coder-ui)
    Checking gethostname v1.1.0
   Compiling winit v0.30.13
    Checking memmap2 v0.9.11
   Compiling n0-error-macros v1.0.1
   Compiling enumflags2_derive v0.7.12
   Compiling spez v0.1.2
    Checking as-raw-xcb-connection v1.0.1
    Checking x11rb-protocol v0.13.2
    Checking x11rb v0.13.2
    Checking n0-error v1.0.1
    Checking smithay-client-toolkit v0.19.2
    Checking verse-gfx v0.1.0 (/home/christopherdavid/work/openagents-verse-audit/crates/verse-gfx)
    Checking der v0.8.2
    Checking xkbcommon-dl v0.4.2
    Checking wayland-protocols-plasma v0.3.12
   Compiling zvariant_utils v4.2.0
    Checking serde_urlencoded v0.7.1
    Checking event-listener v5.4.2
    Checking inout v0.1.4
   Compiling n0-future v0.3.2
   Compiling pin-project-internal v1.1.13
    Checking diatomic-waker v0.2.3
    Checking cordyceps v0.3.5
    Checking smol_str v0.2.2
    Checking dpi v0.1.2
    Checking spin v0.10.1
    Checking float-cmp v0.9.0
    Checking strict-num v0.1.1
    Checking futures-buffered v0.2.13
    Checking pin-project v1.1.13
    Checking cipher v0.4.4
    Checking event-listener-strategy v0.5.4
    Checking reqwest v0.12.28
   Compiling zvariant_derive v5.15.0
    Checking spki v0.8.0
   Compiling curve25519-dalek v5.0.0
    Checking polycool v0.4.0
    Checking universal-hash v0.5.1
    Checking toml_datetime v0.7.5+spec-1.1.0
    Checking serde_spanned v1.1.1
    Checking opaque-debug v0.3.1
    Checking openssl-probe v0.2.1
    Checking pollster v0.4.0
    Checking toml_writer v1.1.2+spec-1.1.0
   Compiling heck v0.5.0
    Checking winnow v0.7.15
    Checking arrayref v0.3.9
    Checking base16ct v1.0.0
    Checking serdect v0.4.3
    Checking tiny-skia-path v0.12.0
    Checking toml v0.9.12+spec-1.1.0
    Checking verse-pbr v0.1.0 (/home/christopherdavid/work/openagents-verse-audit/crates/verse-pbr)
    Checking rustls-native-certs v0.8.4
    Checking polyval v0.6.2
    Checking kurbo v0.13.1
    Checking pkcs8 v0.11.0
    Checking verse-net v0.1.0 (/home/christopherdavid/work/openagents-verse-audit/crates/verse-net)
   Compiling async-io v2.6.0
   Compiling noq-udp v1.3.0
    Checking signature v3.0.0
   Compiling curve25519-dalek-derive v0.1.1
    Checking tinyvec v1.13.3
    Checking siphasher v1.0.3
    Checking rustc-hash v2.1.3
    Checking svgtypes v0.16.1
   Compiling data-encoding-macro-internal v0.1.19
    Checking ed25519 v3.0.0
    Checking verse-core v0.1.0 (/home/christopherdavid/work/openagents-verse-audit/crates/verse-core)
    Checking ghash v0.5.1
    Checking rustls-platform-verifier v0.7.1
   Compiling rustversion v1.0.23
   Compiling paste v1.0.15
    Checking ctr v0.9.2
    Checking aes v0.8.4
   Compiling enumflags2 v0.7.12
   Compiling zcheapstr v1.1.0
    Checking tempfile v3.27.0
    Checking num-integer v0.1.47
    Checking aead v0.5.2
    Checking block-padding v0.4.2
    Checking roxmltree v0.21.1
    Checking simplecss v0.2.2
    Checking powerfmt v0.2.0
    Checking imagesize v0.15.0
    Checking base64 v0.23.1
    Checking pico-args v0.5.0
    Checking async-task v4.7.1
   Compiling endi v1.1.1
    Checking deranged v0.5.8
    Checking num-conv v0.2.2
    Checking time-core v0.1.9
    Checking data-url v0.3.2
    Checking usvg v0.48.1
    Checking time v0.3.55
   Compiling zvariant v5.15.0
    Checking reqwest v0.13.5
    Checking inout v0.2.2
    Checking aes-gcm v0.10.3
    Checking coder-boundary v0.1.0 (/home/christopherdavid/work/openagents-verse-audit/crates/coder-boundary)
    Checking netlink-packet-core v0.8.2
    Checking ed25519-dalek v3.0.0
    Checking data-encoding-macro v0.1.21
    Checking tiny-skia v0.12.0
   Compiling strum_macros v0.28.0
    Checking async-channel v2.5.0
    Checking rgb v0.8.53
    Checking workbench v0.1.0 (/home/christopherdavid/work/openagents-verse-audit/crates/workbench)
    Checking uuid v1.26.1
   Compiling noq v1.3.0
   Compiling iroh-dns v1.3.0
    Checking lru v0.18.4
    Checking rand_pcg v0.10.2
    Checking simple-dns v0.12.0
   Compiling blake3 v1.8.7
    Checking supervise v0.1.0 (/home/christopherdavid/work/openagents-verse-audit/crates/supervise)
   Compiling enum-assoc v1.4.1
    Checking lru-slab v0.1.3
    Checking sorted-index-buffer v0.2.1
    Checking identity-hash v0.1.0
    Checking netlink-packet-core v0.9.0
    Checking netlink-packet-route v0.33.0
    Checking noq-proto v1.3.0
    Checking n0-dns-resolver v0.1.0
    Checking resvg v0.48.1
    Checking strum v0.28.0
    Checking iroh-base v1.3.0
    Checking async-signal v0.2.14
    Checking cipher v0.5.2
   Compiling zbus_names v4.3.4
    Checking num-bigint v0.4.8
    Checking arc-swap v1.9.2
   Compiling iroh-metrics-derive v1.0.1
    Checking async-lock v3.4.2
    Checking tokio-stream v0.1.19
   Compiling acto v0.8.2
   Compiling num_enum_derive v0.7.6
    Checking piper v0.2.5
    Checking cobs v0.3.0
    Checking netlink-sys v0.8.8
   Compiling netwatch v0.19.3
   Compiling iroh-relay v1.3.0
    Checking netlink-sys v0.9.0
    Checking serde_path_to_error v0.1.20
   Compiling postcard-derive v0.2.2
    Checking simdutf8 v0.1.5
    Checking sha1_smol v1.0.1
    Checking mac-addr v0.3.0
    Checking constant_time_eq v0.4.2
    Checking netdev v0.46.3
    Checking tokio-websockets v0.13.3
    Checking postcard v1.1.3
    Checking verse-content v0.1.0 (/home/christopherdavid/work/openagents-verse-audit/crates/verse-content)
    Checking netlink-proto v0.12.2
    Checking blocking v1.7.0
    Checking num_enum v0.7.6
    Checking async-process v2.5.0
    Checking iroh-metrics v1.0.2
    Checking num-rational v0.4.2
   Compiling zbus_macros v5.19.0
    Checking coder-pty v0.1.0 (/home/christopherdavid/work/openagents-verse-audit/crates/coder-pty)
    Checking netlink-packet-route v0.31.0
    Checking async-executor v1.14.0
    Checking num-iter v0.1.46
    Checking n0-watcher v1.0.0
    Checking async-broadcast v0.7.2
    Checking num-complex v0.4.6
    Checking vte v0.15.0
   Compiling alsa-sys v0.4.0
    Checking hmac v0.13.0
   Compiling iroh v1.3.0
    Checking ordered-stream v0.2.0
   Compiling async-recursion v1.1.1
    Checking serde_bytes v0.11.19
   Compiling async-trait v0.1.92
   Compiling serde_repr v0.1.21
    Checking seize v0.5.1
    Checking hex v0.4.3
    Checking cpubits v0.1.1
    Checking smol_str v0.1.24
    Checking aes v0.9.3
    Checking zbus v5.19.0
    Checking papaya v0.2.5
    Checking hkdf v0.13.0
    Checking coder-vt v0.1.0 (/home/christopherdavid/work/openagents-verse-audit/crates/coder-vt)
    Checking num v0.4.3
    Checking cbc v0.2.1
    Checking hickory-proto v0.26.3
    Checking jev v0.1.0 (/home/christopherdavid/work/openagents-verse-audit/crates/jev)
    Checking backon v1.6.0
    Checking model-access v0.1.0 (/home/christopherdavid/work/openagents-verse-audit/crates/model-access)
    Checking swarm-discovery v0.6.3
    Checking secret-service v5.2.0
    Checking terminal-core v0.1.0 (/home/christopherdavid/work/openagents-verse-audit/crates/terminal-core)
    Checking route-contract v0.1.0 (/home/christopherdavid/work/openagents-verse-audit/crates/route-contract)
    Checking playtest v0.1.0 (/home/christopherdavid/work/openagents-verse-audit/crates/playtest)
    Checking keyring-core v1.0.0
    Checking zbus-secret-service-keyring-store v1.0.1
    Checking openagents-chat v0.1.0 (/home/christopherdavid/work/openagents-verse-audit/crates/openagents-chat)
    Checking alsa v0.11.0
    Checking iroh-mdns-address-lookup v0.5.0
    Checking verse-zone-everglade v0.1.0 (/home/christopherdavid/work/openagents-verse-audit/crates/verse-zone-everglade)
warning: variable does not need to be mutable
   --> crates/verse-zone-everglade/src/zones/everglade/layout/streets.rs:275:9
    |
275 |     let mut try_put =
    |         ----^^^^^^^
    |         |
    |         help: remove this `mut`
    |
    = note: `#[warn(unused_mut)]` (part of `#[warn(unused)]`) on by default

warning: function `triangles` is never used
   --> crates/verse-zone-everglade/src/zones/everglade/draw.rs:103:15
    |
103 | pub(super) fn triangles() -> u64 {
    |               ^^^^^^^^^
    |
    = note: `#[warn(dead_code)]` (part of `#[warn(unused)]`) on by default

warning: function `stream_triangles` is never used
   --> crates/verse-zone-everglade/src/zones/everglade/draw.rs:112:4
    |
112 | fn stream_triangles() -> u64 {
    |    ^^^^^^^^^^^^^^^^

warning: `verse-zone-everglade` (lib) generated 3 warnings (run `cargo fix --lib -p verse-zone-everglade` to apply 1 suggestion)
    Checking gym-leaderboard v0.1.0 (/home/christopherdavid/work/openagents-verse-audit/crates/gym-leaderboard)
    Checking verse-lagrange v0.1.0 (/home/christopherdavid/work/openagents-verse-audit/crates/verse-lagrange)
    Checking gym-bridge v0.1.0 (/home/christopherdavid/work/openagents-verse-audit/crates/gym-bridge)
   Compiling verse-host v0.1.0 (/home/christopherdavid/work/openagents-verse-audit/crates/verse-host)
    Checking dasp_sample v0.11.0
    Checking cpal v0.18.2
    Checking verse-gym v0.1.0 (/home/christopherdavid/work/openagents-verse-audit/crates/verse-gym)
    Checking verse-zone-lagrange v0.1.0 (/home/christopherdavid/work/openagents-verse-audit/crates/verse-zone-lagrange)
    Checking verse-zone-grove v0.1.0 (/home/christopherdavid/work/openagents-verse-audit/crates/verse-zone-grove)
    Checking openagents-connect v0.1.0 (/home/christopherdavid/work/openagents-verse-audit/crates/openagents-connect)
    Checking keyring v4.2.0
    Checking terminal-control v0.1.0 (/home/christopherdavid/work/openagents-verse-audit/crates/terminal-control)
    Checking verse-imported v0.1.0 (/home/christopherdavid/work/openagents-verse-audit/crates/verse-imported)
warning: unused import: `self`
 --> crates/verse-imported/src/imported/remote_window.rs:7:23
  |
7 |     chamber_session::{self, Note, Session, Stopped},
  |                       ^^^^
  |
  = note: `#[warn(unused_imports)]` (part of `#[warn(unused)]`) on by default

warning: unused import: `glam::Vec3`
  --> crates/verse-imported/src/imported/remote_window.rs:11:5
   |
11 | use glam::Vec3;
   |     ^^^^^^^^^^

warning: unused variable: `numbers`
    --> crates/verse-imported/src/imported/overlay.rs:1297:9
     |
1297 |     let numbers = atlas.font("numbers").layout_at_scale(1.0 / s).unwrap();
     |         ^^^^^^^ help: if this is intentional, prefix it with an underscore: `_numbers`
     |
     = note: `#[warn(unused_variables)]` (part of `#[warn(unused)]`) on by default

warning: `verse-imported` (lib) generated 3 warnings (run `cargo fix --lib -p verse-imported` to apply 3 suggestions)
    Checking coder-service v0.1.0 (/home/christopherdavid/work/openagents-verse-audit/crates/coder-service)
    Checking background v0.1.0 (/home/christopherdavid/work/openagents-verse-audit/crates/background)
    Checking yasna v0.6.0
    Checking verse-zone-crypt v0.1.0 (/home/christopherdavid/work/openagents-verse-audit/crates/verse-zone-crypt)
    Checking verse-zone-lab v0.1.0 (/home/christopherdavid/work/openagents-verse-audit/crates/verse-zone-lab)
    Checking coder-link v0.1.0 (/home/christopherdavid/work/openagents-verse-audit/crates/coder-link)
    Checking coder-host v0.1.0 (/home/christopherdavid/work/openagents-verse-audit/crates/coder-host)
    Checking verse v0.1.0 (/home/christopherdavid/work/openagents-verse-audit/crates/verse)
    Checking rcgen v0.14.10
    Finished `dev` profile [unoptimized + debuginfo] target(s) in 3m 11s
