   Compiling proc-macro2 v1.0.107
   Compiling quote v1.0.47
   Compiling syn v3.0.6
   Compiling memchr v2.8.3
   Compiling syn v2.0.119
   Compiling bytemuck_derive v1.12.1
   Compiling synstructure v0.14.0
   Compiling once_cell v1.21.4
   Compiling bytemuck v1.25.2
   Compiling thiserror-impl v2.0.20
   Compiling thiserror v2.0.20
   Compiling zerofrom-derive v0.1.8
   Compiling zerocopy-derive v0.8.57
   Compiling smallvec v1.16.1
   Compiling zerocopy v0.8.57
   Compiling zerofrom v0.1.8
   Compiling yoke-derive v0.8.3
   Compiling yoke v0.8.3
   Compiling tree-sitter-language v0.1.8
   Compiling zerovec-derive v0.11.6
   Compiling serde_derive v1.0.229
   Compiling serde v1.0.229
   Compiling zerovec v0.11.8
   Compiling serde_json v1.0.151
   Compiling displaydoc v0.2.7
   Compiling num-traits v0.2.19
   Compiling tinystr v0.8.4
   Compiling icu_locale_core v2.3.0
   Compiling zerotrie v0.2.5
   Compiling potential_utf v0.1.6
   Compiling icu_collections v2.3.0
   Compiling icu_provider v2.3.1
   Compiling ppv-lite86 v0.2.21
   Compiling rustls v0.23.45
   Compiling rand_chacha v0.9.0
   Compiling libloading v0.8.9
   Compiling tokio-macros v2.7.2
   Compiling tokio v1.53.1
   Compiling icu_normalizer v2.3.0
   Compiling icu_properties v2.3.0
   Compiling rand v0.9.5
   Compiling serde_core v1.0.229
   Compiling futures-macro v0.3.34
   Compiling foldhash v0.2.0
   Compiling allocator-api2 v0.2.21
   Compiling futures-util v0.3.34
   Compiling hashbrown v0.16.1
   Compiling tungstenite v0.30.0
   Compiling png v0.18.1
   Compiling secp256k1 v0.31.1
   Compiling idna_adapter v1.2.2
   Compiling tokio-rustls v0.26.5
   Compiling naga v29.0.4
   Compiling aho-corasick v1.1.5
   Compiling regex-syntax v0.8.11
   Compiling unicode-width v0.2.0
   Compiling bit-vec v0.9.1
   Compiling bit-set v0.9.1
   Compiling codespan-reporting v0.13.1
   Compiling regex-automata v0.4.18
   Compiling nostr v0.1.0 (/home/christopherdavid/work/openagents-verse-audit/crates/nostr)
   Compiling tokio-tungstenite v0.30.0
   Compiling idna v1.1.0
   Compiling tree-sitter v0.27.0
   Compiling half v2.7.1
   Compiling spirv v0.4.0+sdk-1.4.341.0
   Compiling raw-window-handle v0.6.2
   Compiling foldhash v0.1.5
   Compiling scopeguard v1.2.0
   Compiling rustc-hash v1.1.0
   Compiling hexf-parse v0.2.1
   Compiling lock_api v0.4.14
   Compiling hashbrown v0.15.5
   Compiling wgpu-types v29.0.4
   Compiling url v2.5.8
   Compiling parking_lot_core v0.9.12
   Compiling regex v1.13.1
   Compiling ash v0.38.0+1.3.281
   Compiling dlib v0.5.3
   Compiling gpu-descriptor-types v0.2.0
   Compiling streaming-iterator v0.1.9
   Compiling presser v0.3.1
   Compiling gpu-allocator v0.28.0
   Compiling gpu-descriptor v0.3.2
   Compiling wayland-sys v0.31.11
   Compiling parking_lot v0.12.5
   Compiling wgpu-naga-bridge v29.0.4
   Compiling khronos-egl v6.0.0
   Compiling nostr-transport v0.1.0 (/home/christopherdavid/work/openagents-verse-audit/crates/nostr-transport)
   Compiling coder-history v0.1.0 (/home/christopherdavid/work/openagents-verse-audit/crates/coder-history)
   Compiling ordered-float v4.6.0
   Compiling glow v0.17.0
   Compiling profiling v1.0.18
   Compiling renderdoc-sys v1.1.0
   Compiling wgpu-hal v29.0.4
   Compiling coder-connect v0.1.0 (/home/christopherdavid/work/openagents-verse-audit/crates/coder-connect)
   Compiling tree-sitter-html v0.23.2
   Compiling tree-sitter-typescript v0.23.2
   Compiling tree-sitter-javascript v0.25.0
   Compiling tree-sitter-cpp v0.23.4
   Compiling tree-sitter-bash v0.25.1
   Compiling tree-sitter-json v0.24.8
   Compiling tree-sitter-rust v0.24.2
   Compiling tree-sitter-go v0.25.0
   Compiling tree-sitter-css v0.25.0
   Compiling tree-sitter-c v0.24.2
   Compiling tree-sitter-python v0.25.0
   Compiling tree-sitter-highlight v0.27.0
   Compiling font-types v0.12.5
   Compiling unicase v2.9.0
   Compiling verse-engine v0.1.0 (/home/christopherdavid/work/openagents-verse-audit/crates/verse-engine)
   Compiling pulldown-cmark v0.13.4
   Compiling read-fonts v0.41.0
   Compiling code-highlight v0.1.0 (/home/christopherdavid/work/openagents-verse-audit/crates/code-highlight)
   Compiling coder-access v0.1.0 (/home/christopherdavid/work/openagents-verse-audit/crates/coder-access)
   Compiling wgpu-core-deps-windows-linux-android v29.0.4
   Compiling physics v0.1.0 (/home/christopherdavid/work/openagents-verse-audit/crates/physics)
   Compiling coder-reach v0.1.0 (/home/christopherdavid/work/openagents-verse-audit/crates/coder-reach)
   Compiling unicode-segmentation v1.13.3
   Compiling moxcms v0.8.1
   Compiling rust-native v0.1.0 (/home/christopherdavid/work/openagents-verse-audit/crates/rust-native)
   Compiling verse-world v0.1.0 (/home/christopherdavid/work/openagents-verse-audit/crates/verse-world)
warning: method `additional_characters` is never used
    --> crates/verse-world/src/play.rs:2943:19
     |
 428 | impl Game {
     | --------- method in this implementation
...
2943 |     pub(crate) fn additional_characters(
     |                   ^^^^^^^^^^^^^^^^^^^^^
     |
     = note: `#[warn(dead_code)]` (part of `#[warn(unused)]`) on by default

warning: `verse-world` (lib) generated 1 warning
   Compiling gltf-derive v1.4.1
   Compiling wgpu-core v29.0.4
   Compiling skrifa v0.44.0
   Compiling static_assertions v1.1.0
   Compiling yazi v0.2.1
   Compiling zeno v0.3.3
   Compiling swash v0.2.10
   Compiling tiny-skia-path v0.12.0
   Compiling image v0.25.10
   Compiling wgpu v29.0.4
   Compiling kurbo v0.13.1
   Compiling gltf-json v1.4.1
   Compiling coder-ui v0.1.0 (/home/christopherdavid/work/openagents-verse-audit/crates/coder-ui)
   Compiling gltf v1.4.1
   Compiling svgtypes v0.16.1
   Compiling verse-gfx v0.1.0 (/home/christopherdavid/work/openagents-verse-audit/crates/verse-gfx)
   Compiling roxmltree v0.21.1
   Compiling winnow v1.0.4
   Compiling toml_parser v1.1.3+spec-1.1.0
   Compiling usvg v0.48.1
   Compiling tiny-skia v0.12.0
   Compiling rgb v0.8.53
   Compiling serde_spanned v1.1.1
   Compiling toml_datetime v0.7.5+spec-1.1.0
   Compiling pollster v0.4.0
   Compiling winnow v0.7.15
   Compiling toml_writer v1.1.2+spec-1.1.0
   Compiling toml v0.9.12+spec-1.1.0
   Compiling verse-pbr v0.1.0 (/home/christopherdavid/work/openagents-verse-audit/crates/verse-pbr)
   Compiling resvg v0.48.1
   Compiling verse-net v0.1.0 (/home/christopherdavid/work/openagents-verse-audit/crates/verse-net)
   Compiling atif v0.1.0 (/home/christopherdavid/work/openagents-verse-audit/crates/atif)
   Compiling tempfile v3.27.0
   Compiling verse-content v0.1.0 (/home/christopherdavid/work/openagents-verse-audit/crates/verse-content)
   Compiling verse-core v0.1.0 (/home/christopherdavid/work/openagents-verse-audit/crates/verse-core)
   Compiling verse-imported v0.1.0 (/home/christopherdavid/work/openagents-verse-audit/crates/verse-imported)
warning: unused variable: `numbers`
    --> crates/verse-imported/src/imported/overlay.rs:1297:9
     |
1297 |     let numbers = atlas.font("numbers").layout_at_scale(1.0 / s).unwrap();
     |         ^^^^^^^ help: if this is intentional, prefix it with an underscore: `_numbers`
     |
     = note: `#[warn(unused_variables)]` (part of `#[warn(unused)]`) on by default

warning: `verse-imported` (lib test) generated 1 warning (run `cargo fix --lib -p verse-imported --tests` to apply 1 suggestion)
    Finished `test` profile [unoptimized + debuginfo] target(s) in 9m 02s
     Running unittests src/lib.rs (/home/christopherdavid/work/openagents-target-agent1/debug/deps/verse_imported-d3e60c8db9a55768)

running 1 test
test imported::chamber_session::tests::held_movement_reaches_the_authority_without_retiring_control ... ok

test result: ok. 1 passed; 0 failed; 0 ignored; 0 measured; 43 filtered out; finished in 1.20s

