   Compiling verse-engine v0.1.0 (/home/christopherdavid/work/openagents-verse-audit/crates/verse-engine)
   Compiling coder-reach v0.1.0 (/home/christopherdavid/work/openagents-verse-audit/crates/coder-reach)
   Compiling physics v0.1.0 (/home/christopherdavid/work/openagents-verse-audit/crates/physics)
   Compiling verse-world v0.1.0 (/home/christopherdavid/work/openagents-verse-audit/crates/verse-world)
warning: method `additional_characters` is never used
    --> crates/verse-world/src/play.rs:2943:19
     |
 428 | impl Game {
     | --------- method in this implementation
...
2943 |     pub(crate) fn additional_characters(
     |                   ^^^^^^^^^^^^^^^^^^^^^
     |
     = note: `#[warn(dead_code)]` (part of `#[warn(unused)]`) on by default

warning: `verse-world` (lib test) generated 1 warning
    Finished `test` profile [unoptimized + debuginfo] target(s) in 5m 31s
     Running unittests src/lib.rs (/home/christopherdavid/work/openagents-target-agent1/debug/deps/verse_world-2e7f7f58313fdaa2)

running 31 tests
test prediction::local::tests::accepted_jump_is_not_repeated_and_rejected_movement_is_removed ... ok
test prediction::local::tests::applied_confirmation_retires_inputs_without_minting_time_or_reverting_to_old_travel ... ok
test prediction::local::tests::confirmed_exit_cannot_replay_previously_deferred_crowd_time ... ok
test prediction::local::tests::embedded_prediction_waits_for_authority_without_losing_input_or_query_errors ... ok
test prediction::local::tests::grounded_interval_bootstrap_aligns_only_verified_time_and_keeps_the_gap_neutral ... ok
test prediction::local::tests::input_moves_before_binding_and_acknowledgment_then_uses_authoritative_hold ... ok
test prediction::local::tests::movement_policy_preserves_slowing_and_control_routing ... ok
test prediction::local::tests::completed_confirmation_replays_existing_time_without_granting_a_new_interval ... ok
test prediction::local::tests::geometry_refresh_applies_to_future_steps_without_replaying_past_blocked_input ... ok
test prediction::local::tests::outward_projected_crowd_motion_preserves_support_contacts_and_input_time ... ok
test prediction::local::tests::refused_replacement_cancels_its_entire_bounded_local_chain ... ok
test prediction::local::tests::partial_interval_confirmation_replays_only_unconsumed_steps ... ok
test prediction::local::tests::chained_unsent_replacements_preserve_motion_and_retire_with_the_real_ack ... ok
test prediction::local::tests::timing_distinguishes_local_steps_input_binding_and_authoritative_ack ... ok
test prediction::local::tests::confirmed_time_reconciliation_does_not_replay_through_later_crowd_geometry ... ok
test prediction::local::tests::interval_transmission_waits_for_verified_credit_while_prediction_advances ... ok
test prediction::local::tests::verified_credit_recovers_stalled_prediction_in_bounded_batches ... ok
test prediction::local::tests::fresh_interval_input_cannot_replay_processed_travel_against_a_later_crowd_pose ... ok
test prediction::local::tests::overtaken_unacknowledged_hold_keeps_its_age_and_expires ... ok
test prediction::local::tests::overtaken_pending_intervals_preserve_move_jump_stop_and_expire ... ok
test prediction::local::tests::free_current_correction_keeps_historical_wall_contacts_valid ... ok
test prediction::local::tests::distant_blocking_prop_changes_preserve_completed_pending_motion ... ok
test prediction::local::tests::lifecycle_clear_and_bounded_history_never_replay_old_inputs ... ok
test prediction::local::tests::selection_only_changes_preserve_completed_pending_motion ... ok
test prediction::local::tests::delayed_baselines_do_not_extend_the_clock_or_renew_unacknowledged_holds ... ok
test prediction::local::tests::invalid_historical_wall_pose_does_not_discard_a_valid_current_correction ... ok
test prediction::local::tests::motor_history_preserves_fixed_walls_external_motion_and_policy_changes ... ok
test prediction::local::tests::wall_constrained_confirmation_preserves_time_processed_before_later_crowd_geometry ... ok
test prediction::local::tests::paused_clock_movement_samples_preserve_bound_history_jump_and_latest_direction ... ok
test prediction::local::tests::correction_horizon_preserves_submitted_time_until_confirmation ... ok
test prediction::local::tests::pending_geometry_corrects_unacknowledged_travel_and_retires_removed_walls ... ok

test result: ok. 31 passed; 0 failed; 0 ignored; 0 measured; 570 filtered out; finished in 0.01s

