warning: method `additional_characters` is never used
    --> crates/verse-world/src/play.rs:2943:19
     |
 428 | impl Game {
     | --------- method in this implementation
...
2943 |     pub(crate) fn additional_characters(
     |                   ^^^^^^^^^^^^^^^^^^^^^
     |
     = note: `#[warn(dead_code)]` (part of `#[warn(unused)]`) on by default

warning: `verse-world` (lib) generated 1 warning
   Compiling verse-imported v0.1.0 (/home/christopherdavid/work/openagents-verse-audit/crates/verse-imported)
warning: unused variable: `numbers`
    --> crates/verse-imported/src/imported/overlay.rs:1297:9
     |
1297 |     let numbers = atlas.font("numbers").layout_at_scale(1.0 / s).unwrap();
     |         ^^^^^^^ help: if this is intentional, prefix it with an underscore: `_numbers`
     |
     = note: `#[warn(unused_variables)]` (part of `#[warn(unused)]`) on by default

warning: `verse-imported` (lib test) generated 1 warning (run `cargo fix --lib -p verse-imported --tests` to apply 1 suggestion)
    Finished `test` profile [unoptimized + debuginfo] target(s) in 23.86s
     Running unittests src/lib.rs (/home/christopherdavid/work/openagents-target-agent1/debug/deps/verse_imported-d3e60c8db9a55768)

running 7 tests
test imported::chamber_session::tests::bounded_native_input_reports_pressure_and_closed_update_streams ... ok
test imported::chamber_session::tests::a_host_that_goes_away_fails_the_session ... ok
test imported::chamber_session::tests::a_new_session_after_a_stop_takes_the_same_character_back ... ok
test imported::chamber_session::tests::native_prediction_binds_local_input_renders_it_and_retires_acknowledgments ... ok
test imported::chamber_session::tests::a_dead_player_respawns_once_into_a_new_life ... ok
test imported::chamber_session::tests::a_session_plays_the_loopback_chamber_and_stops_cleanly ... ok
test imported::chamber_session::tests::held_movement_reaches_the_authority_without_retiring_control ... ok

test result: ok. 7 passed; 0 failed; 0 ignored; 0 measured; 37 filtered out; finished in 1.21s

