    Blocking waiting for file lock on package cache
    Blocking waiting for file lock on package cache
    Blocking waiting for file lock on package cache
   Compiling unicode-ident v1.0.26
   Compiling proc-macro2 v1.0.107
   Compiling quote v1.0.47
   Compiling syn v3.0.6
   Compiling wasm-bindgen-shared v0.2.128
   Compiling wasm-bindgen-macro-support v0.2.128
   Compiling wasm-bindgen-macro v0.2.128
   Compiling wasm-bindgen v0.2.128
   Compiling syn v2.0.119
   Compiling serde_derive v1.0.229
   Compiling serde v1.0.229
   Compiling bytemuck_derive v1.12.1
   Compiling synstructure v0.14.0
   Compiling bytemuck v1.25.2
   Compiling zerofrom-derive v0.1.8
   Compiling zerocopy-derive v0.8.57
   Compiling zerocopy v0.8.57
   Compiling zerofrom v0.1.8
   Compiling yoke-derive v0.8.3
   Compiling futures-macro v0.3.34
   Compiling futures-util v0.3.34
   Compiling yoke v0.8.3
   Compiling js-sys v0.3.105
   Compiling zerovec-derive v0.11.6
   Compiling zerovec v0.11.8
   Compiling displaydoc v0.2.7
   Compiling tinystr v0.8.4
   Compiling icu_locale_core v2.3.0
   Compiling getrandom v0.3.4
   Compiling zerotrie v0.2.5
   Compiling potential_utf v0.1.6
   Compiling icu_collections v2.3.0
   Compiling icu_provider v2.3.1
   Compiling rand_core v0.9.5
   Compiling web-sys v0.3.105
   Compiling ppv-lite86 v0.2.21
   Compiling rand_chacha v0.9.0
   Compiling icu_normalizer v2.3.0
   Compiling icu_properties v2.3.0
   Compiling rand v0.9.5
   Compiling secp256k1 v0.31.1
   Compiling idna_adapter v1.2.2
   Compiling thiserror-impl v2.0.20
   Compiling nostr v0.1.0 (/home/christopherdavid/work/openagents-verse-audit/crates/nostr)
   Compiling thiserror v2.0.20
   Compiling idna v1.1.0
   Compiling half v2.7.1
   Compiling naga v29.0.4
   Compiling wgpu-types v29.0.4
   Compiling url v2.5.8
   Compiling glow v0.17.0
   Compiling wgpu-naga-bridge v29.0.4
   Compiling coder-history v0.1.0 (/home/christopherdavid/work/openagents-verse-audit/crates/coder-history)
   Compiling wasm-bindgen-futures v0.4.78
   Compiling web-time v1.1.0
   Compiling tokio-macros v2.7.2
   Compiling tokio v1.53.1
   Compiling wgpu-hal v29.0.4
   Compiling gloo-timers v0.3.0
   Compiling physics v0.1.0 (/home/christopherdavid/work/openagents-verse-audit/crates/physics)
   Compiling coder-connect v0.1.0 (/home/christopherdavid/work/openagents-verse-audit/crates/coder-connect)
   Compiling font-types v0.12.5
   Compiling verse-engine v0.1.0 (/home/christopherdavid/work/openagents-verse-audit/crates/verse-engine)
   Compiling read-fonts v0.41.0
   Compiling coder-access v0.1.0 (/home/christopherdavid/work/openagents-verse-audit/crates/coder-access)
   Compiling coder-reach v0.1.0 (/home/christopherdavid/work/openagents-verse-audit/crates/coder-reach)
   Compiling wgpu-core-deps-wasm v29.0.4
   Compiling rust-native v0.1.0 (/home/christopherdavid/work/openagents-verse-audit/crates/rust-native)
   Compiling gltf-derive v1.4.1
   Compiling wgpu-core v29.0.4
   Compiling verse-world v0.1.0 (/home/christopherdavid/work/openagents-verse-audit/crates/verse-world)
warning: method `additional_characters` is never used
    --> crates/verse-world/src/play.rs:2943:19
     |
 428 | impl Game {
     | --------- method in this implementation
...
2943 |     pub(crate) fn additional_characters(
     |                   ^^^^^^^^^^^^^^^^^^^^^
     |
     = note: `#[warn(dead_code)]` (part of `#[warn(unused)]`) on by default

warning: method `movement_confirmations` is never used
  --> crates/verse-world/src/play/framed_movement.rs:49:19
   |
 8 | impl Game {
   | --------- method in this implementation
...
49 |     pub(crate) fn movement_confirmations(&self, life: LifeId) -> Vec<crate::movement::Baseline> {
   |                   ^^^^^^^^^^^^^^^^^^^^^^

warning: multiple fields are never read
   --> crates/verse-world/src/play/multiplayer.rs:134:5
    |
133 | pub(crate) struct PortablePlayer {
    |                   -------------- fields in this struct
134 |     definition: crate::content::Character,
    |     ^^^^^^^^^^
135 |     catalog_remaining: BTreeMap<u8, f32>,
    |     ^^^^^^^^^^^^^^^^^
136 |     dice: Option<crate::spells::Dice>,
    |     ^^^^
137 |     combat: crate::rules::transfer::Portable,
    |     ^^^^^^
138 |     controls: Controls,
    |     ^^^^^^^^
139 |     bow_remaining: f32,
    |     ^^^^^^^^^^^^^
140 |     time: f32,
    |     ^^^^
141 |     yaw: f32,
    |     ^^^
142 |     appearance: verse_engine::director::Actor,
    |     ^^^^^^^^^^
    |
    = note: `PortablePlayer` has a derived impl for the trait `Clone`, but this is intentionally ignored during dead code analysis

warning: methods `take_transfer_player`, `take_resident_player`, and `put_transfer_player` are never used
   --> crates/verse-world/src/play/multiplayer.rs:145:19
    |
144 | impl Game {
    | --------- methods in this implementation
145 |     pub(crate) fn take_transfer_player(&mut self, actor: u64) -> Result<PortablePlayer, String> {
    |                   ^^^^^^^^^^^^^^^^^^^^
...
154 |     pub(crate) fn take_resident_player(&mut self, actor: u64) -> Result<PortablePlayer, String> {
    |                   ^^^^^^^^^^^^^^^^^^^^
...
284 |     pub(crate) fn put_transfer_player(
    |                   ^^^^^^^^^^^^^^^^^^^

warning: methods `account_spawn` and `migrate_content` are never used
    --> crates/verse-world/src/play/multiplayer.rs:426:19
     |
 332 | impl Game {
     | --------- methods in this implementation
...
 426 |     pub(crate) fn account_spawn(&self) -> Result<Vec3, String> {
     |                   ^^^^^^^^^^^^^
...
1405 |     pub(crate) fn migrate_content(
     |                   ^^^^^^^^^^^^^^^

warning: method `live_hostiles` is never used
    --> crates/verse-world/src/rules.rs:1113:19
     |
 225 | impl Simulation {
     | --------------- method in this implementation
...
1113 |     pub(crate) fn live_hostiles(&self) -> usize {
     |                   ^^^^^^^^^^^^^

warning: fields `state` and `elapsed` are never read
 --> crates/verse-world/src/rules/transfer.rs:5:5
  |
4 | pub(crate) struct Portable {
  |                   -------- fields in this struct
5 |     state: PlayerState,
  |     ^^^^^
6 |     elapsed: f32,
  |     ^^^^^^^
  |
  = note: `Portable` has a derived impl for the trait `Clone`, but this is intentionally ignored during dead code analysis

warning: method `defeated` is never used
 --> crates/verse-world/src/rules/transfer.rs:9:19
  |
8 | impl Portable {
  | ------------- method in this implementation
9 |     pub(crate) fn defeated(&self) -> bool {
  |                   ^^^^^^^^

warning: method `put_player` is never used
  --> crates/verse-world/src/rules/transfer.rs:58:19
   |
13 | impl Simulation {
   | --------------- method in this implementation
...
58 |     pub(crate) fn put_player(&mut self, id: u32, mut portable: Portable) -> Result<(), String> {
   |                   ^^^^^^^^^^

warning: methods `fork`, `committed_controls`, `principal`, and `refresh_binding` are never used
   --> crates/verse-world/src/service/auth.rs:139:19
    |
136 | impl Gateway {
    | ------------ methods in this implementation
...
139 |     pub(super) fn fork(&self) -> Self {
    |                   ^^^^
...
251 |     pub(super) fn committed_controls(&self) -> BTreeMap<ConnectionId, super::wire::Control> {
    |                   ^^^^^^^^^^^^^^^^^^
...
550 |     pub(super) fn principal(&self, connection: ConnectionId) -> Result<Principal, String> {
    |                   ^^^^^^^^^
...
554 |     pub(super) fn refresh_binding(&mut self, connection: ConnectionId) -> Result<(), String> {
    |                   ^^^^^^^^^^^^^^^

warning: method `fork` is never used
   --> crates/verse-world/src/service/replication.rs:206:19
    |
205 | impl Sender {
    | ----------- method in this implementation
206 |     pub(super) fn fork(&self) -> Self {
    |                   ^^^^

warning: method `history_roots` is never used
   --> crates/verse-world/src/service/rewards.rs:168:31
    |
167 | impl Checkpoint {
    | --------------- method in this implementation
168 |     pub(in crate::service) fn history_roots(&self) -> Vec<Option<[u8; 32]>> {
    |                               ^^^^^^^^^^^^^

warning: methods `revision`, `history_capacity`, and `attach` are never used
   --> crates/verse-world/src/service/rewards.rs:246:19
    |
216 | impl Ledger {
    | ----------- methods in this implementation
...
246 |     pub(super) fn revision(&self) -> u64 {
    |                   ^^^^^^^^
...
250 |     pub(super) fn history_capacity(&self) -> Result<bool, String> {
    |                   ^^^^^^^^^^^^^^^^
...
256 |     pub(super) fn attach(&mut self, archive: history::History) -> Result<(), String> {
    |                   ^^^^^^

warning: multiple associated items are never used
   --> crates/verse-world/src/service/rewards/history.rs:54:31
    |
 53 | impl History {
    | ------------ associated items in this implementation
 54 |     pub(in crate::service) fn open(path: &Path) -> Result<Self, String> {
    |                               ^^^^
...
 88 |     pub(in crate::service) fn temporary() -> Result<Self, String> {
    |                               ^^^^^^^^^
...
104 |     pub(in crate::service) fn reachable(
    |                               ^^^^^^^^^
...
139 |     pub(in crate::service) fn verify_node(&self, digest: [u8; 32]) -> Result<(), String> {
    |                               ^^^^^^^^^^^
...
142 |     pub(super) fn same_directory(&self, other: &Self) -> bool {
    |                   ^^^^^^^^^^^^^^
...
145 |     pub(in crate::service) fn defer_writes(&self) {
    |                               ^^^^^^^^^^^^
...
148 |     pub(in crate::service) fn has_capacity(&self) -> Result<bool, String> {
    |                               ^^^^^^^^^^^^
...
157 |     pub(in crate::service) fn synchronize(&self) -> Result<(), String> {
    |                               ^^^^^^^^^^^

warning: method `history_roots` is never used
  --> crates/verse-world/src/service/rewards/books.rs:38:31
   |
37 | impl Book {
   | --------- method in this implementation
38 |     pub(in crate::service) fn history_roots(&self) -> [history::Root; 2] {
   |                               ^^^^^^^^^^^^^

warning: methods `realm_character`, `activate_books`, `register_book`, `take_book`, and `put_book` are never used
   --> crates/verse-world/src/service/rewards/books.rs:43:31
    |
 42 | impl Ledger {
    | ----------- methods in this implementation
 43 |     pub(in crate::service) fn realm_character(&self, actor: u64) -> Option<u64> {
    |                               ^^^^^^^^^^^^^^^
...
 46 |     pub(in crate::service) fn activate_books(
    |                               ^^^^^^^^^^^^^^
...
170 |     pub(in crate::service) fn register_book(
    |                               ^^^^^^^^^^^^^
...
193 |     pub(in crate::service) fn take_book(
    |                               ^^^^^^^^^
...
208 |     pub(in crate::service) fn put_book(
    |                               ^^^^^^^^

warning: field `owner` is never read
   --> crates/verse-world/src/service/save.rs:110:16
    |
109 | pub(super) struct Prepared {
    |                   -------- field in this struct
110 |     pub(super) owner: [u8; 32],
    |                ^^^^^

warning: methods `instance` and `expanded` are never used
   --> crates/verse-world/src/service/save.rs:168:19
    |
125 | impl Prepared {
    | ------------- methods in this implementation
...
168 |     pub(super) fn instance(&self) -> u64 {
    |                   ^^^^^^^^
...
182 |     pub(super) fn expanded(&self) -> Result<serde_json::Value, String> {
    |                   ^^^^^^^^

warning: function `count_world_encoding` is never used
   --> crates/verse-world/src/service/save.rs:236:4
    |
236 | fn count_world_encoding(metadata_bytes: usize, world: &str) -> Result<usize, String> {
    |    ^^^^^^^^^^^^^^^^^^^^

warning: method `transfer_cooldowns` is never used
  --> crates/verse-world/src/utilities.rs:58:19
   |
57 | impl Controls {
   | ------------- method in this implementation
58 |     pub(crate) fn transfer_cooldowns(&self, source_time: f32, destination_time: f32) -> Self {
   |                   ^^^^^^^^^^^^^^^^^^

warning: `verse-world` (lib) generated 20 warnings
   Compiling skrifa v0.44.0
   Compiling wgpu v29.0.4
   Compiling swash v0.2.10
   Compiling image v0.25.10
   Compiling gltf-json v1.4.1
   Compiling coder-ui v0.1.0 (/home/christopherdavid/work/openagents-verse-audit/crates/coder-ui)
   Compiling gltf v1.4.1
   Compiling verse-gfx v0.1.0 (/home/christopherdavid/work/openagents-verse-audit/crates/verse-gfx)
   Compiling atif v0.1.0 (/home/christopherdavid/work/openagents-verse-audit/crates/atif)
   Compiling verse-pbr v0.1.0 (/home/christopherdavid/work/openagents-verse-audit/crates/verse-pbr)
   Compiling verse-net v0.1.0 (/home/christopherdavid/work/openagents-verse-audit/crates/verse-net)
   Compiling tiny-skia-path v0.12.0
   Compiling verse-core v0.1.0 (/home/christopherdavid/work/openagents-verse-audit/crates/verse-core)
   Compiling usvg v0.48.1
   Compiling tiny-skia v0.12.0
   Compiling rgb v0.8.53
   Compiling resvg v0.48.1
   Compiling verse-content v0.1.0 (/home/christopherdavid/work/openagents-verse-audit/crates/verse-content)
   Compiling coder-pty v0.1.0 (/home/christopherdavid/work/openagents-verse-audit/crates/coder-pty)
   Compiling coder-vt v0.1.0 (/home/christopherdavid/work/openagents-verse-audit/crates/coder-vt)
   Compiling workbench v0.1.0 (/home/christopherdavid/work/openagents-verse-audit/crates/workbench)
   Compiling terminal-core v0.1.0 (/home/christopherdavid/work/openagents-verse-audit/crates/terminal-core)
warning: variable does not need to be mutable
   --> crates/terminal-core/src/integration.rs:182:9
    |
182 |     let mut builder = std::fs::DirBuilder::new();
    |         ----^^^^^^^
    |         |
    |         help: remove this `mut`
    |
    = note: `#[warn(unused_mut)]` (part of `#[warn(unused)]`) on by default

warning: `terminal-core` (lib) generated 1 warning (run `cargo fix --lib -p terminal-core` to apply 1 suggestion)
   Compiling verse-zone-everglade v0.1.0 (/home/christopherdavid/work/openagents-verse-audit/crates/verse-zone-everglade)
warning: variable does not need to be mutable
   --> crates/verse-zone-everglade/src/zones/everglade/layout/streets.rs:275:9
    |
275 |     let mut try_put =
    |         ----^^^^^^^
    |         |
    |         help: remove this `mut`
    |
    = note: `#[warn(unused_mut)]` (part of `#[warn(unused)]`) on by default

warning: function `triangles` is never used
   --> crates/verse-zone-everglade/src/zones/everglade/draw.rs:103:15
    |
103 | pub(super) fn triangles() -> u64 {
    |               ^^^^^^^^^
    |
    = note: `#[warn(dead_code)]` (part of `#[warn(unused)]`) on by default

warning: function `stream_triangles` is never used
   --> crates/verse-zone-everglade/src/zones/everglade/draw.rs:112:4
    |
112 | fn stream_triangles() -> u64 {
    |    ^^^^^^^^^^^^^^^^

warning: `verse-zone-everglade` (lib) generated 3 warnings (run `cargo fix --lib -p verse-zone-everglade` to apply 1 suggestion)
   Compiling gym-leaderboard v0.1.0 (/home/christopherdavid/work/openagents-verse-audit/crates/gym-leaderboard)
   Compiling verse-lagrange v0.1.0 (/home/christopherdavid/work/openagents-verse-audit/crates/verse-lagrange)
   Compiling verse-zone-lagrange v0.1.0 (/home/christopherdavid/work/openagents-verse-audit/crates/verse-zone-lagrange)
   Compiling verse-gym v0.1.0 (/home/christopherdavid/work/openagents-verse-audit/crates/verse-gym)
   Compiling verse-zone-grove v0.1.0 (/home/christopherdavid/work/openagents-verse-audit/crates/verse-zone-grove)
   Compiling terminal-control v0.1.0 (/home/christopherdavid/work/openagents-verse-audit/crates/terminal-control)
   Compiling verse-imported v0.1.0 (/home/christopherdavid/work/openagents-verse-audit/crates/verse-imported)
warning: unused variable: `numbers`
    --> crates/verse-imported/src/imported/overlay.rs:1297:9
     |
1297 |     let numbers = atlas.font("numbers").layout_at_scale(1.0 / s).unwrap();
     |         ^^^^^^^ help: if this is intentional, prefix it with an underscore: `_numbers`
     |
     = note: `#[warn(unused_variables)]` (part of `#[warn(unused)]`) on by default

warning: `verse-imported` (lib) generated 1 warning (run `cargo fix --lib -p verse-imported` to apply 1 suggestion)
   Compiling verse-zone-crypt v0.1.0 (/home/christopherdavid/work/openagents-verse-audit/crates/verse-zone-crypt)
   Compiling verse-zone-lab v0.1.0 (/home/christopherdavid/work/openagents-verse-audit/crates/verse-zone-lab)
   Compiling verse v0.1.0 (/home/christopherdavid/work/openagents-verse-audit/crates/verse)
warning: variable does not need to be mutable
    --> crates/verse/src/render.rs:1091:13
     |
1091 |         let mut next = Self::new(
     |             ----^^^^
     |             |
     |             help: remove this `mut`
     |
     = note: `#[warn(unused_mut)]` (part of `#[warn(unused)]`) on by default

warning: field `globals_layout` is never read
  --> crates/verse/src/render.rs:74:5
   |
69 | struct Scene {
   |        ----- field in this struct
...
74 |     globals_layout: wgpu::BindGroupLayout,
   |     ^^^^^^^^^^^^^^
   |
   = note: `#[warn(dead_code)]` (part of `#[warn(unused)]`) on by default

warning: `verse` (lib) generated 2 warnings (run `cargo fix --lib -p verse` to apply 1 suggestion)
   Compiling console_error_panic_hook v0.1.7
   Compiling everglade-web v0.1.0 (/home/christopherdavid/work/openagents-verse-audit/crates/everglade-web)
    Finished `dev` profile [unoptimized + debuginfo] target(s) in 2m 55s
