---
source: tui/src/pager_overlay.rs
expression: term.backend()
---
"/ S T A T I C / / / / / / / / / / / / / "
"one                                     "
"two                                     "
"three                                   "
"~                                       "
"~                                       "
"───────────────────────────────── 100% ─"
" ↑/↓ scroll   PgUp/PgDn page   Home/End "
" q quit                                 "
"                                        "
