---
source: tui/src/diff_render.rs
assertion_line: 765
expression: terminal.backend()
---
"• Proposed Change src/lib.rs → src/lib_new.rs (+1 -1)                           "
"    1      line one                                                             "
"    2     -line two                                                             "
"    2     +line two changed                                                     "
"    3      line three                                                           "
"                                                                                "
"                                                                                "
"                                                                                "
"                                                                                "
"                                                                                "
"                                                                                "
"                                                                                "
