warning: method `additional_characters` is never used
    --> crates/verse-world/src/play.rs:2943:19
     |
 428 | impl Game {
     | --------- method in this implementation
...
2943 |     pub(crate) fn additional_characters(
     |                   ^^^^^^^^^^^^^^^^^^^^^
     |
     = note: `#[warn(dead_code)]` (part of `#[warn(unused)]`) on by default

warning: `verse-world` (lib) generated 1 warning
   Compiling verse-content v0.1.0 (/home/christopherdavid/work/openagents-verse-audit/crates/verse-content)
warning: variable does not need to be mutable
   --> crates/verse-content/src/authoring/tests.rs:654:9
    |
654 |     let mut work = Workspace::open(&root.path().join("work")).unwrap();
    |         ----^^^^
    |         |
    |         help: remove this `mut`
    |
    = note: `#[warn(unused_mut)]` (part of `#[warn(unused)]`) on by default

warning: `verse-content` (lib test) generated 1 warning (run `cargo fix --lib -p verse-content --tests` to apply 1 suggestion)
    Finished `test` profile [unoptimized + debuginfo] target(s) in 44.96s
     Running unittests src/lib.rs (/home/christopherdavid/work/openagents-target-agent1/debug/deps/verse_content-d56694e11071ac2c)

running 25 tests
test authoring::tests::authored_geometry_has_world_scale_outward_faces_and_stable_identity ... ok
test compiler::characters::tests::material_coordinates_are_explicit ... ok
test authoring::tests::numeric_keys_survive_tagged_commands_and_noncanonical_keys_are_refused ... ok
test compiler::icons::tests::every_ability_and_spell_slot_has_an_icon ... ok
test compiler::icons::tests::write_icon_sheet ... ignored, writes review evidence; run with VERSE_ICON_SHEET=path
test compiler::icons::tests::every_icon_is_credited ... ok
test compiler::icons::tests::reverse_gravity_is_the_flipped_artwork ... ok
test compiler::great_crypt::tests::a_missing_model_is_named ... ok
test authoring::tests::field_diagnostics_preserve_journal_and_running_generation ... ok
test authoring::tests::symlinks_and_interrupted_builds_are_refused ... ok
test compiler::original::tests::complete_pack_uses_only_generated_files_and_animated_actors ... ok
test authoring::tests::generic_encounter_ids_and_timeline_survive_restart_and_restore ... ok
test compiler::inventory::tests::procedural_inventory_is_complete_and_distributable ... ok
test authoring::tests::quest_references_catalog_tuning_and_collision_use_runtime_contracts ... ok
test authoring::tests::graph_transactions_expose_controls_and_preserve_history_on_refusal ... ok
test authoring::tests::atomic_transactions_persist_undo_redo_and_exclusive_ownership ... ok
test authoring::tests::authored_mips_survive_snapshot_and_new_material_variants_reuse_them ... ok
test compiler::icons::tests::icons_rasterize_deterministically_with_visible_artwork ... ok
test authoring::tests::immutable_build_reuse_and_tamper_refusal_keep_current_generation ... ok
test compiler::great_crypt::tests::the_crypt_models_import_and_place ... ok
test authoring::tests::bounded_history_and_session_errors_leave_the_editor_usable ... ok
test compiler::original::tests::original_timeline_runs_the_full_kit_and_actual_defeat ... ok
test compiler::original::tests::original_presentation_survives_arbitrary_clip_ids ... ok
test compiler::props::tests::static_props_compile_with_provenance_and_admitted_collision ... ok
test compiler::characters::tests::standard_outfits_retarget_and_expose_runtime_states ... ok

test result: ok. 24 passed; 0 failed; 1 ignored; 0 measured; 0 filtered out; finished in 42.18s

     Running tests/author.rs (/home/christopherdavid/work/openagents-target-agent1/debug/deps/author-cc6ef56030ca93fa)

running 1 test
test author_a_second_playable_zone_without_renderer_changes ... ok

test result: ok. 1 passed; 0 failed; 0 ignored; 0 measured; 0 filtered out; finished in 3.00s
