info: syncing channel updates for 1.97.1-x86_64-unknown-linux-gnu
info: latest update on 2026-07-16 for version 1.97.1 (8bab26f4f 2026-07-14)
info: downloading 6 components
 Downloading crates ...
  Downloaded windows-targets v0.53.5
  Downloaded qrcodegen v1.8.0
  Downloaded notify v8.2.0
  Downloaded same-file v1.0.6
  Downloaded webpki-roots v0.26.11
  Downloaded kqueue-sys v1.1.2
  Downloaded winapi-util v0.1.11
  Downloaded inotify-sys v0.1.8
  Downloaded fsevent-sys v4.1.0
  Downloaded futures-sink v0.3.34
  Downloaded sha1 v0.11.0
  Downloaded tokio-tungstenite v0.30.0
  Downloaded walkdir v2.5.0
  Downloaded kqueue v1.2.1
  Downloaded inotify v0.11.5
  Downloaded data-encoding v2.11.1
  Downloaded notify-types v2.1.0
  Downloaded tungstenite v0.30.0
  Downloaded windows_aarch64_gnullvm v0.53.1
  Downloaded windows_x86_64_msvc v0.53.1
  Downloaded windows_x86_64_gnullvm v0.53.1
  Downloaded windows_aarch64_msvc v0.53.1
  Downloaded windows_i686_msvc v0.53.1
  Downloaded windows_i686_gnullvm v0.53.1
  Downloaded windows_x86_64_gnu v0.53.1
  Downloaded windows_i686_gnu v0.53.1
  Downloaded windows-sys v0.60.2
