Filesystem      Size  Used Avail Use% Mounted on
/dev/nvme0n1p2  937G  888G  1.7G 100% /
   Compiling verse-world v0.1.0 (/home/christopherdavid/work/verse-battle-host-agent1/crates/verse-world)
warning: method `additional_characters` is never used
    --> crates/verse-world/src/play.rs:2872:19
     |
 428 | impl Game {
     | --------- method in this implementation
...
2872 |     pub(crate) fn additional_characters(
     |                   ^^^^^^^^^^^^^^^^^^^^^
     |
     = note: `#[warn(dead_code)]` (part of `#[warn(unused)]`) on by default

warning: `verse-world` (lib test) generated 1 warning
    Finished `test` profile [unoptimized] target(s) in 1m 54s

running 27 tests
test service::net::admission::tests::mapped_ipv4_connections_share_the_pending_ip_limit ... ok
test service::net::admission::tests::pending_partitions_and_drop_leave_admitted_capacity ... ok
test service::net::admission::tests::aggregate_projection_limit_preserves_other_principals_commands ... ok
test service::net::admission::tests::reconnect_retires_old_connection_without_refilling_work ... ok
test service::net::session_pipeline::tests::storage_refusal_preserves_the_delivered_control_prefix_at_the_same_tick ... ok
test service::net::tests::frame_budget_rejects_header_before_waiting_for_payload ... ok
test service::net::timing::tests::startup_storage_and_tick_outliers_stay_out_of_steady_percentiles ... ok
test service::net::tests::durable_clock_credit_preserves_the_admission_prefix_and_byte_bounds ... ok
     Running unittests src/lib.rs (/home/christopherdavid/work/openagents-target-verse-battle-agent1/debug/deps/verse_world-5115cbce0f3ef316)
test service::net::tests::durable_travel_confirmation_preserves_body_and_cannot_cross_admission_prefix ... ok
test service::net::operator_tests::client_work_exhaustion_is_visible_without_credentials ... ok
test service::net::tests::tls_and_frame_refusals_leave_the_world_available ... ok
test service::net::tests::checkpoint_credit_preserves_sequence_snapshots_and_other_connections ... ok
test service::net::session_pipeline::tests::blocked_reply_write_keeps_movement_admission_live_and_bounded ... ok
test service::net::session_pipeline::tests::authentication_loss_stops_admission_during_a_blocked_reply_write ... ok
test service::net::session_pipeline::tests::admission_is_bounded_and_replies_wait_for_ordered_durability ... ok
test service::net::tests::durable_host_stops_without_acknowledgment_on_storage_failure ... ok
test service::net::tests::tls_players_and_spectator_share_one_world_and_shutdown_parks_controls ... ok
test service::net::tests::overload_keeps_admitted_commands_live_and_reconnects_share_budgets ... ok
{"schema":"verse.admission.fixture.v1","admitted_commands":40,"snapshot_refusals":24,"stats":{"capacity_refusals":0,"pre_auth_refusals":0,"ip_refusals":40,"handshake_rate_refusals":0,"principal_capacity_refusals":0,"principal_work_refusals":25,"aggregate_work_refusals":0,"projections":16,"commands":40,"pending_peak":8,"active_peak":3,"pending":0,"active":0,"principal_records":2,"completed":11,"handshake_timeouts":0,"handshake_refusals":8,"authentication_timeouts":0,"authentication_refusals":0,"grant_refusals":0,"retired_connections":1,"frame_failures":0,"read_timeouts":0,"write_failures":0,"request_rate_failures":0,"host_failures":0,"transport_closures":2,"cancelled_workers":0}}
test service::net::tests::storage_busy_does_not_extend_the_authentication_deadline ... ok
test service::net::tests::catch_up_ticks_each_leave_their_own_simulation_observation ... ok
test service::net::tests::durable_tls_host_recovers_acknowledged_combat_after_abrupt_restart ... ok
test service::net::tests::slow_writer_fences_replies_and_backpressures_the_bounded_request_queue ... ok
test service::net::tests::movement_entry_storage_backpressure_preserves_exact_request_and_refusal_boundaries ... ok
{"schema":"verse.operations.live.v1","stalled":{"schema":"verse.host.operations.v1","build":{"package_version":"test","source_revision":"scratch-operations","wire_version":29},"instance":120,"content":[8,8,8,8,8,8,8,8,8,8,8,8,8,8,8,8,8,8,8,8,8,8,8,8,8,8,8,8,8,8,8,8],"sampled_unix_ms":1791241630237,"elapsed_ms":2001,"phase":"running","live":true,"ready":false,"reasons":["storage_backpressure","writer_stalled","simulation_over_budget"],"metrics":{"admission":{"capacity_refusals":0,"pre_auth_refusals":0,"ip_refusals":0,"handshake_rate_refusals":0,"principal_capacity_refusals":0,"principal_work_refusals":0,"aggregate_work_refusals":0,"projections":1,"commands":0,"pending_peak":1,"active_peak":1,"pending":1,"active":1,"principal_records":1,"completed":0,"handshake_timeouts":0,"handshake_refusals":0,"authentication_timeouts":0,"authentication_refusals":0,"grant_refusals":0,"retired_connections":0,"frame_failures":0,"read_timeouts":0,"write_failures":0,"request_rate_failures":0,"host_failures":0,"transport_closures":0,"cancelled_workers":0},"ticks":4,"requests":2,"dropped_seconds":0.0,"simulation":{"observations":4,"p95_upper_bound_ms":47.471541,"p99_upper_bound_ms":47.471541,"maximum_ms":47.471541,"total_ms":52.784606000000004},"read_projection":{"observations":0,"p95_upper_bound_ms":null,"p99_upper_bound_ms":nulltest service::net::operator_tests::live_operator_attributes_stalls_and_drains_before_releasing_writer ... ok
,"maximum_ms":0.0,"total_ms":0.0},"storage_commit":{"observations":3,"p95_upper_bound_ms":33.467554,"p99_upper_bound_ms":33.467554,"maximum_ms":33.467554,"total_ms":45.80791099999999},"journal_sync":{"observations":2,"p95_upper_bound_ms":4.749971,"p99_upper_bound_ms":4.749971,"maximum_ms":4.749971,"total_ms":9.451878},"request_queue":0,"request_queue_peak":0,"writer_queue":2,"writer_queue_peak":2,"held_reply_bytes":0,"held_reply_bytes_peak":27198,"storage_refusals":0,"storage_paused_seconds":1.8332226420000004,"durable_commits":3,"durable_revision":3,"pending_commit_age_ms":1897,"actor_count":15,"live_hostiles":13,"motor_recovery_blocks":0,"navigation_refusals":0},"budgets":{"connections":128,"pre_auth_connections":32,"request_queue":128,"writer_copies":2,"held_reply_bytes":33554432,"receipt_staging_bytes":134217728,"client_observations":128,"diagnostic_records":128,"status_bytes":262144},"clients":[{"connection":1,"authenticated":true,"requests":2,"received_payload_bytes":496,"sent_payload_bytes":23694,"idle_ms":1905,"delivered_tick":2,"delivered_tick_lag":2,"last_delivery_ms_ago":1905,"work_refusals":0},{"connection":2,"authenticated":false,"requests":0,"received_payload_bytes":0,"sent_payload_bytes":0,"idle_ms":1905,"delivered_tick":null,"delivered_tick_lag":null,"last_delivery_ms_ago":null,"work_refusals":0}],"records":[{"sequence":1,"elapsed_ms":1,"phase":"running","reasons":[]},{"sequence":2,"elapsed_ms":1001,"phase":"running","reasons":["storage_backpressure","simulation_over_budget"]},{"sequence":3,"elapsed_ms":2001,"phase":"running","reasons":["storage_backpressure","writer_stalled","simulation_over_budget"]}],"omitted_records":0},"final":{"schema":"verse.host.operations.v1","build":{"package_version":"test","source_revision":"scratch-operations","wire_version":29},"instance":120,"content":[8,8,8,8,8,8,8,8,8,8,8,8,8,8,8,8,8,8,8,8,8,8,8,8,8,8,8,8,8,8,8,8],"sampled_unix_ms":1791241630267,"elapsed_ms":2064,"phase":"stopped","live":false,"ready":false,"reasons":["stopped"],"metrics":{"admission":{"capacity_refusals":0,"pre_auth_refusals":0,"ip_refusals":0,"handshake_rate_refusals":0,"principal_capacity_refusals":0,"principal_work_refusals":0,"aggregate_work_refusals":0,"projections":1,"commands":0,"pending_peak":1,"active_peak":1,"pending":0,"active":0,"principal_records":1,"completed":0,"handshake_timeouts":0,"handshake_refusals":0,"authentication_timeouts":0,"authentication_refusals":0,"grant_refusals":0,"retired_connections":0,"frame_failures":0,"read_timeouts":0,"write_failures":0,"request_rate_failures":0,"host_failures":0,"transport_closures":0,"cancelled_workers":2},"ticks":4,"requests":2,"dropped_seconds":0.0,"simulation":{"observations":4,"p95_upper_bound_ms":47.471541,"p99_upper_bound_ms":47.471541,"maximum_ms":47.471541,"total_ms":52.784606000000004},"read_projection":{"observations":0,"p95_upper_bound_ms":null,"p99_upper_bound_ms":null,"maximum_ms":0.0,"total_ms":0.0},"storage_commit":{"observations":6,"p95_upper_bound_ms":1915.303172,"p99_upper_bound_ms":1915.303172,"maximum_ms":1915.303172,"total_ms":1973.09991},"journal_sync":{"observations":5,"p95_upper_bound_ms":4.749971,"p99_upper_bound_ms":4.749971,"maximum_ms":4.749971,"total_ms":23.549068},"request_queue":0,"request_queue_peak":0,"writer_queue":0,"writer_queue_peak":2,"held_reply_bytes":0,"held_reply_bytes_peak":27198,"storage_refusals":0,"storage_paused_seconds":1.8664657610000004,"durable_commits":6,"durable_revision":6,"pending_commit_age_ms":null,"actor_count":15,"live_hostiles":13,"motor_recovery_blocks":0,"navigation_refusals":0},"budgets":{"connections":128,"pre_auth_connections":32,"request_queue":128,"writer_copies":2,"held_reply_bytes":33554432,"receipt_staging_bytes":134217728,"client_observations":128,"diagnostic_records":128,"status_bytes":262144},"clients":[],"records":[{"sequence":1,"elapsed_ms":1,"phase":"running","reasons":[]},{"sequence":2,"elapsed_ms":1001,"phase":"running","reasons":["storage_backpressure","simulation_over_budget"]},{"sequence":3,"elapsed_ms":2001,"phase":"running","reasons":["storage_backpressure","writer_stalled","simulation_over_budget"]},{"sequence":4,"elapsed_ms":2012,"phase":"draining","reasons":["draining"]},{"sequence":5,"elapsed_ms":2064,"phase":"stopped","reasons":["stopped"]}],"omitted_records":0},"drain_recovered_tick":4}
test service::net::tests::durable_two_player_input_cadence_records_checkpoint_cost ... ok
{"schema":"verse.durable.fixture.v2","players":2,"spectators":1,"accepted_movement_commands":180,"wall_seconds":2.99977237,"world_ticks":93,"checkpoint_commits":95,"checkpoint_bytes":1924255,"checkpoint_seconds":0.7031123,"dropped_seconds":0.0,"simulation":{"observations":93,"total_seconds":0.11315047600000001,"maximum_ms":1.747604,"p50_upper_ms":1.747604,"p95_upper_ms":1.747604,"p99_upper_ms":1.747604},"capture":{"observations":95,"total_seconds":0.005395129999999999,"maximum_ms":0.124284,"p50_upper_ms":0.1,"p95_upper_ms":0.1,"p99_upper_ms":0.124284},"commits":{"observations":95,"total_seconds":0.7031123,"maximum_ms":29.134301,"p50_upper_ms":8.0,"p95_upper_ms":29.134301,"p99_upper_ms":29.134301},"writer_queue_peak":1,"storage_refusals":0,"storage_paused_ticks":0,"storage_paused_seconds":0.0}
test service::net::tests::slow_tls_handshake_expires_and_releases_its_pending_slot ... ok
test service::net::resume_tests::queued_intervals_survive_storage_resume_without_expiry ... ok

test result: ok. 27 passed; 0 failed; 0 ignored; 0 measured; 556 filtered out; finished in 10.00s


running 4 tests
warning: method `additional_characters` is never used
    --> crates/verse-world/src/play.rs:2872:19
     |
 428 | impl Game {
     | --------- method in this implementation
...
2872 |     pub(crate) fn additional_characters(
     |                   ^^^^^^^^^^^^^^^^^^^^^
     |
     = note: `#[warn(dead_code)]` (part of `#[warn(unused)]`) on by default

warning: `verse-world` (lib test) generated 1 warning
    Finished `test` profile [unoptimized] target(s) in 0.32s
     Running unittests src/lib.rs (/home/christopherdavid/work/openagents-target-verse-battle-agent1/debug/deps/verse_world-5115cbce0f3ef316)
VERSE_V04_TLS_EVIDENCE {"up_ms":0,"down_ms":0,"durable_stall_ms":300,"bound":82,"accepted":81,"observations":51,"p95_m":0.0,"maximum_m":0.0,"mode_resets":0}
VERSE_PRESSURE_EVIDENCE {"players":1,"background_requests":0}
test service::worker::delayed::durable_writer_stall_preserves_owned_interval_timeline ... ok
test service::worker::delayed::delayed_bootstrap_and_native_interval_stream_use_one_owned_timeline ... ok
VERSE_V04_TLS_EVIDENCE {"up_ms":67,"down_ms":100,"durable_stall_ms":0,"bound":89,"accepted":84,"observations":13,"p95_m":0.0,"maximum_m":0.0,"mode_resets":0}
VERSE_PRESSURE_EVIDENCE {"players":1,"background_requests":0}
VERSE_V04_TLS_EVIDENCE {"up_ms":40,"down_ms":40,"durable_stall_ms":1200,"bound":87,"accepted":85,"observations":20,"p95_m":0.0,"maximum_m":0.0,"mode_resets":0}
VERSE_PRESSURE_EVIDENCE {"players":1,"background_requests":0}
test service::worker::delayed::delayed_route_and_long_writer_stall_preserve_owned_interval_timeline ... ok
VERSE_V04_TLS_EVIDENCE {"up_ms":40,"down_ms":40,"durable_stall_ms":1200,"bound":86,"accepted":84,"observations":15,"p95_m":0.0,"maximum_m":0.0,"mode_resets":0}
VERSE_PRESSURE_EVIDENCE {"players":20,"background_requests":1268}
test service::worker::delayed::shared_player_pressure_and_long_writer_stall_preserve_owned_interval_timeline ... ok

test result: ok. 4 passed; 0 failed; 0 ignored; 0 measured; 579 filtered out; finished in 5.49s

