    Checking verse-world v0.1.0 (/home/christopherdavid/work/openagents-verse-audit/crates/verse-world)
warning: method `additional_characters` is never used
    --> crates/verse-world/src/play.rs:2502:19
     |
 264 | impl Game {
     | --------- method in this implementation
...
2502 |     pub(crate) fn additional_characters(
     |                   ^^^^^^^^^^^^^^^^^^^^^
     |
     = note: `#[warn(dead_code)]` (part of `#[warn(unused)]`) on by default

warning: `verse-world` (lib) generated 1 warning
    Checking verse v0.1.0 (/home/christopherdavid/work/openagents-verse-audit/crates/verse)
warning: unused variable: `numbers`
    --> crates/verse/src/imported/overlay.rs:1270:9
     |
1270 |     let numbers = atlas.font("numbers").layout_at_scale(1.0 / s).unwrap();
     |         ^^^^^^^ help: if this is intentional, prefix it with an underscore: `_numbers`
     |
     = note: `#[warn(unused_variables)]` (part of `#[warn(unused)]`) on by default

warning: associated functions `social_profile` and `move_player` are never used
   --> crates/verse/src/zones/everglade/mod.rs:308:12
    |
 91 | impl Everglade {
    | -------------- associated functions in this implementation
...
308 |     pub fn social_profile(pack: &ZonePack) -> Result<verse_world::social::world::Profile, String> {
    |            ^^^^^^^^^^^^^^
...
319 |     pub fn move_player(
    |            ^^^^^^^^^^^
    |
    = note: `#[warn(dead_code)]` (part of `#[warn(unused)]`) on by default

warning: function `triangles` is never used
  --> crates/verse/src/zones/everglade/draw.rs:92:15
   |
92 | pub(super) fn triangles() -> u64 {
   |               ^^^^^^^^^

warning: `verse` (lib) generated 3 warnings (run `cargo fix --lib -p verse` to apply 1 suggestion)
    Finished `dev` profile [unoptimized + debuginfo] target(s) in 9.19s
