warning: method `additional_characters` is never used
    --> crates/verse-world/src/play.rs:2502:19
     |
 264 | impl Game {
     | --------- method in this implementation
...
2502 |     pub(crate) fn additional_characters(
     |                   ^^^^^^^^^^^^^^^^^^^^^
     |
     = note: `#[warn(dead_code)]` (part of `#[warn(unused)]`) on by default

warning: `verse-world` (lib) generated 1 warning
   Compiling verse v0.1.0 (/home/christopherdavid/work/openagents-verse-audit/crates/verse)
warning: unused variable: `numbers`
    --> crates/verse/src/imported/overlay.rs:1270:9
     |
1270 |     let numbers = atlas.font("numbers").layout_at_scale(1.0 / s).unwrap();
     |         ^^^^^^^ help: if this is intentional, prefix it with an underscore: `_numbers`
     |
     = note: `#[warn(unused_variables)]` (part of `#[warn(unused)]`) on by default

warning: associated functions `social_profile` and `move_player` are never used
   --> crates/verse/src/zones/everglade/mod.rs:225:12
    |
 83 | impl Everglade {
    | -------------- associated functions in this implementation
...
225 |     pub fn social_profile(pack: &ZonePack) -> Result<verse_world::social::world::Profile, String> {
    |            ^^^^^^^^^^^^^^
...
236 |     pub fn move_player(
    |            ^^^^^^^^^^^
    |
    = note: `#[warn(dead_code)]` (part of `#[warn(unused)]`) on by default

warning: function `triangles` is never used
  --> crates/verse/src/zones/everglade/draw.rs:80:15
   |
80 | pub(super) fn triangles() -> u64 {
   |               ^^^^^^^^^

warning: associated function `move_player` is never used
   --> crates/verse/src/zones/everglade/mod.rs:236:12
    |
 83 | impl Everglade {
    | -------------- associated function in this implementation
...
236 |     pub fn move_player(
    |            ^^^^^^^^^^^
    |
    = note: `#[warn(dead_code)]` (part of `#[warn(unused)]`) on by default

warning: `verse` (lib) generated 3 warnings (run `cargo fix --lib -p verse` to apply 1 suggestion)
warning: `verse` (lib test) generated 2 warnings (1 duplicate)
    Finished `test` profile [unoptimized + debuginfo] target(s) in 35.35s
     Running unittests src/lib.rs (/home/christopherdavid/work/openagents-target-agent1/debug/deps/verse-71a9dca49338e764)

running 7 tests
test imported::remote_record::tests::recording_duration_and_output_are_explicitly_bounded ... ok
test imported::remote_record::tests::scripted_movement_turns_and_stops_on_a_local_clock ... ok
test imported::remote_record::tests::all_completed_gpu_samples_are_retained_in_one_render_update ... ok
test imported::remote_record::tests::profile_samples_are_bounded_and_percentiles_preserve_units ... ok
test imported::remote_record::tests::refusal_history_keeps_the_first_cause_and_counts_omissions ... ok
test imported::remote_record::tests::retirement_series_is_separate_and_bounded ... ok
test imported::remote_record::tests::discontinuities_do_not_pollute_reconciliation_and_traces_are_bounded ... ok

test result: ok. 7 passed; 0 failed; 0 ignored; 0 measured; 541 filtered out; finished in 0.00s

     Running tests/gym_hall.rs (/home/christopherdavid/work/openagents-target-agent1/debug/deps/gym_hall-41400ae6565fae83)

running 0 tests

test result: ok. 0 passed; 0 failed; 0 ignored; 0 measured; 2 filtered out; finished in 0.00s

     Running tests/presence.rs (/home/christopherdavid/work/openagents-target-agent1/debug/deps/presence-93939b6307001aa5)

running 0 tests

test result: ok. 0 passed; 0 failed; 0 ignored; 0 measured; 1 filtered out; finished in 0.00s

     Running tests/relay.rs (/home/christopherdavid/work/openagents-target-agent1/debug/deps/relay-2f148982a06fe93f)

running 0 tests

test result: ok. 0 passed; 0 failed; 0 ignored; 0 measured; 3 filtered out; finished in 0.00s

     Running tests/spectator.rs (/home/christopherdavid/work/openagents-target-agent1/debug/deps/spectator-deab3d8e3375ff79)

running 0 tests

test result: ok. 0 passed; 0 failed; 0 ignored; 0 measured; 1 filtered out; finished in 0.00s

