    Checking libc v0.2.189
    Checking cfg-if v1.0.5
    Checking once_cell v1.21.4
    Checking zerofrom v0.1.8
    Checking zerocopy v0.8.57
    Checking stable_deref_trait v1.2.1
    Checking yoke v0.8.3
    Checking typenum v1.20.1
    Checking hybrid-array v0.4.15
    Checking zerovec v0.11.8
    Checking smallvec v1.16.1
    Checking itoa v1.0.18
    Checking log v0.4.34
    Checking thiserror v2.0.20
    Checking serde_core v1.0.229
    Checking block-buffer v0.12.1
    Checking crypto-common v0.2.2
    Checking bitflags v2.13.2
    Checking const-oid v0.10.2
    Checking zeroize v1.9.0
    Checking rustls-pki-types v1.15.1
    Checking digest v0.11.3
    Checking zmij v1.0.23
    Checking tinystr v0.8.4
    Checking errno v0.3.14
    Checking cpufeatures v0.3.1
    Checking memchr v2.8.3
    Checking litemap v0.8.3
    Checking writeable v0.6.4
    Checking icu_locale_core v2.3.0
    Checking serde_json v1.0.151
    Checking serde v1.0.229
    Checking getrandom v0.3.4
    Checking zerotrie v0.2.5
    Checking potential_utf v0.1.6
    Checking getrandom v0.2.17
    Checking rand_core v0.10.1
    Checking bytes v1.12.1
    Checking utf8_iter v1.0.4
    Checking untrusted v0.9.0
    Checking ring v0.17.14
    Checking icu_collections v2.3.0
    Checking icu_provider v2.3.1
    Checking rand_core v0.9.5
    Checking ppv-lite86 v0.2.21
    Checking pin-project-lite v0.2.17
    Checking objc2-encode v4.1.0
    Checking rand_chacha v0.9.0
    Checking bytemuck v1.25.2
    Checking objc2 v0.6.4
    Checking rustls-webpki v0.103.15
    Checking getrandom v0.4.3
    Checking icu_properties_data v2.3.0
    Checking icu_normalizer_data v2.3.0
    Checking signal-hook-registry v1.4.8
    Checking mio v1.2.3
    Checking socket2 v0.6.5
    Checking subtle v2.6.1
    Checking tokio v1.53.1
    Checking rustls v0.23.45
    Checking icu_normalizer v2.3.0
    Checking icu_properties v2.3.0
    Checking secp256k1-sys v0.11.0
    Checking rand v0.9.5
    Checking chacha20 v0.10.2
    Checking sha2 v0.11.0
    Checking rand v0.10.2
    Checking idna_adapter v1.2.2
    Checking secp256k1 v0.31.1
    Checking httparse v1.10.1
    Checking libm v0.2.16
    Checking objc2-core-foundation v0.3.2
    Checking http v1.5.0
    Checking sha1 v0.11.0
    Checking webpki-roots v1.0.9
    Checking futures-task v0.3.34
    Checking ryu-js v1.0.3
    Checking base64 v0.22.1
    Checking futures-sink v0.3.34
    Checking percent-encoding v2.3.2
    Checking data-encoding v2.11.1
    Checking slab v0.4.12
    Checking futures-core v0.3.34
    Checking tungstenite v0.30.0
    Checking futures-util v0.3.34
    Checking form_urlencoded v1.2.2
    Checking nostr v0.1.0 (/Users/christopherdavid/work/openagents-mobile45/crates/nostr)
    Checking webpki-roots v0.26.11
    Checking objc2-foundation v0.3.2
    Checking num-traits v0.2.19
    Checking idna v1.1.0
    Checking tokio-rustls v0.26.5
    Checking block2 v0.6.2
    Checking bit-vec v0.9.1
    Checking unicode-width v0.2.0
    Checking equivalent v1.0.2
    Checking foldhash v0.2.0
    Checking hashbrown v0.17.1
    Checking indexmap v2.14.2
    Checking hashbrown v0.16.1
    Checking codespan-reporting v0.13.1
    Checking bit-set v0.9.1
    Checking objc2-metal v0.3.2
    Checking tokio-tungstenite v0.30.0
    Checking url v2.5.8
    Checking half v2.7.1
    Checking hexf-parse v0.2.1
    Checking arrayvec v0.7.8
    Checking scopeguard v1.2.0
    Checking rustc-hash v1.1.0
    Checking unicode-ident v1.0.26
    Checking raw-window-handle v0.6.2
    Checking objc2-quartz-core v0.3.2
    Checking wgpu-types v29.0.4
    Checking naga v29.0.4
    Checking lock_api v0.4.14
    Checking nostr-transport v0.1.0 (/Users/christopherdavid/work/openagents-mobile45/crates/nostr-transport)
    Checking parking_lot_core v0.9.12
    Checking coder-history v0.1.0 (/Users/christopherdavid/work/openagents-mobile45/crates/coder-history)
    Checking qrcodegen v1.8.0
    Checking coder-connect v0.1.0 (/Users/christopherdavid/work/openagents-mobile45/crates/coder-connect)
    Checking parking_lot v0.12.5
    Checking raw-window-metal v1.1.0
    Checking profiling v1.0.18
    Checking font-types v0.12.5
    Checking read-fonts v0.41.0
    Checking wgpu-naga-bridge v29.0.4
    Checking wgpu-hal v29.0.4
    Checking wgpu-core-deps-apple v29.0.4
    Checking rust-native v0.1.0 (/Users/christopherdavid/work/openagents-mobile45/crates/rust-native)
    Checking supervise v0.1.0 (/Users/christopherdavid/work/openagents-mobile45/crates/supervise)
    Checking coder-pty v0.1.0 (/Users/christopherdavid/work/openagents-mobile45/crates/coder-pty)
    Checking coder-ui v0.1.0 (/Users/christopherdavid/work/openagents-mobile45/crates/coder-ui)
    Checking wgpu-core v29.0.4
    Checking skrifa v0.44.0
    Checking coder-access v0.1.0 (/Users/christopherdavid/work/openagents-mobile45/crates/coder-access)
    Checking coder-reach v0.1.0 (/Users/christopherdavid/work/openagents-mobile45/crates/coder-reach)
    Checking zeno v0.3.3
    Checking yazi v0.2.1
    Checking static_assertions v1.1.0
    Checking coder-link v0.1.0 (/Users/christopherdavid/work/openagents-mobile45/crates/coder-link)
    Checking wgpu v29.0.4
    Checking coder-host v0.1.0 (/Users/christopherdavid/work/openagents-mobile45/crates/coder-host)
    Checking swash v0.2.10
    Checking gym-bridge v0.1.0 (/Users/christopherdavid/work/openagents-mobile45/crates/gym-bridge)
    Checking glam v0.30.10
    Checking pollster v0.4.0
    Checking rustix v1.1.5
    Checking coder-computers v0.1.0 (/Users/christopherdavid/work/openagents-mobile45/crates/coder-computers)
    Checking fastrand v2.5.0
    Checking tempfile v3.27.0
    Checking verse v0.1.0 (/Users/christopherdavid/work/openagents-mobile45/crates/verse)
    Checking coder-mobile v0.1.0 (/Users/christopherdavid/work/openagents-mobile45/crates/coder-mobile)
    Finished `dev` profile [unoptimized] target(s) in 16.45s
