   Compiling coder-connect v0.1.0 (<VERIFICATION_ROOT>/repo/crates/coder-connect)
   Compiling briefing-replay-acceptance v0.0.0 (<VERIFICATION_ROOT>/checks/<RUN_ID>/1/harness)
    Finished `test` profile [unoptimized + debuginfo] target(s) in 1.94s
     Running <CHECKER> (<TARGET>/debug/deps/acceptance-7add8475e1d54870)

running 5 tests
test a_connection_is_not_notified_before_its_first_catalog_read ... ok
test changes_outside_the_disclosed_root_and_ordinary_files_stay_quiet ... ok
test importing_a_populated_day_directory_notifies_and_then_lists_the_chat ... FAILED
test importing_a_populated_directory_tree_notifies_without_child_writes ... FAILED
test starting_a_chat_in_an_existing_directory_still_notifies ... ok

failures:

---- importing_a_populated_day_directory_notifies_and_then_lists_the_chat stdout ----

thread 'importing_a_populated_day_directory_notifies_and_then_lists_the_chat' (143456) panicked at <CHECKER>:121:14:
A newly available chat must promptly notify a catalog reader.: Elapsed(())
note: run with `RUST_BACKTRACE=1` environment variable to display a backtrace

---- importing_a_populated_directory_tree_notifies_without_child_writes stdout ----

thread 'importing_a_populated_directory_tree_notifies_without_child_writes' (143492) panicked at <CHECKER>:121:14:
A newly available chat must promptly notify a catalog reader.: Elapsed(())


failures:
    importing_a_populated_day_directory_notifies_and_then_lists_the_chat
    importing_a_populated_directory_tree_notifies_without_child_writes

test result: FAILED. 3 passed; 2 failed; 0 ignored; 0 measured; 0 filtered out; finished in 8.78s

error: test failed, to rerun pass `--test acceptance`
