   Compiling data_runtime v0.1.0 (/Users/christopherdavid/work/openagents-mobile45/crates/verse-atlantis/vendor/crates/data_runtime)
   Compiling client_core v0.1.0 (/Users/christopherdavid/work/openagents-mobile45/crates/verse-atlantis/vendor/crates/client_core)
   Compiling server_core v0.1.0 (/Users/christopherdavid/work/openagents-mobile45/crates/verse-atlantis/vendor/crates/server_core)
   Compiling verse-atlantis v0.1.0 (/Users/christopherdavid/work/openagents-mobile45/crates/verse-atlantis)
   Compiling verse v0.1.0 (/Users/christopherdavid/work/openagents-mobile45/crates/verse)
   Compiling coder-mobile v0.1.0 (/Users/christopherdavid/work/openagents-mobile45/crates/coder-mobile)
    Finished `test` profile [unoptimized + debuginfo] target(s) in 3.59s
     Running unittests src/lib.rs (/Users/christopherdavid/work/openagents-mobile45-target/debug/deps/coder_mobile-b8e2b6e1b4c44960)

running 69 tests
test computers_live_tests::serve_a_host_for_a_device_run ... ignored, serves a host for a simulator or emulator run; see its documentation
test cache::tests::encrypted_cache_survives_restart_and_refuses_wrong_key_and_swapped_entries ... ok
test tests::the_normal_app_offers_live_computers_and_validates_what_it_is_given ... ok
test render::tests::an_empty_transcript_reports_its_completed_read_instead_of_loading_forever ... ok
test render::tests::an_evicted_transcript_reports_its_missing_cache_instead_of_loading ... ok
test verse_app::tests::a_remote_entity_hides_portal_controls_and_blocks_native_entry ... ok
test render::tests::one_readable_row_per_record_keeps_every_raw_fragment_available ... ok
test verse_app::tests::bad_and_excess_touches_do_not_poison_camera_or_keep_moving ... ok
test verse_app::tests::background_cancels_loading_and_late_ready_cannot_enter_a_zone ... ok
test tests::the_computers_surface_is_separate_from_the_reader ... ok
test render::presentation_tests::transcript_prioritizes_messages_and_keeps_source_details_available ... ok
test tests::invalid_pairing_input_preserves_cached_chats_and_does_not_echo_the_code ... ok
test verse_app::tests::computer_requires_approach_and_releases_held_input ... ok
test verse_app::tests::companion_tap_reacts_once_and_does_not_move_or_jump ... ok
test tests::native_projection_opens_a_cached_chat_and_refuses_stale_actions ... ok
test tests::a_phone_enters_the_owner_key_through_a_masked_request ... ok
test tests::paused_follow_pins_the_visible_page_across_new_pages ... ok
test verse_app::tests::door_item_strip_captures_input_and_refusal_keeps_memory ... ok
test tests::ffi_rejects_unknown_operations_without_executing_anything ... ok
test verse_app::tests::explicit_recenter_restores_default_view_and_requires_fresh_motion ... ok
test verse_app::tests::enabling_motion_preserves_view_and_frames_smooth_the_shortest_turn ... ok
test render::tests::an_evicted_middle_page_reports_the_internal_history_gap ... ok
test verse_app::tests::exposed_monitor_edge_opens_even_when_its_center_is_occluded ... ok
test tests::catalog_is_persisted_in_pages_and_source_gaps_are_visible ... ok
test tests::large_message_is_readable_across_source_pages_without_a_one_kib_cut ... ok
test verse_app::tests::dragging_from_the_monitor_releases_tap_capture_to_world_controls ... ok
test verse_app::tests::fresh_motion_is_admitted_after_a_slow_frame_but_stale_or_future_motion_is_not ... ok
test verse_app::tests::companion_rejects_drag_cancel_pinch_hidden_and_inactive_taps ... ok
test tests::unchanged_catalog_refresh_keeps_all_cached_pages_visible ... ok
test tests::push_is_off_until_configured_and_refuses_cleartext_outside_tests ... ok
test verse_app::tests::gym_fixture_loads_only_after_walking_inside_and_pauses_on_exit ... ok
test verse_app::tests::gym_requires_deliberate_selection_and_retains_the_preview_refusal_after_leaving ... ok
test verse_app::tests::motion_mapping_keeps_heading_and_pitch_independent_of_screen_roll ... ok
test verse_app::tests::held_manual_movement_keeps_priority_over_a_new_map_route ... ok
test verse_app::tests::held_movement_and_right_look_remain_independent ... ok
test verse_app::tests::native_portrait_fixtures_turn_the_body_left_and_right_and_look_up ... ok
test verse_app::tests::door_taps_reject_drag_cancel_pinch_and_hidden_panels ... ok
test verse_app::tests::invalid_relay_cannot_replace_a_previous_choice ... ok
test verse_app::tests::map_taps_walk_and_lifecycle_cancels_without_world_input_leaking ... ok
test verse_app::tests::motion_gaps_and_recenter_discard_pending_interpolation_without_jumping ... ok
test verse_app::tests::blocked_map_destination_is_visible_and_every_landmark_is_reachable ... ok
test verse_app::tests::motion_left_hold_follows_the_smoothed_view_and_right_drag_does_not_look ... ok
test verse_app::tests::motion_lifecycle_resets_pending_targets_and_ignores_inactive_samples ... ok
test verse_app::tests::motion_pitch_is_bounded_and_pole_crossings_keep_yaw_stable ... ok
test connection_tests::first_read_failure_keeps_the_grant_and_error_until_a_read_succeeds ... ok
test verse_app::tests::pinch_scales_camera_distance_and_cancels_pending_input ... ok
test verse_app::tests::render_stalls_do_not_turn_held_touches_into_taps ... ok
test verse_app::tests::world_connection_labels_follow_the_observed_transport_status ... ok
test verse_app::tests::touches_move_shared_player_and_pause_cancels_motion ... ok
test verse_app::tests::door_taps_select_then_walk_and_background_preserves_only_choices ... ok
test verse_app::tests::visible_door_edge_tap_does_not_require_an_unobstructed_accessibility_anchor ... ok
test verse_app::tests::wire_motion_requests_are_closed_and_default_is_touch ... ok
test verse_app::tests::physical_monitor_tap_opens_without_moving_in_both_camera_modes ... ok
test verse_app::tests::zone_cache_setup_is_inert_and_entry_checks_proximity ... ok
test verse_app::tests::right_double_tap_jumps_while_left_movement_is_held ... ok
test verse_ffi::tests::detached_surface_preserves_scene_without_advancing_or_resuming ... ok
test verse_app::tests::remembered_world_relay_is_validated_before_restore ... ok
test verse_app::tests::world_selection_survives_panels_suspension_and_remount_without_preview_networking ... ok
test verse_app::tests::nearby_double_taps_jump_once_in_each_camera_mode_and_touch_region ... ok
test verse_app::tests::physical_gym_board_taps_open_but_drags_and_cancelled_contacts_do_not ... ok
test verse_app::tests::new_installs_default_to_public_plaza_without_opening_a_socket_before_activation ... ok
test verse_app::tests::lifecycle_camera_and_panel_changes_discard_double_taps ... ok
test verse_app::tests::monitor_gestures_reject_drag_cancel_long_hold_and_multiple_fingers ... ok
test verse_app::tests::double_tap_requires_a_close_pair_without_drag_hold_cancel_or_second_finger ... ok
test verse_app::tests::forest_hotbar_cast_keeps_a_held_movement_pointer ... ok
test verse_app::tests::motion_response_is_independent_of_display_and_sensor_rates ... ok
test verse_app::tests::zone_transition_clears_input_and_keeps_plaza_identity_out_of_forest ... ok
test connection_tests::app_redeems_qr_invitation_pages_refreshes_restores_and_erases_revoked_history ... ok
test computers_live_tests::the_app_enrolls_watches_invites_sees_activity_and_is_revoked_against_a_real_host ... ok

test result: ok. 68 passed; 0 failed; 1 ignored; 0 measured; 0 filtered out; finished in 4.89s

     Running unittests src/lib.rs (/Users/christopherdavid/work/openagents-mobile45-target/debug/deps/verse-1936419bf9c8d2fa)

running 186 tests
test agent::tests::a_scanning_agent_does_not_greet ... ok
test agent::tests::the_agent_starts_beside_the_player ... ok
test agent::tests::a_visiting_agent_flies_to_its_goal_and_faces_it ... ok
test agent::tests::a_tap_reaction_survives_a_late_scan_result_or_greeting ... ok
test agent::tests::the_agent_lags_then_catches_up ... ok
test agent::tests::a_short_step_earns_no_look_around ... ok
test agent::tests::a_greeting_faces_the_other_agent_and_bows ... ok
test agent::tests::the_look_around_goes_left_then_right ... ok
test avatar::tests::a_standing_gait_does_not_swing ... ok
test camera::tests::the_camera_starts_behind_and_above ... ok
test camera::tests::the_eye_never_sinks_below_the_ground ... ok
test camera::tests::settle_swings_back_behind ... ok
test camera::tests::pitch_is_clamped ... ok
test camera::tests::zoom_is_bounded ... ok
test camera::tests::upward_view_keeps_its_pitch_when_ground_clearance_lifts_the_eye ... ok
test camera::tests::ordinary_orbit_views_still_point_at_the_player ... ok
test agent::tests::every_emote_starts_and_ends_at_rest ... ok
test agent::tests::tapping_wiggles_once_then_finishes_without_interrupting_following ... ok
test camera::tests::mouselook_takes_the_orbit_angle ... ok
test controller::tests::a_jump_leaves_and_returns_to_the_ground ... ok
test controller::tests::s_backpedals_slower_and_wins_over_w ... ok
test controller::tests::a_turns_without_mouselook_and_strafes_with_it ... ok
test controller::tests::the_world_edge_holds ... ok
test controller::tests::wrap_keeps_angles_in_range ... ok
test controller::tests::w_runs_forward_along_positive_z ... ok
test agent::tests::the_look_around_faces_what_the_scan_found ... ok
test controller::tests::a_footprint_stops_the_character ... ok
test agent::tests::catching_up_after_a_run_earns_a_look_around ... ok
test chat::tests::lines_land_in_their_windows ... ok
test avatar::tests::the_avatar_stands_on_its_feet ... ok
test crowd::tests::my_own_events_are_ignored ... ok
test doors::tests::empty_reuses_memory_and_incompatible_keys_never_overwrite_it ... ok
test chat::tests::shortcuts_pick_the_channel_for_one_line ... ok
test chat::tests::an_unknown_shortcut_is_a_private_message ... ok
test agent::tests::the_ghost_is_one_step_down_the_ladder ... ok
test chat::tests::ads_wait_a_minute_and_all_draws_on_a_budget ... ok
test chat::tests::long_broadcasts_and_shouting_are_refused ... ok
test doors::tests::changing_keys_reselects_and_timers_are_bounded ... ok
test chat::tests::bang_commands_mute_and_unmute ... ok
test feed::tests::visitors_stand_apart_on_the_ring ... ok
test crowd::tests::stale_and_reordered_frames_are_dropped ... ok
test crowd::tests::an_offline_entity_rests_at_its_state ... ok
test crowd::tests::frames_interpolate_in_the_past ... ok
test chat::tests::scope_follows_distance_and_zone ... ok
test crowd::tests::a_publisher_cannot_flood_the_crowd ... ok
test doors::tests::every_catalog_combination_selects_only_its_declared_route ... ok
test agent::tests::the_spade_is_its_size_and_amber ... ok
test feed::tests::relay_names_shorten ... ok
test doors::tests::preferences_round_trip_only_held_items_and_compatible_memories ... ok
test doors::tests::intents_serialize_as_closed_native_requests ... ok
test doors::hud::tests::item_strip_respects_native_controls_and_capture_cancellation ... ok
test hud::gym::tests::missing_measurements_and_unenforced_spend_are_not_free_or_bounded ... ok
test hud::gym::tests::tall_charts_can_scroll_even_when_the_number_of_rows_is_small ... ok
test hud::tests::a_point_ahead_projects_to_the_screen_center ... ok
test feed::tests::notes_are_tidied_for_a_chat_line ... ok
test doors::tests::invalid_preferences_are_rejected_without_partial_import ... ok
test agent::tests::an_idle_agent_plays_every_idle_emote ... ok
test gym::tests::leaving_during_launch_keeps_identity_and_marks_the_outcome_unknown ... ok
test gym::tests::a_real_board_without_fresh_snapshots_goes_stale ... ok
test gym::tests::the_synthetic_preview_refreshes_like_a_host_while_inside ... ok
test gym::tests::starting_requires_a_current_reviewed_recipe_and_explicit_confirmation ... ok
test gym::tests::entry_loads_but_exit_and_background_stop_observation ... ok
test gym::tests::stale_and_changed_recipes_cannot_be_confirmed ... ok
test gym::tests::a_previous_visit_cannot_update_the_new_board ... ok
test mesh::tests::a_cube_has_twelve_edges_and_twelve_triangles ... ok
test mesh::tests::cube_edges_are_unit_length ... ok
test minimap::tests::every_landmark_has_a_separate_footer_target ... ok
test minimap::tests::insets_and_visibility_bound_capture ... ok
test minimap::tests::map_selects_exact_positions_and_cancelled_drags_do_nothing ... ok
test minimap::tests::route_segments_clip_at_every_edge_and_can_cross_the_entire_plot ... ok
test minimap::tests::small_viewports_hide_both_map_sizes_and_refuse_capture ... ok
test gym::tests::unknown_cost_and_metric_denominators_survive_projection ... ok
test gym::tests::confirmation_and_reconciliation_queue_one_identical_logical_request ... ok
test mv::tests::a_tampered_frame_is_refused ... ok
test mv::tests::cells_follow_the_floor ... ok
test identity::tests::a_bad_profile_name_is_refused ... ok
test mv::tests::a_state_round_trips_with_its_address ... ok
test mv::tests::a_gesture_round_trips ... ok
test mv::tests::another_world_is_refused ... ok
test nav::tests::rejects_invalid_blocked_and_sealed_destinations ... ok
test mv::tests::a_frame_round_trips ... ok
test doors::tests::geometry_stays_finite_bounded_and_uses_only_the_product_palette ... ok
test nav::tests::routes_are_deterministic_and_do_not_cut_inflated_corners ... ok
test net::tests::a_req_carries_every_filter ... ok
test crowd::tests::publisher_session_tracking_is_bounded_even_for_unrendered_entities ... ok
test identity::tests::the_key_file_is_private ... ok
test net::tests::relay_messages_parse ... ok
test mv::tests::bad_numbers_are_refused ... ok
test net::tests::relay_parsing_and_queues_are_bounded ... ok
test palette::tests::full_amber_is_the_terminal_amber ... ok
test palette::tests::the_ladder_stays_ordered_in_linear_light ... ok
test identity::tests::a_profile_is_created_once_then_reused ... ok
test render::tests::renderer_options_and_extents_are_bounded_before_gpu_work ... ok
test render::tests::scene_limits_accept_mobile_varyings_without_asking_for_unused_desktop_limits ... ok
test net::tests::cancellation_interrupts_an_unfinished_websocket_handshake ... ok
test replay::tests::a_side_that_starts_late_waits_on_the_plaza ... ok
test replay::tests::a_visit_spans_from_the_previous_event_to_its_own ... ok
test replay::tests::places_are_apart_and_the_ghost_stands_beside_the_agent ... ok
test mv::tests::world_chat_round_trips_with_its_scope ... ok
test net::tests::offline_queue_keeps_ordinary_events_and_replaces_only_replaceable_addresses ... ok
test replay::tests::each_microcoder_event_visits_its_place ... ok
test replay::tests::the_clock_plays_at_1_10_and_60_times ... ok
test replay::tests::the_agents_travel_at_a_bounded_speed_and_arrive ... ok
test mv::tests::gesture_version_duration_and_coordinates_are_checked ... ok
test net::tests::authentication_ack_restores_live_and_unfinished_one_shot_subscriptions ... ok
test runtime::tests::bad_input_and_resume_gaps_cannot_poison_the_simulation ... ok
test runtime::tests::changed_obstacles_stop_navigation_before_the_player_crosses_them ... ok
test runtime::tests::blocked_door_route_is_visible_and_restoration_never_restarts_it ... ok
test runtime::tests::companion_refuses_invalid_projection_input_and_distant_reactions ... ok
test runtime::tests::companion_picking_refuses_foreground_static_player_and_remote_faces ... ok
test render::tests::dynamic_buffers_grow_to_hold_the_full_bounded_crowd ... ok
test render::tests::over_capacity_frames_fail_instead_of_silently_clipping ... ok
test runtime::tests::computer_action_prompt_requires_an_interactive_host ... ok
test runtime::tests::computer_picking_rejects_distance_back_faces_invalid_input_and_occlusion ... ok
test runtime::tests::external_agent_motion_is_not_advanced_as_a_follower ... ok
test runtime::tests::computer_picking_respects_presented_remote_geometry_without_advancing_it ... ok
test runtime::tests::gym_entry_requires_the_real_doorway_and_excludes_walls_and_roof ... ok
test runtime::tests::gym_action_prompt_requires_an_interactive_host_and_tracks_proximity ... ok
test runtime::tests::door_anchors_are_hittable_on_approach_and_reject_front_obstructions ... ok
test runtime::tests::computer_picking_tracks_the_monitor_in_portrait_landscape_and_oblique_views ... ok
test runtime::tests::gym_picking_respects_static_player_and_presented_remote_faces ... ok
test runtime::tests::gym_picking_refuses_back_faces_distance_outside_invalid_input_and_other_zones ... ok
test runtime::tests::manual_movement_jump_and_explicit_cancel_stop_routes ... ok
test runtime::tests::the_computer_is_visible_then_reachable_without_walking_through_it ... ok
test runtime::tests::navigation_walks_around_a_building_without_teleporting_or_entering_it ... ok
test session::tests::a_greeting_is_returned_from_a_little_farther ... ok
test session::tests::both_world_subscriptions_must_be_ready_and_refusals_stay_visible ... ok
test session::tests::greetings_go_to_the_nearest_agent_in_range_once_per_cooldown ... ok
test session::tests::mobile_keepalive_has_room_before_remote_presence_expires ... ok
test runtime::tests::semantic_input_advances_the_same_world_deterministically ... ok
test session::tests::published_poses_name_the_avatar_and_its_agent ... ok
test session::tests::nonblocking_spawn_only_accepts_the_injected_players_signature ... ok
test session::tests::rejected_auth_does_not_become_connected_on_eose ... ok
test session::tests::random_spawns_land_on_the_plaza_and_clear ... ok
test session::tests::profiles_require_signatures_and_room_labels_require_pinned_authority ... ok
test session::tests::socket_open_is_not_authenticated_and_reconnect_resets_pose_identity ... ok
test runtime::tests::companion_picking_uses_the_spade_in_portrait_landscape_and_animated_views ... ok
test session::tests::stopped_link_cannot_echo_a_chat_as_success_and_history_identity_is_bounded ... ok
test hud::tests::long_lines_wrap_within_the_window ... ok
test world::tests::computer_display_stays_inside_the_physical_monitor_and_changes_with_proximity ... ok
test hud::tests::pills_tabs_and_the_bar_are_clickable ... ok
test minimap::tests::compact_map_draws_a_route_to_an_offscreen_destination ... ok
test world::tests::computer_text_reads_left_to_right_from_the_monitors_front ... ok
test world::tests::faces_are_near_black ... ok
test world::tests::gym_display_is_readable_geometry_inside_the_board_with_host_owned_action_cues ... ok
test hud::tests::the_open_board_is_a_clickable_panel ... ok
test hud::tests::a_slash_lists_the_shortcuts ... ok
test runtime::tests::gym_picking_tracks_the_physical_front_in_portrait_landscape_and_oblique_views ... ok
test world::tests::every_color_is_on_the_amber_ladder ... ok
test world::tests::the_city_has_buildings ... ok
test world::tests::gym_hall_and_door_are_clear_and_signage_is_world_geometry ... ok
test world::tests::the_computer_has_one_solid_footprint_and_clear_approach ... ok
test world::tests::the_quest_board_stands_on_the_open_plaza ... ok
test hud::tests::a_replay_shows_top_right_and_its_list_is_a_panel ... ok
test world::tests::the_spawn_is_clear ... ok
test world::tests::the_city_is_the_same_every_launch ... ok
test world::tests::the_replay_landmarks_stand_clear_of_the_city ... ok
test zones::assets::tests::malformed_geometry_and_allocation_bounds_are_refused_before_allocation ... ok
test zones::assets::tests::cache_symlinks_are_refused ... ok
test zones::assets::tests::canceled_generation_discards_late_results_without_overlapping_workers ... ok
test zones::hud::tests::cancelled_or_multitouch_buttons_do_not_activate ... ok
test zones::hud::tests::unchanged_frame_layout_keeps_a_pressed_button ... ok
test ui::tests::logical_layout_preserves_uvs_without_copying_the_bitmap ... ok
test ui::tests::the_font_rasterizes_printable_ascii ... ok
test ui::tests::text_is_monospaced ... ok
test ui::tests::wrapping_breaks_at_spaces_and_splits_long_words ... ok
test zones::runtime::tests::forest_uses_source_strafe_and_terrain_camera_and_stops_defeated_players ... ok
test zones::tests::fog_profiles_are_independent_and_bounded ... ok
test zones::tests::manifest_requires_the_exact_supported_profiles_and_content ... ok
test zones::tests::loading_requires_explicit_nearby_entry_and_cancellation_keeps_the_plaza ... ok
test zones::runtime::tests::return_drops_combat_and_restores_the_plaza_pose ... ok
test zones::runtime::tests::forest_runs_immediately_and_fireball_spends_mana_while_moving ... ok
test nav::tests::seeded_world_gym_is_reachable_through_the_doorway ... ok
test runtime::tests::doors_preview_then_walk_and_reset_cancels_only_their_own_route ... ok
test runtime::tests::navigation_uses_the_seeded_gym_door_and_camera_control_does_not_cancel_it ... ok
test minimap::tests::seeded_world_and_far_route_fit_the_renderer_hud_budget ... ok
test zones::assets::tests::cache_directory_symlink_is_not_followed_by_loader_or_pruner ... ok
test zones::assets::tests::canceled_cache_install_does_not_publish_an_entry ... ok
test nav::tests::every_map_landmark_has_a_clear_route_from_spawn ... ok
test zones::assets::tests::original_models_decode_with_distinct_animated_poses_and_leaf_geometry ... ok
test zones::assets::tests::altered_hash_truncation_and_growth_are_refused ... ok
test runtime::tests::all_door_destinations_remain_reachable_and_gym_ends_outside_the_hall ... ok
test zones::tests::entering_and_returning_replace_only_the_zone_and_preserve_plaza_choices ... ok
test zones::assets::tests::cached_entry_uses_worker_and_duplicate_requests_are_refused ... ok
test zones::assets::tests::pruning_keeps_unknown_files_links_active_temps_and_the_current_pack ... ok
test zones::assets::tests::construction_is_inert_and_cache_install_is_atomic_and_verified ... ok

test result: ok. 186 passed; 0 failed; 0 ignored; 0 measured; 0 filtered out; finished in 1.25s

