   Compiling verse-atlantis v0.1.0 (/Users/christopherdavid/work/openagents-mobile45/crates/verse-atlantis)
   Compiling verse v0.1.0 (/Users/christopherdavid/work/openagents-mobile45/crates/verse)
   Compiling coder-mobile v0.1.0 (/Users/christopherdavid/work/openagents-mobile45/crates/coder-mobile)
    Finished `release` profile [optimized] target(s) in 14.56s
⚙️  Generating plists...
⚙️  Generating project...
⚙️  Writing project...
Created project at /Users/christopherdavid/work/openagents-mobile45/bins/coder-ios/host/Coder.xcodeproj
Command line invocation:
    /Applications/Xcode.app/Contents/Developer/usr/bin/xcodebuild -project /Users/christopherdavid/work/openagents-mobile45/bins/coder-ios/host/Coder.xcodeproj -scheme Coder -configuration Release -destination "generic/platform=iOS Simulator" -derivedDataPath /Users/christopherdavid/work/openagents-mobile45-target/coder-ios-build49-sim/DerivedData CODER_RUST_LIBRARY_DIR=/Users/christopherdavid/work/openagents-mobile45-target/aarch64-apple-ios-sim/release CURRENT_PROJECT_VERSION=49 CODE_SIGN_IDENTITY=- PROVISIONING_PROFILE_SPECIFIER= build

Build settings from command line:
    CODE_SIGN_IDENTITY = -
    CODER_RUST_LIBRARY_DIR = /Users/christopherdavid/work/openagents-mobile45-target/aarch64-apple-ios-sim/release
    CURRENT_PROJECT_VERSION = 49
    PROVISIONING_PROFILE_SPECIFIER = 

note: Using codesigning identity override: -
ComputePackagePrebuildTargetDependencyGraph

Prepare packages

CreateBuildRequest

SendProjectDescription

CreateBuildOperation

ComputeTargetDependencyGraph
note: Building targets in dependency order
note: Target dependency graph (1 target)
    Target 'Coder' in project 'Coder' (no dependencies)

GatherProvisioningInputs

CreateBuildDescription

ClangStatCache /Applications/Xcode.app/Contents/Developer/Toolchains/XcodeDefault.xctoolchain/usr/bin/clang-stat-cache /Applications/Xcode.app/Contents/Developer/Platforms/iPhoneSimulator.platform/Developer/SDKs/iPhoneSimulator26.5.sdk /Users/christopherdavid/work/openagents-mobile45-target/coder-ios-build49-sim/DerivedData/SDKStatCaches.noindex/iphonesimulator26.5-23F81a-688ef53f1462e2c8f657fdc38a81448f6cfe768891a92b912361537c460fe42b.sdkstatcache
    cd /Users/christopherdavid/work/openagents-mobile45/bins/coder-ios/host/Coder.xcodeproj
    /Applications/Xcode.app/Contents/Developer/Toolchains/XcodeDefault.xctoolchain/usr/bin/clang-stat-cache /Applications/Xcode.app/Contents/Developer/Platforms/iPhoneSimulator.platform/Developer/SDKs/iPhoneSimulator26.5.sdk -o /Users/christopherdavid/work/openagents-mobile45-target/coder-ios-build49-sim/DerivedData/SDKStatCaches.noindex/iphonesimulator26.5-23F81a-688ef53f1462e2c8f657fdc38a81448f6cfe768891a92b912361537c460fe42b.sdkstatcache

ProcessProductPackaging "" /Users/christopherdavid/work/openagents-mobile45-target/coder-ios-build49-sim/DerivedData/Build/Intermediates.noindex/Coder.build/Release-iphonesimulator/Coder.build/Coder.app-Simulated.xcent (in target 'Coder' from project 'Coder')
    cd /Users/christopherdavid/work/openagents-mobile45/bins/coder-ios/host
    
    Entitlements:
    
    {
    "application-identifier" = "HQWSG26L43.com.openagents.coder";
}
    
    builtin-productPackagingUtility -entitlements -format xml -o /Users/christopherdavid/work/openagents-mobile45-target/coder-ios-build49-sim/DerivedData/Build/Intermediates.noindex/Coder.build/Release-iphonesimulator/Coder.build/Coder.app-Simulated.xcent

ProcessProductPackagingDER /Users/christopherdavid/work/openagents-mobile45-target/coder-ios-build49-sim/DerivedData/Build/Intermediates.noindex/Coder.build/Release-iphonesimulator/Coder.build/Coder.app-Simulated.xcent /Users/christopherdavid/work/openagents-mobile45-target/coder-ios-build49-sim/DerivedData/Build/Intermediates.noindex/Coder.build/Release-iphonesimulator/Coder.build/Coder.app-Simulated.xcent.der (in target 'Coder' from project 'Coder')
    cd /Users/christopherdavid/work/openagents-mobile45/bins/coder-ios/host
    /usr/bin/derq query -f xml -i /Users/christopherdavid/work/openagents-mobile45-target/coder-ios-build49-sim/DerivedData/Build/Intermediates.noindex/Coder.build/Release-iphonesimulator/Coder.build/Coder.app-Simulated.xcent -o /Users/christopherdavid/work/openagents-mobile45-target/coder-ios-build49-sim/DerivedData/Build/Intermediates.noindex/Coder.build/Release-iphonesimulator/Coder.build/Coder.app-Simulated.xcent.der --raw

CompileAssetCatalogVariant thinned /Users/christopherdavid/work/openagents-mobile45-target/coder-ios-build49-sim/DerivedData/Build/Products/Release-iphonesimulator/Coder.app /Users/christopherdavid/work/openagents-mobile45/bins/coder-ios/host/App/Assets.xcassets (in target 'Coder' from project 'Coder')
    cd /Users/christopherdavid/work/openagents-mobile45/bins/coder-ios/host
    /Applications/Xcode.app/Contents/Developer/usr/bin/actool /Users/christopherdavid/work/openagents-mobile45/bins/coder-ios/host/App/Assets.xcassets --compile /Users/christopherdavid/work/openagents-mobile45-target/coder-ios-build49-sim/DerivedData/Build/Intermediates.noindex/Coder.build/Release-iphonesimulator/Coder.build/assetcatalog_output/thinned --output-format human-readable-text --notices --warnings --export-dependency-info /Users/christopherdavid/work/openagents-mobile45-target/coder-ios-build49-sim/DerivedData/Build/Intermediates.noindex/Coder.build/Release-iphonesimulator/Coder.build/assetcatalog_dependencies_thinned --output-partial-info-plist /Users/christopherdavid/work/openagents-mobile45-target/coder-ios-build49-sim/DerivedData/Build/Intermediates.noindex/Coder.build/Release-iphonesimulator/Coder.build/assetcatalog_generated_info.plist_thinned --app-icon AppIcon --compress-pngs --enable-on-demand-resources YES --development-region en --target-device iphone --minimum-deployment-target 17.0 --platform iphonesimulator
/* com.apple.actool.compilation-results */
/Users/christopherdavid/work/openagents-mobile45-target/coder-ios-build49-sim/DerivedData/Build/Intermediates.noindex/Coder.build/Release-iphonesimulator/Coder.build/assetcatalog_generated_info.plist_thinned
/Users/christopherdavid/work/openagents-mobile45-target/coder-ios-build49-sim/DerivedData/Build/Intermediates.noindex/Coder.build/Release-iphonesimulator/Coder.build/assetcatalog_output/thinned/AppIcon60x60@2x.png
/Users/christopherdavid/work/openagents-mobile45-target/coder-ios-build49-sim/DerivedData/Build/Intermediates.noindex/Coder.build/Release-iphonesimulator/Coder.build/assetcatalog_output/thinned/AppIcon76x76@2x~ipad.png
/Users/christopherdavid/work/openagents-mobile45-target/coder-ios-build49-sim/DerivedData/Build/Intermediates.noindex/Coder.build/Release-iphonesimulator/Coder.build/assetcatalog_output/thinned/Assets.car


Ld /Users/christopherdavid/work/openagents-mobile45-target/coder-ios-build49-sim/DerivedData/Build/Products/Release-iphonesimulator/Coder.app/Coder normal (in target 'Coder' from project 'Coder')
    cd /Users/christopherdavid/work/openagents-mobile45/bins/coder-ios/host
    /Applications/Xcode.app/Contents/Developer/Toolchains/XcodeDefault.xctoolchain/usr/bin/clang -Xlinker -reproducible -target arm64-apple-ios17.0-simulator -isysroot /Applications/Xcode.app/Contents/Developer/Platforms/iPhoneSimulator.platform/Developer/SDKs/iPhoneSimulator26.5.sdk -Os -L/Users/christopherdavid/work/openagents-mobile45-target/coder-ios-build49-sim/DerivedData/Build/Intermediates.noindex/EagerLinkingTBDs/Release-iphonesimulator -L/Users/christopherdavid/work/openagents-mobile45-target/coder-ios-build49-sim/DerivedData/Build/Products/Release-iphonesimulator -L/Users/christopherdavid/work/openagents-mobile45-target/aarch64-apple-ios-sim/release -F/Users/christopherdavid/work/openagents-mobile45-target/coder-ios-build49-sim/DerivedData/Build/Intermediates.noindex/EagerLinkingTBDs/Release-iphonesimulator -F/Users/christopherdavid/work/openagents-mobile45-target/coder-ios-build49-sim/DerivedData/Build/Products/Release-iphonesimulator -filelist /Users/christopherdavid/work/openagents-mobile45-target/coder-ios-build49-sim/DerivedData/Build/Intermediates.noindex/Coder.build/Release-iphonesimulator/Coder.build/Objects-normal/arm64/Coder.LinkFileList -Xlinker -rpath -Xlinker /usr/lib/swift -Xlinker -rpath -Xlinker @executable_path/Frameworks -Xlinker -dead_strip -Xlinker -object_path_lto -Xlinker /Users/christopherdavid/work/openagents-mobile45-target/coder-ios-build49-sim/DerivedData/Build/Intermediates.noindex/Coder.build/Release-iphonesimulator/Coder.build/Objects-normal/arm64/Coder_lto.o -Xlinker -objc_abi_version -Xlinker 2 -Xlinker -dependency_info -Xlinker /Users/christopherdavid/work/openagents-mobile45-target/coder-ios-build49-sim/DerivedData/Build/Intermediates.noindex/Coder.build/Release-iphonesimulator/Coder.build/Objects-normal/arm64/Coder_dependency_info.dat -fobjc-link-runtime -L/Applications/Xcode.app/Contents/Developer/Toolchains/XcodeDefault.xctoolchain/usr/lib/swift/iphonesimulator -L/usr/lib/swift -Xlinker -add_ast_path -Xlinker /Users/christopherdavid/work/openagents-mobile45-target/coder-ios-build49-sim/DerivedData/Build/Intermediates.noindex/Coder.build/Release-iphonesimulator/Coder.build/Objects-normal/arm64/Coder.swiftmodule @/Users/christopherdavid/work/openagents-mobile45-target/coder-ios-build49-sim/DerivedData/Build/Intermediates.noindex/Coder.build/Release-iphonesimulator/Coder.build/Objects-normal/arm64/Coder-linker-args.resp /Users/christopherdavid/work/openagents-mobile45-target/aarch64-apple-ios-sim/release/libcoder_mobile.a -framework Metal -liconv -Xlinker -sectcreate -Xlinker __TEXT -Xlinker __entitlements -Xlinker /Users/christopherdavid/work/openagents-mobile45-target/coder-ios-build49-sim/DerivedData/Build/Intermediates.noindex/Coder.build/Release-iphonesimulator/Coder.build/Coder.app-Simulated.xcent -Xlinker -sectcreate -Xlinker __TEXT -Xlinker __ents_der -Xlinker /Users/christopherdavid/work/openagents-mobile45-target/coder-ios-build49-sim/DerivedData/Build/Intermediates.noindex/Coder.build/Release-iphonesimulator/Coder.build/Coder.app-Simulated.xcent.der -Xlinker -no_adhoc_codesign -o /Users/christopherdavid/work/openagents-mobile45-target/coder-ios-build49-sim/DerivedData/Build/Products/Release-iphonesimulator/Coder.app/Coder

LinkAssetCatalog /Users/christopherdavid/work/openagents-mobile45/bins/coder-ios/host/App/Assets.xcassets (in target 'Coder' from project 'Coder')
    cd /Users/christopherdavid/work/openagents-mobile45/bins/coder-ios/host
    builtin-linkAssetCatalog --thinned /Users/christopherdavid/work/openagents-mobile45-target/coder-ios-build49-sim/DerivedData/Build/Intermediates.noindex/Coder.build/Release-iphonesimulator/Coder.build/assetcatalog_output/thinned --thinned-dependencies /Users/christopherdavid/work/openagents-mobile45-target/coder-ios-build49-sim/DerivedData/Build/Intermediates.noindex/Coder.build/Release-iphonesimulator/Coder.build/assetcatalog_dependencies_thinned --thinned-info-plist-content /Users/christopherdavid/work/openagents-mobile45-target/coder-ios-build49-sim/DerivedData/Build/Intermediates.noindex/Coder.build/Release-iphonesimulator/Coder.build/assetcatalog_generated_info.plist_thinned --unthinned /Users/christopherdavid/work/openagents-mobile45-target/coder-ios-build49-sim/DerivedData/Build/Intermediates.noindex/Coder.build/Release-iphonesimulator/Coder.build/assetcatalog_output/unthinned --unthinned-dependencies /Users/christopherdavid/work/openagents-mobile45-target/coder-ios-build49-sim/DerivedData/Build/Intermediates.noindex/Coder.build/Release-iphonesimulator/Coder.build/assetcatalog_dependencies_unthinned --unthinned-info-plist-content /Users/christopherdavid/work/openagents-mobile45-target/coder-ios-build49-sim/DerivedData/Build/Intermediates.noindex/Coder.build/Release-iphonesimulator/Coder.build/assetcatalog_generated_info.plist_unthinned --output /Users/christopherdavid/work/openagents-mobile45-target/coder-ios-build49-sim/DerivedData/Build/Products/Release-iphonesimulator/Coder.app --plist-output /Users/christopherdavid/work/openagents-mobile45-target/coder-ios-build49-sim/DerivedData/Build/Intermediates.noindex/Coder.build/Release-iphonesimulator/Coder.build/assetcatalog_generated_info.plist
note: Emplaced /Users/christopherdavid/work/openagents-mobile45-target/coder-ios-build49-sim/DerivedData/Build/Products/Release-iphonesimulator/Coder.app/AppIcon76x76@2x~ipad.png (in target 'Coder' from project 'Coder')
note: Emplaced /Users/christopherdavid/work/openagents-mobile45-target/coder-ios-build49-sim/DerivedData/Build/Products/Release-iphonesimulator/Coder.app/Assets.car (in target 'Coder' from project 'Coder')
note: Emplaced /Users/christopherdavid/work/openagents-mobile45-target/coder-ios-build49-sim/DerivedData/Build/Products/Release-iphonesimulator/Coder.app/AppIcon60x60@2x.png (in target 'Coder' from project 'Coder')

ProcessInfoPlistFile /Users/christopherdavid/work/openagents-mobile45-target/coder-ios-build49-sim/DerivedData/Build/Products/Release-iphonesimulator/Coder.app/Info.plist /Users/christopherdavid/work/openagents-mobile45/bins/coder-ios/host/App/Info.plist (in target 'Coder' from project 'Coder')
    cd /Users/christopherdavid/work/openagents-mobile45/bins/coder-ios/host
    builtin-infoPlistUtility /Users/christopherdavid/work/openagents-mobile45/bins/coder-ios/host/App/Info.plist -producttype com.apple.product-type.application -genpkginfo /Users/christopherdavid/work/openagents-mobile45-target/coder-ios-build49-sim/DerivedData/Build/Products/Release-iphonesimulator/Coder.app/PkgInfo -expandbuildsettings -format binary -platform iphonesimulator -additionalcontentfile /Users/christopherdavid/work/openagents-mobile45-target/coder-ios-build49-sim/DerivedData/Build/Intermediates.noindex/Coder.build/Release-iphonesimulator/Coder.build/assetcatalog_generated_info.plist -o /Users/christopherdavid/work/openagents-mobile45-target/coder-ios-build49-sim/DerivedData/Build/Products/Release-iphonesimulator/Coder.app/Info.plist

ExtractAppIntentsMetadata (in target 'Coder' from project 'Coder')
    cd /Users/christopherdavid/work/openagents-mobile45/bins/coder-ios/host
    /Applications/Xcode.app/Contents/Developer/Toolchains/XcodeDefault.xctoolchain/usr/bin/appintentsmetadataprocessor --toolchain-dir /var/run/com.apple.security.cryptexd/mnt/com.apple.MobileAsset.MetalToolchain-v17.6.109.0.VdpV4P/Metal.xctoolchain --module-name Coder --sdk-root /Applications/Xcode.app/Contents/Developer/Platforms/iPhoneSimulator.platform/Developer/SDKs/iPhoneSimulator26.5.sdk --xcode-version 17F113 --platform-family iOS --deployment-target 17.0 --bundle-identifier com.openagents.coder --output /Users/christopherdavid/work/openagents-mobile45-target/coder-ios-build49-sim/DerivedData/Build/Products/Release-iphonesimulator/Coder.app --target-triple arm64-apple-ios17.0-simulator --binary-file /Users/christopherdavid/work/openagents-mobile45-target/coder-ios-build49-sim/DerivedData/Build/Products/Release-iphonesimulator/Coder.app/Coder --dependency-file /Users/christopherdavid/work/openagents-mobile45-target/coder-ios-build49-sim/DerivedData/Build/Intermediates.noindex/Coder.build/Release-iphonesimulator/Coder.build/Objects-normal/arm64/Coder_dependency_info.dat --stringsdata-file /Users/christopherdavid/work/openagents-mobile45-target/coder-ios-build49-sim/DerivedData/Build/Intermediates.noindex/Coder.build/Release-iphonesimulator/Coder.build/Objects-normal/arm64/ExtractedAppShortcutsMetadata.stringsdata --source-file-list /Users/christopherdavid/work/openagents-mobile45-target/coder-ios-build49-sim/DerivedData/Build/Intermediates.noindex/Coder.build/Release-iphonesimulator/Coder.build/Objects-normal/arm64/Coder.SwiftFileList --metadata-file-list /Users/christopherdavid/work/openagents-mobile45-target/coder-ios-build49-sim/DerivedData/Build/Intermediates.noindex/Coder.build/Release-iphonesimulator/Coder.build/Coder.DependencyMetadataFileList --static-metadata-file-list /Users/christopherdavid/work/openagents-mobile45-target/coder-ios-build49-sim/DerivedData/Build/Intermediates.noindex/Coder.build/Release-iphonesimulator/Coder.build/Coder.DependencyStaticMetadataFileList --swift-const-vals-list /Users/christopherdavid/work/openagents-mobile45-target/coder-ios-build49-sim/DerivedData/Build/Intermediates.noindex/Coder.build/Release-iphonesimulator/Coder.build/Objects-normal/arm64/Coder.SwiftConstValuesFileList --compile-time-extraction --deployment-aware-processing --validate-assistant-intents --no-app-shortcuts-localization
2026-09-27 07:52:06.507 appintentsmetadataprocessor[98894:99905507] Starting appintentsmetadataprocessor export
2026-09-27 07:52:06.508 appintentsmetadataprocessor[98894:99905507] warning: Metadata extraction skipped. No AppIntents.framework dependency found.

CopySwiftLibs /Users/christopherdavid/work/openagents-mobile45-target/coder-ios-build49-sim/DerivedData/Build/Products/Release-iphonesimulator/Coder.app (in target 'Coder' from project 'Coder')
    cd /Users/christopherdavid/work/openagents-mobile45/bins/coder-ios/host
    builtin-swiftStdLibTool --copy --verbose --sign - --scan-executable /Users/christopherdavid/work/openagents-mobile45-target/coder-ios-build49-sim/DerivedData/Build/Products/Release-iphonesimulator/Coder.app/Coder --scan-folder /Users/christopherdavid/work/openagents-mobile45-target/coder-ios-build49-sim/DerivedData/Build/Products/Release-iphonesimulator/Coder.app/Frameworks --scan-folder /Users/christopherdavid/work/openagents-mobile45-target/coder-ios-build49-sim/DerivedData/Build/Products/Release-iphonesimulator/Coder.app/PlugIns --scan-folder /Users/christopherdavid/work/openagents-mobile45-target/coder-ios-build49-sim/DerivedData/Build/Products/Release-iphonesimulator/Coder.app/SystemExtensions --scan-folder /Users/christopherdavid/work/openagents-mobile45-target/coder-ios-build49-sim/DerivedData/Build/Products/Release-iphonesimulator/Coder.app/Extensions --platform iphonesimulator --toolchain /var/run/com.apple.security.cryptexd/mnt/com.apple.MobileAsset.MetalToolchain-v17.6.109.0.VdpV4P/Metal.xctoolchain --toolchain /Applications/Xcode.app/Contents/Developer/Toolchains/XcodeDefault.xctoolchain --destination /Users/christopherdavid/work/openagents-mobile45-target/coder-ios-build49-sim/DerivedData/Build/Products/Release-iphonesimulator/Coder.app/Frameworks --strip-bitcode --strip-bitcode-tool /Applications/Xcode.app/Contents/Developer/Toolchains/XcodeDefault.xctoolchain/usr/bin/bitcode_strip --emit-dependency-info /Users/christopherdavid/work/openagents-mobile45-target/coder-ios-build49-sim/DerivedData/Build/Intermediates.noindex/Coder.build/Release-iphonesimulator/Coder.build/SwiftStdLibToolInputDependencies.dep --filter-for-swift-os --back-deploy-swift-span

GenerateDSYMFile /Users/christopherdavid/work/openagents-mobile45-target/coder-ios-build49-sim/DerivedData/Build/Products/Release-iphonesimulator/Coder.app.dSYM /Users/christopherdavid/work/openagents-mobile45-target/coder-ios-build49-sim/DerivedData/Build/Products/Release-iphonesimulator/Coder.app/Coder (in target 'Coder' from project 'Coder')
    cd /Users/christopherdavid/work/openagents-mobile45/bins/coder-ios/host
    /Applications/Xcode.app/Contents/Developer/Toolchains/XcodeDefault.xctoolchain/usr/bin/dsymutil /Users/christopherdavid/work/openagents-mobile45-target/coder-ios-build49-sim/DerivedData/Build/Products/Release-iphonesimulator/Coder.app/Coder -o /Users/christopherdavid/work/openagents-mobile45-target/coder-ios-build49-sim/DerivedData/Build/Products/Release-iphonesimulator/Coder.app.dSYM

CodeSign /Users/christopherdavid/work/openagents-mobile45-target/coder-ios-build49-sim/DerivedData/Build/Products/Release-iphonesimulator/Coder.app (in target 'Coder' from project 'Coder')
    cd /Users/christopherdavid/work/openagents-mobile45/bins/coder-ios/host
    
    Signing Identity:     "Sign to Run Locally"
    
    /usr/bin/codesign --force --sign - --timestamp\=none --generate-entitlement-der /Users/christopherdavid/work/openagents-mobile45-target/coder-ios-build49-sim/DerivedData/Build/Products/Release-iphonesimulator/Coder.app

Validate /Users/christopherdavid/work/openagents-mobile45-target/coder-ios-build49-sim/DerivedData/Build/Products/Release-iphonesimulator/Coder.app (in target 'Coder' from project 'Coder')
    cd /Users/christopherdavid/work/openagents-mobile45/bins/coder-ios/host
    builtin-validationUtility /Users/christopherdavid/work/openagents-mobile45-target/coder-ios-build49-sim/DerivedData/Build/Products/Release-iphonesimulator/Coder.app -shallow-bundle -infoplist-subpath Info.plist

** BUILD SUCCEEDED **

{
  "schema": "coder.ios.bundle-verification.v1",
  "bundle_id": "com.openagents.coder",
  "version": "0.5.0",
  "build": "49",
  "status": "passed",
  "images": [
    {
      "path": "Coder",
      "dependencies": [
        "/System/Library/Frameworks/Metal.framework/Metal",
        "/usr/lib/libiconv.2.dylib",
        "/System/Library/Frameworks/Foundation.framework/Foundation",
        "/usr/lib/libobjc.A.dylib",
        "/usr/lib/libSystem.B.dylib",
        "/System/Library/Frameworks/AVFoundation.framework/AVFoundation",
        "/System/Library/Frameworks/Charts.framework/Charts",
        "/System/Library/Frameworks/Combine.framework/Combine",
        "/System/Library/Frameworks/CoreFoundation.framework/CoreFoundation",
        "/System/Library/Frameworks/CoreGraphics.framework/CoreGraphics",
        "/System/Library/Frameworks/CoreMotion.framework/CoreMotion",
        "/System/Library/Frameworks/QuartzCore.framework/QuartzCore",
        "/System/Library/Frameworks/Security.framework/Security",
        "/System/Library/Frameworks/SwiftUI.framework/SwiftUI",
        "/System/Library/Frameworks/UIKit.framework/UIKit",
        "/System/Library/Frameworks/UserNotifications.framework/UserNotifications",
        "/usr/lib/swift/libswiftAVFoundation.dylib",
        "/usr/lib/swift/libswiftAccelerate.dylib",
        "/usr/lib/swift/libswiftCore.dylib",
        "/usr/lib/swift/libswiftCoreAudio.dylib",
        "/usr/lib/swift/libswiftCoreFoundation.dylib",
        "/usr/lib/swift/libswiftCoreImage.dylib",
        "/usr/lib/swift/libswiftCoreLocation.dylib",
        "/usr/lib/swift/libswiftCoreMIDI.dylib",
        "/usr/lib/swift/libswiftCoreMedia.dylib",
        "/usr/lib/swift/libswiftDarwin.dylib",
        "/usr/lib/swift/libswiftDispatch.dylib",
        "/usr/lib/swift/libswiftMetal.dylib",
        "/usr/lib/swift/libswiftOSLog.dylib",
        "/usr/lib/swift/libswiftObjectiveC.dylib",
        "/usr/lib/swift/libswiftQuartzCore.dylib",
        "/usr/lib/swift/libswiftSpatial.dylib",
        "/usr/lib/swift/libswiftUniformTypeIdentifiers.dylib",
        "/usr/lib/swift/libswiftXPC.dylib",
        "/usr/lib/swift/libswift_Concurrency.dylib",
        "/usr/lib/swift/libswiftos.dylib",
        "/usr/lib/swift/libswiftsimd.dylib"
      ]
    }
  ]
}
Built /Users/christopherdavid/work/openagents-mobile45-target/coder-ios-build49-sim/DerivedData/Build/Products/Release-iphonesimulator/Coder.app
