 Downloading crates ...
  Downloaded bitflags v2.13.2
  Downloaded errno v0.3.14
  Downloaded fastrand v2.5.0
  Downloaded getrandom v0.4.3
  Downloaded once_cell v1.21.4
  Downloaded tempfile v3.27.0
  Downloaded rustix v1.1.5
  Downloaded libc v0.2.189
  Downloaded linux-raw-sys v0.12.1
   Compiling libc v0.2.189
   Compiling getrandom v0.4.3
   Compiling rustix v1.1.5
   Compiling linux-raw-sys v0.12.1
   Compiling bitflags v2.13.2
   Compiling fastrand v2.5.0
   Compiling once_cell v1.21.4
   Compiling background v0.1.0 (/tmp/replay-10166-check/repo/crates/background)
   Compiling tempfile v3.27.0
    Finished `test` profile [unoptimized + debuginfo] target(s) in 5.42s
     Running unittests src/lib.rs (/home/user/work/openagents-target-agent3/debug/deps/background-5b301c85314de4c1)

running 21 tests
test inuse::tests::a_held_lock_is_reported_and_a_free_one_is_taken ... ok
test rule::tests::the_built_in_rule_is_valid_and_digested ... ok
test rule::tests::thresholds_on_small_and_large_volumes ... ok
test paths::tests::deny_wins_and_symlinks_are_refused ... ok
test paths::tests::measure_counts_blocks_and_never_follows_links ... ok
test store::tests::a_saved_rule_gets_a_new_version ... ok
test tests::cooldown_waits_and_an_emergency_does_not ... ok
test tests::ended_tasks_targets_go_and_running_tasks_targets_stay ... ok
test tests::symlinks_are_not_followed_and_other_volumes_are_refused ... ok
test inuse::tests::a_child_with_an_open_file_shows_in_the_snapshot ... ok
test tests::a_held_slot_lock_or_cargo_lock_keeps_a_directory ... ok
test tests::the_dry_run_is_the_executed_plan_and_records_match_deletions ... ok
test view::tests::dates ... ok
test volume::tests::statvfs_reads_a_plausible_volume ... ok
test tests::the_trash_empties_only_in_an_emergency ... ok
test tests::classes_run_in_order_oldest_first_until_the_goal ... ok
test tests::a_checkout_target_needs_cachedir_tag_and_git_ignore ... ok
test tests::a_process_with_an_open_file_inside_keeps_it ... ok
test tests::the_deny_list_beats_every_class ... ok
test tests::unsaved_worktrees_stay_and_a_clean_pushed_one_goes_and_comes_back ... ok
test store::tests::the_log_rotates_and_reads_back_in_order ... ok

test result: ok. 21 passed; 0 failed; 0 ignored; 0 measured; 0 filtered out; finished in 5.41s

   Doc-tests background

running 0 tests

test result: ok. 0 passed; 0 failed; 0 ignored; 0 measured; 0 filtered out; finished in 0.00s

