    Blocking waiting for file lock on build directory
   Compiling verse-world v0.1.0 (/home/christopherdavid/work/openagents-verse-audit/crates/verse-world)
warning: method `additional_characters` is never used
    --> crates/verse-world/src/play.rs:2844:19
     |
 428 | impl Game {
     | --------- method in this implementation
...
2844 |     pub(crate) fn additional_characters(
     |                   ^^^^^^^^^^^^^^^^^^^^^
     |
     = note: `#[warn(dead_code)]` (part of `#[warn(unused)]`) on by default

warning: multiple fields are never read
   --> crates/verse-world/src/play/multiplayer.rs:134:5
    |
133 | pub(crate) struct PortablePlayer {
    |                   -------------- fields in this struct
134 |     definition: crate::content::Character,
    |     ^^^^^^^^^^
135 |     catalog_remaining: BTreeMap<u8, f32>,
    |     ^^^^^^^^^^^^^^^^^
136 |     dice: Option<crate::spells::Dice>,
    |     ^^^^
137 |     combat: crate::rules::transfer::Portable,
    |     ^^^^^^
138 |     controls: Controls,
    |     ^^^^^^^^
139 |     bow_remaining: f32,
    |     ^^^^^^^^^^^^^
140 |     time: f32,
    |     ^^^^
141 |     yaw: f32,
    |     ^^^
142 |     appearance: verse_engine::director::Actor,
    |     ^^^^^^^^^^
    |
    = note: `PortablePlayer` has a derived impl for the trait `Clone`, but this is intentionally ignored during dead code analysis

warning: methods `take_transfer_player`, `take_resident_player`, and `put_transfer_player` are never used
   --> crates/verse-world/src/play/multiplayer.rs:145:19
    |
144 | impl Game {
    | --------- methods in this implementation
145 |     pub(crate) fn take_transfer_player(&mut self, actor: u64) -> Result<PortablePlayer, String> {
    |                   ^^^^^^^^^^^^^^^^^^^^
...
154 |     pub(crate) fn take_resident_player(&mut self, actor: u64) -> Result<PortablePlayer, String> {
    |                   ^^^^^^^^^^^^^^^^^^^^
...
284 |     pub(crate) fn put_transfer_player(
    |                   ^^^^^^^^^^^^^^^^^^^

warning: methods `account_spawn` and `migrate_content` are never used
    --> crates/verse-world/src/play/multiplayer.rs:426:19
     |
 332 | impl Game {
     | --------- methods in this implementation
...
 426 |     pub(crate) fn account_spawn(&self) -> Result<Vec3, String> {
     |                   ^^^^^^^^^^^^^
...
1396 |     pub(crate) fn migrate_content(
     |                   ^^^^^^^^^^^^^^^

warning: fields `state` and `elapsed` are never read
 --> crates/verse-world/src/rules/transfer.rs:5:5
  |
4 | pub(crate) struct Portable {
  |                   -------- fields in this struct
5 |     state: PlayerState,
  |     ^^^^^
6 |     elapsed: f32,
  |     ^^^^^^^
  |
  = note: `Portable` has a derived impl for the trait `Clone`, but this is intentionally ignored during dead code analysis

warning: method `defeated` is never used
 --> crates/verse-world/src/rules/transfer.rs:9:19
  |
8 | impl Portable {
  | ------------- method in this implementation
9 |     pub(crate) fn defeated(&self) -> bool {
  |                   ^^^^^^^^

warning: method `put_player` is never used
  --> crates/verse-world/src/rules/transfer.rs:58:19
   |
13 | impl Simulation {
   | --------------- method in this implementation
...
58 |     pub(crate) fn put_player(&mut self, id: u32, mut portable: Portable) -> Result<(), String> {
   |                   ^^^^^^^^^^

warning: methods `restore_reward`, `validate_givers`, `quest_log`, and `configure_rewards` are never used
   --> crates/verse-world/src/service.rs:148:8
    |
 98 | impl Chamber {
    | ------------ methods in this implementation
...
148 |     fn restore_reward(
    |        ^^^^^^^^^^^^^^
...
256 |     fn validate_givers(&self, config: &progression::Config) -> Result<(), String> {
    |        ^^^^^^^^^^^^^^^
...
307 |     fn quest_log(&self, actor: u64) -> Vec<progression::Progress> {
    |        ^^^^^^^^^
...
403 |     fn configure_rewards(&mut self, policies: Vec<rewards::Policy>) -> Result<(), String> {
    |        ^^^^^^^^^^^^^^^^^

warning: method `validate_use` is never used
  --> crates/verse-world/src/service/items.rs:54:19
   |
27 | impl Catalog {
   | ------------ method in this implementation
...
54 |     pub(super) fn validate_use(&self, tx: &Transaction) -> Result<(), String> {
   |                   ^^^^^^^^^^^^

warning: method `validate_change` is never used
  --> crates/verse-world/src/service/outfits.rs:70:19
   |
33 | impl Catalog {
   | ------------ method in this implementation
...
70 |     pub(super) fn validate_change(&self, tx: &Transaction) -> Result<(), String> {
   |                   ^^^^^^^^^^^^^^^

warning: method `progress` is never used
   --> crates/verse-world/src/service/progression.rs:193:19
    |
142 | impl Config {
    | ----------- method in this implementation
...
193 |     pub(super) fn progress(&self, actor: u64, _instance: u64, ledger: &Ledger) -> Vec<Progress> {
    |                   ^^^^^^^^

warning: methods `revision` and `transactions` are never used
   --> crates/verse-world/src/service/rewards.rs:235:19
    |
205 | impl Ledger {
    | ----------- methods in this implementation
...
235 |     pub(super) fn revision(&self) -> u64 {
    |                   ^^^^^^^^
...
381 |     pub(super) fn transactions(&self) -> Vec<Transaction> {
    |                   ^^^^^^^^^^^^

warning: method `transfer_cooldowns` is never used
  --> crates/verse-world/src/utilities.rs:58:19
   |
57 | impl Controls {
   | ------------- method in this implementation
58 |     pub(crate) fn transfer_cooldowns(&self, source_time: f32, destination_time: f32) -> Self {
   |                   ^^^^^^^^^^^^^^^^^^

   Compiling verse-gfx v0.1.0 (/home/christopherdavid/work/openagents-verse-audit/crates/verse-gfx)
   Compiling verse-net v0.1.0 (/home/christopherdavid/work/openagents-verse-audit/crates/verse-net)
   Compiling verse-pbr v0.1.0 (/home/christopherdavid/work/openagents-verse-audit/crates/verse-pbr)
warning: `verse-world` (lib) generated 13 warnings
   Compiling verse v0.1.0 (/home/christopherdavid/work/openagents-verse-audit/crates/verse)
warning: unused variable: `numbers`
    --> crates/verse/src/imported/overlay.rs:1297:9
     |
1297 |     let numbers = atlas.font("numbers").layout_at_scale(1.0 / s).unwrap();
     |         ^^^^^^^ help: if this is intentional, prefix it with an underscore: `_numbers`
     |
     = note: `#[warn(unused_variables)]` (part of `#[warn(unused)]`) on by default

warning: unused variable: `details`
   --> crates/verse/src/imported/mod.rs:787:21
    |
787 |                 let details = adapter_details(&adapter);
    |                     ^^^^^^^ help: if this is intentional, prefix it with an underscore: `_details`

warning: associated function `move_player` is never used
   --> crates/verse/src/zones/everglade/mod.rs:452:12
    |
113 | impl Everglade {
    | -------------- associated function in this implementation
...
452 |     pub fn move_player(
    |            ^^^^^^^^^^^
    |
    = note: `#[warn(dead_code)]` (part of `#[warn(unused)]`) on by default

warning: `verse` (lib test) generated 3 warnings (run `cargo fix --lib -p verse --tests` to apply 2 suggestions)
    Finished `test` profile [unoptimized + debuginfo] target(s) in 39.22s
     Running unittests src/lib.rs (/home/christopherdavid/work/openagents-target-agent1/debug/deps/verse-9fbea79cb7c645a5)

running 22 tests
test grid_pack::tests::a_gait_maps_onto_the_walk_clip_by_distance ... ok
test zones::everglade_pack::tests::placeholder_pin_refuses_every_pack_until_published ... ok
test zones::everglade_pack::tests::manifests_must_pin_license_digests_and_transforms ... ok
test zones::everglade_pack::tests::a_character_round_trips_and_is_bounded ... ok
test zones::everglade_pack::tests::committed_manifests_admit_only_base_color_sources_with_licenses ... ok
test zones::everglade_pack::tests::malformed_packs_are_refused_before_allocation ... ok
test zones::everglade_pack::tests::only_https_sources_and_own_temp_names_are_used ... ok
test zones::everglade_pack::tests::oversized_textures_are_downscaled_with_alpha_weighting ... ok
test zones::everglade_pack::tests::vertex_padding_must_be_zero ... ok
test zones::everglade_pack::tests::synthetic_sources_compile_deterministically_and_round_trip ... ok
test zones::everglade_pack::tests::unadmitted_and_linked_files_are_refused ... ok
test zones::everglade_pack::tests::every_budget_is_enforced_by_the_compiler ... ok
test zones::everglade_pack::tests::changed_sources_are_refused_by_digest ... ok
test zones::everglade_pack::tests::cache_install_is_verified_atomic_and_served_without_network ... ok
test grid_pack::tests::the_pinned_pack_blocks_exactly_the_grid_gym_walls ... ok
test grid_pack::tests::the_floor_keeps_the_legacy_lattice ... ok
test grid_pack::tests::the_figure_swings_its_limbs_like_the_legacy_gait ... ok
test zones::everglade_pack::tests::pruning_removes_only_named_history_and_stale_own_temps ... ok
test grid_pack::tests::the_pinned_pack_is_what_the_sources_compile_to ... ok
test grid_pack::tests::the_pinned_pack_verifies_and_admits ... ok
test grid_pack::tests::the_built_in_pack_is_the_pinned_one ... ok
test zones::everglade_pack::tests::committed_sources_compile_within_budgets_to_the_pinned_pack ... ok

test result: ok. 22 passed; 0 failed; 0 ignored; 0 measured; 498 filtered out; finished in 27.84s

