    Building arm64-v8a (aarch64-linux-android)
   Compiling libc v0.2.189
   Compiling cfg-if v1.0.5
   Compiling once_cell v1.21.4
   Compiling itoa v1.0.18
   Compiling bytes v1.12.1
   Compiling memchr v2.8.3
   Compiling typenum v1.20.1
   Compiling zerofrom v0.1.8
   Compiling stable_deref_trait v1.2.1
   Compiling smallvec v1.16.1
   Compiling zerocopy v0.8.57
   Compiling yoke v0.8.3
   Compiling log v0.4.34
   Compiling pin-project-lite v0.2.17
   Compiling thiserror v2.0.20
   Compiling zerovec v0.11.8
   Compiling futures-core v0.3.34
   Compiling serde_core v1.0.229
   Compiling errno v0.3.14
   Compiling zeroize v1.9.0
   Compiling rustls-pki-types v1.15.1
   Compiling ring v0.17.14
   Compiling signal-hook-registry v1.4.8
   Compiling hybrid-array v0.4.15
   Compiling http v1.5.0
   Compiling mio v1.2.3
   Compiling socket2 v0.6.5
   Compiling futures-sink v0.3.34
   Compiling serde v1.0.229
   Compiling tokio v1.53.1
   Compiling zmij v1.0.23
   Compiling tinystr v0.8.4
   Compiling getrandom v0.2.17
   Compiling litemap v0.8.3
   Compiling untrusted v0.9.0
   Compiling writeable v0.6.4
   Compiling icu_locale_core v2.3.0
   Compiling httparse v1.10.1
   Compiling serde_json v1.0.151
   Compiling crypto-common v0.2.2
   Compiling block-buffer v0.12.1
   Compiling zerotrie v0.2.5
   Compiling potential_utf v0.1.6
   Compiling futures-task v0.3.34
   Compiling futures-io v0.3.34
   Compiling slab v0.4.12
   Compiling const-oid v0.10.2
   Compiling utf8_iter v1.0.4
   Compiling digest v0.11.3
   Compiling icu_collections v2.3.0
   Compiling icu_normalizer_data v2.3.0
   Compiling futures-util v0.3.34
   Compiling getrandom v0.3.4
   Compiling rustls v0.23.45
   Compiling icu_properties_data v2.3.0
   Compiling icu_provider v2.3.1
   Compiling rustls-webpki v0.103.15
   Compiling cpufeatures v0.3.1
   Compiling percent-encoding v2.3.2
   Compiling subtle v2.6.1
   Compiling rand_core v0.10.1
   Compiling bitflags v2.13.2
   Compiling getrandom v0.4.3
   Compiling icu_normalizer v2.3.0
   Compiling rand_core v0.9.5
   Compiling icu_properties v2.3.0
   Compiling ppv-lite86 v0.2.21
   Compiling webpki-roots v1.0.9
   Compiling secp256k1-sys v0.11.0
   Compiling rand_chacha v0.9.0
   Compiling idna_adapter v1.2.2
   Compiling tokio-rustls v0.26.5
   Compiling chacha20 v0.10.2
   Compiling form_urlencoded v1.2.2
   Compiling base64 v0.22.1
   Compiling libm v0.2.16
   Compiling bytemuck v1.25.2
   Compiling rand v0.10.2
   Compiling idna v1.1.0
   Compiling rand v0.9.5
   Compiling sha2 v0.11.0
   Compiling sha1 v0.11.0
   Compiling data-encoding v2.11.1
   Compiling secp256k1 v0.31.1
   Compiling tungstenite v0.30.0
   Compiling url v2.5.8
   Compiling num-traits v0.2.19
   Compiling webpki-roots v0.26.11
   Compiling libloading v0.8.9
   Compiling ryu-js v1.0.3
   Compiling equivalent v1.0.2
   Compiling nostr v0.1.0 (/Users/christopherdavid/work/openagents-mobile45/crates/nostr)
   Compiling tokio-tungstenite v0.30.0
   Compiling jni-sys-macros v0.4.1
   Compiling allocator-api2 v0.2.21
   Compiling foldhash v0.2.0
   Compiling hashbrown v0.16.1
   Compiling jni-sys v0.4.1
   Compiling naga v29.0.4
   Compiling http-body v1.1.0
   Compiling unicode-width v0.2.0
   Compiling ash v0.38.0+1.3.281
   Compiling bit-vec v0.9.1
   Compiling jni-sys v0.3.1
   Compiling hashbrown v0.17.1
   Compiling indexmap v2.14.2
   Compiling wayland-sys v0.31.11
   Compiling bit-set v0.9.1
   Compiling nostr-transport v0.1.0 (/Users/christopherdavid/work/openagents-mobile45/crates/nostr-transport)
   Compiling codespan-reporting v0.13.1
   Compiling parking_lot_core v0.9.12
   Compiling half v2.7.1
   Compiling spirv v0.4.0+sdk-1.4.341.0
   Compiling tower-service v0.3.3
   Compiling arrayvec v0.7.8
   Compiling foldhash v0.1.5
   Compiling scopeguard v1.2.0
   Compiling rustc-hash v1.1.0
   Compiling khronos-egl v6.0.0
   Compiling unicode-ident v1.0.26
   Compiling raw-window-handle v0.6.2
   Compiling hexf-parse v0.2.1
   Compiling try-lock v0.2.5
   Compiling want v0.3.1
   Compiling wgpu-types v29.0.4
   Compiling lock_api v0.4.14
   Compiling hashbrown v0.15.5
   Compiling generic-array v0.14.7
   Compiling dlib v0.5.3
   Compiling coder-history v0.1.0 (/Users/christopherdavid/work/openagents-mobile45/crates/coder-history)
   Compiling gpu-descriptor-types v0.2.0
   Compiling wgpu-hal v29.0.4
   Compiling futures-channel v0.3.34
   Compiling tracing-core v0.1.36
   Compiling presser v0.3.1
   Compiling qrcodegen v1.8.0
   Compiling atomic-waker v1.1.2
   Compiling hyper v1.11.1
   Compiling coder-connect v0.1.0 (/Users/christopherdavid/work/openagents-mobile45/crates/coder-connect)
   Compiling tracing v0.1.44
   Compiling gpu-allocator v0.28.0
   Compiling gpu-descriptor v0.3.2
   Compiling ndk-sys v0.6.0+11769913
   Compiling wgpu-naga-bridge v29.0.4
   Compiling parking_lot v0.12.5
   Compiling ordered-float v4.6.0
   Compiling sync_wrapper v1.0.2
   Compiling android_system_properties v0.1.6
   Compiling profiling v1.0.18
   Compiling ipnet v2.12.2
   Compiling renderdoc-sys v1.1.0
   Compiling tower-layer v0.3.3
   Compiling glow v0.17.0
   Compiling rustc_version v0.4.1
   Compiling tower v0.5.3
   Compiling hyper-util v0.1.20
   Compiling font-types v0.12.5
   Compiling wgpu-core v29.0.4
   Compiling same-file v1.0.6
   Compiling ryu v1.0.23
   Compiling serde_urlencoded v0.7.1
   Compiling walkdir v2.5.0
   Compiling read-fonts v0.41.0
   Compiling wgpu-core-deps-windows-linux-android v29.0.4
   Compiling hyper-rustls v0.27.9
   Compiling tower-http v0.6.11
   Compiling jni-macros v0.22.4
   Compiling block-buffer v0.10.4
   Compiling crypto-common v0.1.7
   Compiling http-body-util v0.1.5
   Compiling rust-native v0.1.0 (/Users/christopherdavid/work/openagents-mobile45/crates/rust-native)
   Compiling simdutf8 v0.1.5
   Compiling simd_cesu8 v1.2.0
   Compiling coder-ui v0.1.0 (/Users/christopherdavid/work/openagents-mobile45/crates/coder-ui)
   Compiling wgpu v29.0.4
   Compiling skrifa v0.44.0
   Compiling reqwest v0.12.28
   Compiling digest v0.10.7
   Compiling jni v0.22.4
   Compiling coder-access v0.1.0 (/Users/christopherdavid/work/openagents-mobile45/crates/coder-access)
   Compiling coder-reach v0.1.0 (/Users/christopherdavid/work/openagents-mobile45/crates/coder-reach)
   Compiling coder-pty v0.1.0 (/Users/christopherdavid/work/openagents-mobile45/crates/coder-pty)
   Compiling cpufeatures v0.2.17
   Compiling coder-link v0.1.0 (/Users/christopherdavid/work/openagents-mobile45/crates/coder-link)
   Compiling yazi v0.2.1
   Compiling static_assertions v1.1.0
   Compiling zeno v0.3.3
   Compiling swash v0.2.10
   Compiling coder-host v0.1.0 (/Users/christopherdavid/work/openagents-mobile45/crates/coder-host)
   Compiling sha2 v0.10.9
   Compiling gym-bridge v0.1.0 (/Users/christopherdavid/work/openagents-mobile45/crates/gym-bridge)
   Compiling combine v4.6.8
   Compiling glam v0.30.10
   Compiling pollster v0.4.0
   Compiling verse v0.1.0 (/Users/christopherdavid/work/openagents-mobile45/crates/verse)
   Compiling coder-computers v0.1.0 (/Users/christopherdavid/work/openagents-mobile45/crates/coder-computers)
   Compiling push-gateway v0.1.0 (/Users/christopherdavid/work/openagents-mobile45/crates/push-gateway)
   Compiling coder-mobile v0.1.0 (/Users/christopherdavid/work/openagents-mobile45/crates/coder-mobile)
    Finished `dev` profile [unoptimized] target(s) in 38.11s
     Copying libraries to /Users/christopherdavid/work/openagents-mobile45-target/coder-android/jniLibs
To honour the JVM settings for this build a single-use Daemon process will be forked. For more on this, please refer to https://docs.gradle.org/8.13/userguide/gradle_daemon.html#sec:disabling_the_daemon in the Gradle documentation.
Daemon will be stopped at the end of the build 
> Task :app:preBuild UP-TO-DATE
> Task :app:preDebugBuild UP-TO-DATE
> Task :app:mergeDebugNativeDebugMetadata NO-SOURCE
> Task :app:checkKotlinGradlePluginConfigurationErrors SKIPPED
> Task :app:generateDebugBuildConfig UP-TO-DATE
> Task :app:checkDebugAarMetadata UP-TO-DATE
> Task :app:processDebugNavigationResources UP-TO-DATE
> Task :app:compileDebugNavigationResources UP-TO-DATE
> Task :app:generateDebugResValues UP-TO-DATE
> Task :app:mapDebugSourceSetPaths UP-TO-DATE
> Task :app:generateDebugResources UP-TO-DATE
> Task :app:mergeDebugResources UP-TO-DATE
> Task :app:packageDebugResources UP-TO-DATE
> Task :app:parseDebugLocalResources UP-TO-DATE
> Task :app:createDebugCompatibleScreenManifests UP-TO-DATE
> Task :app:extractDeepLinksDebug UP-TO-DATE
> Task :app:processDebugMainManifest UP-TO-DATE
> Task :app:processDebugManifest UP-TO-DATE
> Task :app:processDebugManifestForPackage UP-TO-DATE
> Task :app:processDebugResources UP-TO-DATE
> Task :app:compileDebugKotlin UP-TO-DATE
> Task :app:javaPreCompileDebug UP-TO-DATE
> Task :app:compileDebugJavaWithJavac UP-TO-DATE
> Task :app:mergeDebugShaders
> Task :app:compileDebugShaders NO-SOURCE
> Task :app:generateDebugAssets UP-TO-DATE
> Task :app:mergeDebugAssets
> Task :app:compressDebugAssets
> Task :app:desugarDebugFileDependencies
> Task :app:dexBuilderDebug
> Task :app:processDebugJavaRes UP-TO-DATE
> Task :app:mergeDebugGlobalSynthetics
> Task :app:checkDebugDuplicateClasses
> Task :app:mergeDebugJavaResource
> Task :app:mergeLibDexDebug
> Task :app:mergeExtDexDebug
> Task :app:mergeProjectDexDebug
> Task :app:mergeDebugJniLibFolders
> Task :app:validateSigningDebug
> Task :app:writeDebugAppMetadata
> Task :app:writeDebugSigningConfigVersions
> Task :app:mergeDebugNativeLibs
> Task :app:stripDebugDebugSymbols
> Task :app:packageDebug
> Task :app:createDebugApkListingFileRedirect
> Task :app:assembleDebug

BUILD SUCCESSFUL in 7s
39 actionable tasks: 19 executed, 20 up-to-date
Built /Users/christopherdavid/work/openagents-mobile45-target/coder-android/gradle/app/outputs/apk/debug/app-debug.apk

16 KiB ELF load-segment alignment check:
LOAD           0x000000 0x0000000000000000 0x0000000000000000 0xa94838 0xa94838 R   0x4000
LOAD           0xa94840 0x0000000000a98840 0x0000000000a98840 0x13eae60 0x13eae60 R E 0x4000
LOAD           0x1e7f6a0 0x0000000001e876a0 0x0000000001e876a0 0x0ee458 0x0f0960 RW  0x4000
LOAD           0x1f6daf8 0x0000000001f79af8 0x0000000001f79af8 0x0018e8 0x0022e8 RW  0x4000
PASS: every LOAD segment has alignment >= 0x4000.
PASS: zipalign -c -P 16 4 app-debug.apk exited 0.
