Command line invocation:
    /Applications/Xcode.app/Contents/Developer/usr/bin/xcodebuild -project bins/coder-ios/host/Coder.xcodeproj -scheme Coder -configuration Release -destination "platform=iOS Simulator,id=80A56DD2-8E81-4037-B560-2BEDBB61CAF2" -derivedDataPath /Users/christopherdavid/work/openagents-mobile45-target/coder-ios-build47-sim/DerivedData CODER_RUST_LIBRARY_DIR=/Users/christopherdavid/work/openagents-mobile45-target/aarch64-apple-ios-sim/release CURRENT_PROJECT_VERSION=47 CODE_SIGN_IDENTITY=- PROVISIONING_PROFILE_SPECIFIER= -resultBundlePath /tmp/coder-build47-zones-cached-native.xcresult -parallel-testing-enabled NO "-only-testing:CoderUITests/ZoneUITests/testPortalLoadsForestAndEncounterThenReturnsToPlaza" test

Build settings from command line:
    CODE_SIGN_IDENTITY = -
    CODER_RUST_LIBRARY_DIR = /Users/christopherdavid/work/openagents-mobile45-target/aarch64-apple-ios-sim/release
    CURRENT_PROJECT_VERSION = 47
    PROVISIONING_PROFILE_SPECIFIER = 

Writing result bundle at path:
	/tmp/coder-build47-zones-cached-native.xcresult

note: Using codesigning identity override: -
ComputePackagePrebuildTargetDependencyGraph

Prepare packages

CreateBuildRequest

SendProjectDescription

CreateBuildOperation

ComputeTargetDependencyGraph
note: Building targets in dependency order
note: Target dependency graph (2 targets)
    Target 'CoderUITests' in project 'Coder'
        ➜ Explicit dependency on target 'Coder' in project 'Coder'
    Target 'Coder' in project 'Coder' (no dependencies)

GatherProvisioningInputs

CreateBuildDescription

ClangStatCache /Applications/Xcode.app/Contents/Developer/Toolchains/XcodeDefault.xctoolchain/usr/bin/clang-stat-cache /Applications/Xcode.app/Contents/Developer/Platforms/iPhoneSimulator.platform/Developer/SDKs/iPhoneSimulator26.5.sdk /Users/christopherdavid/work/openagents-mobile45-target/coder-ios-build47-sim/DerivedData/SDKStatCaches.noindex/iphonesimulator26.5-23F81a-688ef53f1462e2c8f657fdc38a81448f6cfe768891a92b912361537c460fe42b.sdkstatcache
    cd /Users/christopherdavid/work/openagents-mobile45/bins/coder-ios/host/Coder.xcodeproj
    /Applications/Xcode.app/Contents/Developer/Toolchains/XcodeDefault.xctoolchain/usr/bin/clang-stat-cache /Applications/Xcode.app/Contents/Developer/Platforms/iPhoneSimulator.platform/Developer/SDKs/iPhoneSimulator26.5.sdk -o /Users/christopherdavid/work/openagents-mobile45-target/coder-ios-build47-sim/DerivedData/SDKStatCaches.noindex/iphonesimulator26.5-23F81a-688ef53f1462e2c8f657fdc38a81448f6cfe768891a92b912361537c460fe42b.sdkstatcache

ProcessProductPackaging "" /Users/christopherdavid/work/openagents-mobile45-target/coder-ios-build47-sim/DerivedData/Build/Intermediates.noindex/Coder.build/Release-iphonesimulator/Coder.build/Coder.app-Simulated.xcent (in target 'Coder' from project 'Coder')
    cd /Users/christopherdavid/work/openagents-mobile45/bins/coder-ios/host
    
    Entitlements:
    
    {
    "application-identifier" = "HQWSG26L43.com.openagents.coder";
}
    
    builtin-productPackagingUtility -entitlements -format xml -o /Users/christopherdavid/work/openagents-mobile45-target/coder-ios-build47-sim/DerivedData/Build/Intermediates.noindex/Coder.build/Release-iphonesimulator/Coder.build/Coder.app-Simulated.xcent

ProcessProductPackagingDER /Users/christopherdavid/work/openagents-mobile45-target/coder-ios-build47-sim/DerivedData/Build/Intermediates.noindex/Coder.build/Release-iphonesimulator/Coder.build/Coder.app-Simulated.xcent /Users/christopherdavid/work/openagents-mobile45-target/coder-ios-build47-sim/DerivedData/Build/Intermediates.noindex/Coder.build/Release-iphonesimulator/Coder.build/Coder.app-Simulated.xcent.der (in target 'Coder' from project 'Coder')
    cd /Users/christopherdavid/work/openagents-mobile45/bins/coder-ios/host
    /usr/bin/derq query -f xml -i /Users/christopherdavid/work/openagents-mobile45-target/coder-ios-build47-sim/DerivedData/Build/Intermediates.noindex/Coder.build/Release-iphonesimulator/Coder.build/Coder.app-Simulated.xcent -o /Users/christopherdavid/work/openagents-mobile45-target/coder-ios-build47-sim/DerivedData/Build/Intermediates.noindex/Coder.build/Release-iphonesimulator/Coder.build/Coder.app-Simulated.xcent.der --raw

CompileAssetCatalogVariant thinned /Users/christopherdavid/work/openagents-mobile45-target/coder-ios-build47-sim/DerivedData/Build/Products/Release-iphonesimulator/Coder.app /Users/christopherdavid/work/openagents-mobile45/bins/coder-ios/host/App/Assets.xcassets (in target 'Coder' from project 'Coder')
    cd /Users/christopherdavid/work/openagents-mobile45/bins/coder-ios/host
    /Applications/Xcode.app/Contents/Developer/usr/bin/actool /Users/christopherdavid/work/openagents-mobile45/bins/coder-ios/host/App/Assets.xcassets --compile /Users/christopherdavid/work/openagents-mobile45-target/coder-ios-build47-sim/DerivedData/Build/Intermediates.noindex/Coder.build/Release-iphonesimulator/Coder.build/assetcatalog_output/thinned --output-format human-readable-text --notices --warnings --export-dependency-info /Users/christopherdavid/work/openagents-mobile45-target/coder-ios-build47-sim/DerivedData/Build/Intermediates.noindex/Coder.build/Release-iphonesimulator/Coder.build/assetcatalog_dependencies_thinned --output-partial-info-plist /Users/christopherdavid/work/openagents-mobile45-target/coder-ios-build47-sim/DerivedData/Build/Intermediates.noindex/Coder.build/Release-iphonesimulator/Coder.build/assetcatalog_generated_info.plist_thinned --app-icon AppIcon --compress-pngs --enable-on-demand-resources YES --filter-for-thinning-device-configuration iPhone18,1 --filter-for-device-os-version 26.5 --development-region en --target-device iphone --minimum-deployment-target 17.0 --platform iphonesimulator
/* com.apple.actool.compilation-results */
/Users/christopherdavid/work/openagents-mobile45-target/coder-ios-build47-sim/DerivedData/Build/Intermediates.noindex/Coder.build/Release-iphonesimulator/Coder.build/assetcatalog_generated_info.plist_thinned
/Users/christopherdavid/work/openagents-mobile45-target/coder-ios-build47-sim/DerivedData/Build/Intermediates.noindex/Coder.build/Release-iphonesimulator/Coder.build/assetcatalog_output/thinned/AppIcon60x60@2x.png
/Users/christopherdavid/work/openagents-mobile45-target/coder-ios-build47-sim/DerivedData/Build/Intermediates.noindex/Coder.build/Release-iphonesimulator/Coder.build/assetcatalog_output/thinned/AppIcon76x76@2x~ipad.png
/Users/christopherdavid/work/openagents-mobile45-target/coder-ios-build47-sim/DerivedData/Build/Intermediates.noindex/Coder.build/Release-iphonesimulator/Coder.build/assetcatalog_output/thinned/Assets.car


Ld /Users/christopherdavid/work/openagents-mobile45-target/coder-ios-build47-sim/DerivedData/Build/Products/Release-iphonesimulator/Coder.app/Coder normal (in target 'Coder' from project 'Coder')
    cd /Users/christopherdavid/work/openagents-mobile45/bins/coder-ios/host
    /Applications/Xcode.app/Contents/Developer/Toolchains/XcodeDefault.xctoolchain/usr/bin/clang -Xlinker -reproducible -target arm64-apple-ios17.0-simulator -isysroot /Applications/Xcode.app/Contents/Developer/Platforms/iPhoneSimulator.platform/Developer/SDKs/iPhoneSimulator26.5.sdk -Os -L/Users/christopherdavid/work/openagents-mobile45-target/coder-ios-build47-sim/DerivedData/Build/Intermediates.noindex/EagerLinkingTBDs/Release-iphonesimulator -L/Users/christopherdavid/work/openagents-mobile45-target/coder-ios-build47-sim/DerivedData/Build/Products/Release-iphonesimulator -L/Users/christopherdavid/work/openagents-mobile45-target/aarch64-apple-ios-sim/release -F/Users/christopherdavid/work/openagents-mobile45-target/coder-ios-build47-sim/DerivedData/Build/Intermediates.noindex/EagerLinkingTBDs/Release-iphonesimulator -F/Users/christopherdavid/work/openagents-mobile45-target/coder-ios-build47-sim/DerivedData/Build/Products/Release-iphonesimulator -filelist /Users/christopherdavid/work/openagents-mobile45-target/coder-ios-build47-sim/DerivedData/Build/Intermediates.noindex/Coder.build/Release-iphonesimulator/Coder.build/Objects-normal/arm64/Coder.LinkFileList -Xlinker -rpath -Xlinker /usr/lib/swift -Xlinker -rpath -Xlinker @executable_path/Frameworks -Xlinker -dead_strip -Xlinker -object_path_lto -Xlinker /Users/christopherdavid/work/openagents-mobile45-target/coder-ios-build47-sim/DerivedData/Build/Intermediates.noindex/Coder.build/Release-iphonesimulator/Coder.build/Objects-normal/arm64/Coder_lto.o -Xlinker -objc_abi_version -Xlinker 2 -Xlinker -dependency_info -Xlinker /Users/christopherdavid/work/openagents-mobile45-target/coder-ios-build47-sim/DerivedData/Build/Intermediates.noindex/Coder.build/Release-iphonesimulator/Coder.build/Objects-normal/arm64/Coder_dependency_info.dat -fobjc-link-runtime -L/Applications/Xcode.app/Contents/Developer/Toolchains/XcodeDefault.xctoolchain/usr/lib/swift/iphonesimulator -L/usr/lib/swift -Xlinker -add_ast_path -Xlinker /Users/christopherdavid/work/openagents-mobile45-target/coder-ios-build47-sim/DerivedData/Build/Intermediates.noindex/Coder.build/Release-iphonesimulator/Coder.build/Objects-normal/arm64/Coder.swiftmodule @/Users/christopherdavid/work/openagents-mobile45-target/coder-ios-build47-sim/DerivedData/Build/Intermediates.noindex/Coder.build/Release-iphonesimulator/Coder.build/Objects-normal/arm64/Coder-linker-args.resp /Users/christopherdavid/work/openagents-mobile45-target/aarch64-apple-ios-sim/release/libcoder_mobile.a -framework Metal -liconv -Xlinker -sectcreate -Xlinker __TEXT -Xlinker __entitlements -Xlinker /Users/christopherdavid/work/openagents-mobile45-target/coder-ios-build47-sim/DerivedData/Build/Intermediates.noindex/Coder.build/Release-iphonesimulator/Coder.build/Coder.app-Simulated.xcent -Xlinker -sectcreate -Xlinker __TEXT -Xlinker __ents_der -Xlinker /Users/christopherdavid/work/openagents-mobile45-target/coder-ios-build47-sim/DerivedData/Build/Intermediates.noindex/Coder.build/Release-iphonesimulator/Coder.build/Coder.app-Simulated.xcent.der -Xlinker -no_adhoc_codesign -o /Users/christopherdavid/work/openagents-mobile45-target/coder-ios-build47-sim/DerivedData/Build/Products/Release-iphonesimulator/Coder.app/Coder

LinkAssetCatalog /Users/christopherdavid/work/openagents-mobile45/bins/coder-ios/host/App/Assets.xcassets (in target 'Coder' from project 'Coder')
    cd /Users/christopherdavid/work/openagents-mobile45/bins/coder-ios/host
    builtin-linkAssetCatalog --thinned /Users/christopherdavid/work/openagents-mobile45-target/coder-ios-build47-sim/DerivedData/Build/Intermediates.noindex/Coder.build/Release-iphonesimulator/Coder.build/assetcatalog_output/thinned --thinned-dependencies /Users/christopherdavid/work/openagents-mobile45-target/coder-ios-build47-sim/DerivedData/Build/Intermediates.noindex/Coder.build/Release-iphonesimulator/Coder.build/assetcatalog_dependencies_thinned --thinned-info-plist-content /Users/christopherdavid/work/openagents-mobile45-target/coder-ios-build47-sim/DerivedData/Build/Intermediates.noindex/Coder.build/Release-iphonesimulator/Coder.build/assetcatalog_generated_info.plist_thinned --unthinned /Users/christopherdavid/work/openagents-mobile45-target/coder-ios-build47-sim/DerivedData/Build/Intermediates.noindex/Coder.build/Release-iphonesimulator/Coder.build/assetcatalog_output/unthinned --unthinned-dependencies /Users/christopherdavid/work/openagents-mobile45-target/coder-ios-build47-sim/DerivedData/Build/Intermediates.noindex/Coder.build/Release-iphonesimulator/Coder.build/assetcatalog_dependencies_unthinned --unthinned-info-plist-content /Users/christopherdavid/work/openagents-mobile45-target/coder-ios-build47-sim/DerivedData/Build/Intermediates.noindex/Coder.build/Release-iphonesimulator/Coder.build/assetcatalog_generated_info.plist_unthinned --output /Users/christopherdavid/work/openagents-mobile45-target/coder-ios-build47-sim/DerivedData/Build/Products/Release-iphonesimulator/Coder.app --plist-output /Users/christopherdavid/work/openagents-mobile45-target/coder-ios-build47-sim/DerivedData/Build/Intermediates.noindex/Coder.build/Release-iphonesimulator/Coder.build/assetcatalog_generated_info.plist
note: Emplaced /Users/christopherdavid/work/openagents-mobile45-target/coder-ios-build47-sim/DerivedData/Build/Products/Release-iphonesimulator/Coder.app/AppIcon76x76@2x~ipad.png (in target 'Coder' from project 'Coder')
note: Emplaced /Users/christopherdavid/work/openagents-mobile45-target/coder-ios-build47-sim/DerivedData/Build/Products/Release-iphonesimulator/Coder.app/AppIcon60x60@2x.png (in target 'Coder' from project 'Coder')
note: Emplaced /Users/christopherdavid/work/openagents-mobile45-target/coder-ios-build47-sim/DerivedData/Build/Products/Release-iphonesimulator/Coder.app/Assets.car (in target 'Coder' from project 'Coder')

ProcessInfoPlistFile /Users/christopherdavid/work/openagents-mobile45-target/coder-ios-build47-sim/DerivedData/Build/Products/Release-iphonesimulator/Coder.app/Info.plist /Users/christopherdavid/work/openagents-mobile45/bins/coder-ios/host/App/Info.plist (in target 'Coder' from project 'Coder')
    cd /Users/christopherdavid/work/openagents-mobile45/bins/coder-ios/host
    builtin-infoPlistUtility /Users/christopherdavid/work/openagents-mobile45/bins/coder-ios/host/App/Info.plist -producttype com.apple.product-type.application -genpkginfo /Users/christopherdavid/work/openagents-mobile45-target/coder-ios-build47-sim/DerivedData/Build/Products/Release-iphonesimulator/Coder.app/PkgInfo -expandbuildsettings -format binary -platform iphonesimulator -additionalcontentfile /Users/christopherdavid/work/openagents-mobile45-target/coder-ios-build47-sim/DerivedData/Build/Intermediates.noindex/Coder.build/Release-iphonesimulator/Coder.build/assetcatalog_generated_info.plist -o /Users/christopherdavid/work/openagents-mobile45-target/coder-ios-build47-sim/DerivedData/Build/Products/Release-iphonesimulator/Coder.app/Info.plist

ExtractAppIntentsMetadata (in target 'Coder' from project 'Coder')
    cd /Users/christopherdavid/work/openagents-mobile45/bins/coder-ios/host
    /Applications/Xcode.app/Contents/Developer/Toolchains/XcodeDefault.xctoolchain/usr/bin/appintentsmetadataprocessor --toolchain-dir /var/run/com.apple.security.cryptexd/mnt/com.apple.MobileAsset.MetalToolchain-v17.6.109.0.VdpV4P/Metal.xctoolchain --module-name Coder --sdk-root /Applications/Xcode.app/Contents/Developer/Platforms/iPhoneSimulator.platform/Developer/SDKs/iPhoneSimulator26.5.sdk --xcode-version 17F113 --platform-family iOS --deployment-target 17.0 --bundle-identifier com.openagents.coder --output /Users/christopherdavid/work/openagents-mobile45-target/coder-ios-build47-sim/DerivedData/Build/Products/Release-iphonesimulator/Coder.app --target-triple arm64-apple-ios17.0-simulator --binary-file /Users/christopherdavid/work/openagents-mobile45-target/coder-ios-build47-sim/DerivedData/Build/Products/Release-iphonesimulator/Coder.app/Coder --dependency-file /Users/christopherdavid/work/openagents-mobile45-target/coder-ios-build47-sim/DerivedData/Build/Intermediates.noindex/Coder.build/Release-iphonesimulator/Coder.build/Objects-normal/arm64/Coder_dependency_info.dat --stringsdata-file /Users/christopherdavid/work/openagents-mobile45-target/coder-ios-build47-sim/DerivedData/Build/Intermediates.noindex/Coder.build/Release-iphonesimulator/Coder.build/Objects-normal/arm64/ExtractedAppShortcutsMetadata.stringsdata --source-file-list /Users/christopherdavid/work/openagents-mobile45-target/coder-ios-build47-sim/DerivedData/Build/Intermediates.noindex/Coder.build/Release-iphonesimulator/Coder.build/Objects-normal/arm64/Coder.SwiftFileList --metadata-file-list /Users/christopherdavid/work/openagents-mobile45-target/coder-ios-build47-sim/DerivedData/Build/Intermediates.noindex/Coder.build/Release-iphonesimulator/Coder.build/Coder.DependencyMetadataFileList --static-metadata-file-list /Users/christopherdavid/work/openagents-mobile45-target/coder-ios-build47-sim/DerivedData/Build/Intermediates.noindex/Coder.build/Release-iphonesimulator/Coder.build/Coder.DependencyStaticMetadataFileList --swift-const-vals-list /Users/christopherdavid/work/openagents-mobile45-target/coder-ios-build47-sim/DerivedData/Build/Intermediates.noindex/Coder.build/Release-iphonesimulator/Coder.build/Objects-normal/arm64/Coder.SwiftConstValuesFileList --compile-time-extraction --deployment-aware-processing --validate-assistant-intents --no-app-shortcuts-localization
2026-09-27 00:31:29.637 appintentsmetadataprocessor[32822:99173886] Starting appintentsmetadataprocessor export
2026-09-27 00:31:29.638 appintentsmetadataprocessor[32822:99173886] warning: Metadata extraction skipped. No AppIntents.framework dependency found.

CopySwiftLibs /Users/christopherdavid/work/openagents-mobile45-target/coder-ios-build47-sim/DerivedData/Build/Products/Release-iphonesimulator/Coder.app (in target 'Coder' from project 'Coder')
    cd /Users/christopherdavid/work/openagents-mobile45/bins/coder-ios/host
    builtin-swiftStdLibTool --copy --verbose --sign - --scan-executable /Users/christopherdavid/work/openagents-mobile45-target/coder-ios-build47-sim/DerivedData/Build/Products/Release-iphonesimulator/Coder.app/Coder --scan-folder /Users/christopherdavid/work/openagents-mobile45-target/coder-ios-build47-sim/DerivedData/Build/Products/Release-iphonesimulator/Coder.app/Frameworks --scan-folder /Users/christopherdavid/work/openagents-mobile45-target/coder-ios-build47-sim/DerivedData/Build/Products/Release-iphonesimulator/Coder.app/PlugIns --scan-folder /Users/christopherdavid/work/openagents-mobile45-target/coder-ios-build47-sim/DerivedData/Build/Products/Release-iphonesimulator/Coder.app/SystemExtensions --scan-folder /Users/christopherdavid/work/openagents-mobile45-target/coder-ios-build47-sim/DerivedData/Build/Products/Release-iphonesimulator/Coder.app/Extensions --platform iphonesimulator --toolchain /var/run/com.apple.security.cryptexd/mnt/com.apple.MobileAsset.MetalToolchain-v17.6.109.0.VdpV4P/Metal.xctoolchain --toolchain /Applications/Xcode.app/Contents/Developer/Toolchains/XcodeDefault.xctoolchain --destination /Users/christopherdavid/work/openagents-mobile45-target/coder-ios-build47-sim/DerivedData/Build/Products/Release-iphonesimulator/Coder.app/Frameworks --strip-bitcode --strip-bitcode-tool /Applications/Xcode.app/Contents/Developer/Toolchains/XcodeDefault.xctoolchain/usr/bin/bitcode_strip --emit-dependency-info /Users/christopherdavid/work/openagents-mobile45-target/coder-ios-build47-sim/DerivedData/Build/Intermediates.noindex/Coder.build/Release-iphonesimulator/Coder.build/SwiftStdLibToolInputDependencies.dep --filter-for-swift-os

GenerateDSYMFile /Users/christopherdavid/work/openagents-mobile45-target/coder-ios-build47-sim/DerivedData/Build/Products/Release-iphonesimulator/Coder.app.dSYM /Users/christopherdavid/work/openagents-mobile45-target/coder-ios-build47-sim/DerivedData/Build/Products/Release-iphonesimulator/Coder.app/Coder (in target 'Coder' from project 'Coder')
    cd /Users/christopherdavid/work/openagents-mobile45/bins/coder-ios/host
    /Applications/Xcode.app/Contents/Developer/Toolchains/XcodeDefault.xctoolchain/usr/bin/dsymutil /Users/christopherdavid/work/openagents-mobile45-target/coder-ios-build47-sim/DerivedData/Build/Products/Release-iphonesimulator/Coder.app/Coder -o /Users/christopherdavid/work/openagents-mobile45-target/coder-ios-build47-sim/DerivedData/Build/Products/Release-iphonesimulator/Coder.app.dSYM

CodeSign /Users/christopherdavid/work/openagents-mobile45-target/coder-ios-build47-sim/DerivedData/Build/Products/Release-iphonesimulator/Coder.app (in target 'Coder' from project 'Coder')
    cd /Users/christopherdavid/work/openagents-mobile45/bins/coder-ios/host
    
    Signing Identity:     "Sign to Run Locally"
    
    /usr/bin/codesign --force --sign - --timestamp\=none --generate-entitlement-der /Users/christopherdavid/work/openagents-mobile45-target/coder-ios-build47-sim/DerivedData/Build/Products/Release-iphonesimulator/Coder.app

Validate /Users/christopherdavid/work/openagents-mobile45-target/coder-ios-build47-sim/DerivedData/Build/Products/Release-iphonesimulator/Coder.app (in target 'Coder' from project 'Coder')
    cd /Users/christopherdavid/work/openagents-mobile45/bins/coder-ios/host
    builtin-validationUtility /Users/christopherdavid/work/openagents-mobile45-target/coder-ios-build47-sim/DerivedData/Build/Products/Release-iphonesimulator/Coder.app -shallow-bundle -infoplist-subpath Info.plist

2026-09-27 00:31:30.599523-0500 CoderUITests-Runner[32828:99174105] [Default] Running tests...
    t =      nans Interface orientation changed to Portrait
Test Suite 'Selected tests' started at 2026-09-27 00:31:30.992.
Test Suite 'CoderUITests.xctest' started at 2026-09-27 00:31:30.992.
Test Suite 'ZoneUITests' started at 2026-09-27 00:31:30.993.
Test Case '-[CoderUITests.ZoneUITests testPortalLoadsForestAndEncounterThenReturnsToPlaza]' started.
    t =     0.00s Start Test at 2026-09-27 00:31:30.993
    t =     0.01s Set Up
    t =     0.02s     Open com.openagents.coder
    t =     0.02s         Launch com.openagents.coder
2026-09-27 00:31:31.033 xcodebuild[32812:99173714] [MT] IDELaunchParametersSnapshot: The operation couldn’t be completed. (DebuggerLLDB.DebuggerVersionStore.StoreError error 0.)
2026-09-27 00:31:31.033 xcodebuild[32812:99173714] [MT] IDELaunchParametersSnapshot: no debugger version
    t =     0.45s             Setting up automation session
objc[32828]: Class UIAccessibilityLoaderWebShared is implemented in both /Library/Developer/CoreSimulator/Volumes/iOS_23F77/Library/Developer/CoreSimulator/Profiles/Runtimes/iOS 26.5.simruntime/Contents/Resources/RuntimeRoot/System/Library/AccessibilityBundles/WebCore.axbundle/WebCore (0x106908310) and /Library/Developer/CoreSimulator/Volumes/iOS_23F77/Library/Developer/CoreSimulator/Profiles/Runtimes/iOS 26.5.simruntime/Contents/Resources/RuntimeRoot/System/Library/AccessibilityBundles/WebKit.axbundle/WebKit (0x10618c398). This may cause spurious casting failures and mysterious crashes. One of the duplicates must be removed or renamed.
    t =     0.92s             Wait for com.openagents.coder to idle
    t =     2.11s     Waiting 30.0s for "verse-surface" Other to exist
    t =     3.19s         Checking `Expect predicate `existsNoRetry == 1` for object "verse-surface" Other`
    t =     3.19s             Checking existence of `"verse-surface" Other`
    t =     4.29s     Checking `Expect predicate `BLOCKPREDICATE(0x105ffd920)` for object Target Application 'com.openagents.coder'`
    t =     4.29s         Find the "verse-surface" Other
    t =     4.31s Find the "verse-surface" Other
    t =     5.38s Checking `Expect predicate `BLOCKPREDICATE(0x105ffd770)` for object Target Application 'com.openagents.coder'`
    t =     5.38s     Find the "verse-surface" Other
    t =     5.39s Find the "verse-surface" Other
    t =     5.40s Find the "verse-surface" Other
    t =     5.41s Tap "verse-surface" Other[0.00, 0.00] -> (332.0, 86.0)
    t =     5.41s     Wait for com.openagents.coder to idle
    t =     5.41s     Find the "verse-surface" Other
    t =     5.41s     Check for interrupting elements affecting "verse-surface" Other
    t =     5.42s     Synthesize event
    t =     5.42s         Find the "verse-surface" Other
    t =     5.43s         Find the "verse-surface" Other
    t =     5.44s         Find the "verse-surface" Other
    t =     5.74s     Wait for com.openagents.coder to idle
    t =     6.81s Checking `Expect predicate `BLOCKPREDICATE(0x112e40360)` for object Target Application 'com.openagents.coder'`
    t =     6.82s     Find the "verse-surface" Other
    t =     6.82s Find the "verse-surface" Other
    t =     6.83s Tap "verse-surface" Other[0.00, 0.00] -> (192.4, 282.6)
    t =     6.83s     Wait for com.openagents.coder to idle
    t =     6.83s     Find the "verse-surface" Other
    t =     6.84s     Check for interrupting elements affecting "verse-surface" Other
    t =     6.84s     Synthesize event
    t =     6.84s         Find the "verse-surface" Other
    t =     6.85s         Find the "verse-surface" Other
    t =     6.86s         Find the "verse-surface" Other
    t =     7.16s     Wait for com.openagents.coder to idle
    t =     8.24s Checking `Expect predicate `BLOCKPREDICATE(0x105e83240)` for object Target Application 'com.openagents.coder'`
    t =     8.24s     Find the "verse-surface" Other
    t =     8.25s     Capturing element debug description
    t =     9.22s Checking `Expect predicate `BLOCKPREDICATE(0x105e83240)` for object Target Application 'com.openagents.coder'`
    t =     9.22s     Find the "verse-surface" Other
    t =     9.23s     Capturing element debug description
    t =    10.21s Checking `Expect predicate `BLOCKPREDICATE(0x105e83240)` for object Target Application 'com.openagents.coder'`
    t =    10.21s     Find the "verse-surface" Other
    t =    10.22s     Capturing element debug description
    t =    11.18s Checking `Expect predicate `BLOCKPREDICATE(0x105e83240)` for object Target Application 'com.openagents.coder'`
    t =    11.18s     Find the "verse-surface" Other
    t =    11.19s Find the "verse-surface" Other
    t =    12.27s Checking `Expect predicate `BLOCKPREDICATE(0x112e43f00)` for object Target Application 'com.openagents.coder'`
    t =    12.27s     Find the "verse-surface" Other
    t =    12.29s Find the "verse-surface" Other
    t =    12.29s Tap "verse-surface" Other[0.21, 0.37]
    t =    12.29s     Wait for com.openagents.coder to idle
    t =    12.29s     Find the "verse-surface" Other
    t =    12.30s     Check for interrupting elements affecting "verse-surface" Other
    t =    12.31s     Synthesize event
    t =    12.31s         Find the "verse-surface" Other
    t =    12.32s         Find the "verse-surface" Other
    t =    12.33s         Find the "verse-surface" Other
    t =    12.62s     Wait for com.openagents.coder to idle
    t =    13.71s Checking `Expect predicate `BLOCKPREDICATE(0x105fff450)` for object Target Application 'com.openagents.coder'`
    t =    13.71s     Find the "verse-surface" Other
    t =    13.72s Find the "verse-surface" Other
    t =    13.73s Find the Target Application 'com.openagents.coder'
    t =    13.80s Added attachment named 'Runtime-loaded Atlantis forest'
    t =    13.80s Find the "verse-surface" Other
    t =    13.81s Tap "verse-surface" Other[0.00, 0.00] -> (109.5, 718.0)
    t =    13.81s     Wait for com.openagents.coder to idle
    t =    13.81s     Find the "verse-surface" Other
    t =    13.81s     Check for interrupting elements affecting "verse-surface" Other
    t =    13.82s     Synthesize event
    t =    13.82s         Find the "verse-surface" Other
    t =    13.83s         Find the "verse-surface" Other
    t =    13.84s         Find the "verse-surface" Other
    t =    14.13s     Wait for com.openagents.coder to idle
    t =    15.21s Checking `Expect predicate `BLOCKPREDICATE(0x112ecc7b0)` for object Target Application 'com.openagents.coder'`
    t =    15.21s     Find the "verse-surface" Other
    t =    15.21s Find the "verse-surface" Other
    t =    15.22s Find the "verse-surface" Other
    t =    15.23s Tap "verse-surface" Other[0.00, 0.00] -> (63.8, 718.0)
    t =    15.23s     Wait for com.openagents.coder to idle
    t =    15.23s     Find the "verse-surface" Other
    t =    15.23s     Check for interrupting elements affecting "verse-surface" Other
    t =    15.24s     Synthesize event
    t =    15.24s         Find the "verse-surface" Other
    t =    15.25s         Find the "verse-surface" Other
    t =    15.26s         Find the "verse-surface" Other
    t =    15.55s     Wait for com.openagents.coder to idle
    t =    16.63s Checking `Expect predicate `BLOCKPREDICATE(0x105e825e0)` for object Target Application 'com.openagents.coder'`
    t =    16.63s     Find the "verse-surface" Other
    t =    16.64s Find the "verse-surface" Other
    t =    16.65s Find the Target Application 'com.openagents.coder'
    t =    16.72s Added attachment named 'Forest 5e encounter controls'
    t =    16.72s Find the "verse-surface" Other
    t =    16.73s Tap "verse-surface" Other[0.00, 0.00] -> (338.2, 718.0)
    t =    16.73s     Wait for com.openagents.coder to idle
    t =    16.73s     Find the "verse-surface" Other
    t =    16.74s     Check for interrupting elements affecting "verse-surface" Other
    t =    16.75s     Synthesize event
    t =    16.75s         Find the "verse-surface" Other
    t =    16.76s         Find the "verse-surface" Other
    t =    16.77s         Find the "verse-surface" Other
    t =    17.06s     Wait for com.openagents.coder to idle
    t =    18.14s Checking `Expect predicate `BLOCKPREDICATE(0x112e42640)` for object Target Application 'com.openagents.coder'`
    t =    18.14s     Find the "verse-surface" Other
    t =    18.15s Find the "verse-surface" Other
    t =    18.16s Checking existence of `"verse-error" StaticText`
    t =    18.16s Find the Target Application 'com.openagents.coder'
    t =    18.22s Added attachment named 'Returned to the amber plaza'
    t =    18.22s Tear Down
Test Case '-[CoderUITests.ZoneUITests testPortalLoadsForestAndEncounterThenReturnsToPlaza]' passed (18.492 seconds).
Test Suite 'ZoneUITests' passed at 2026-09-27 00:31:49.486.
	 Executed 1 test, with 0 failures (0 unexpected) in 18.492 (18.493) seconds
Test Suite 'CoderUITests.xctest' passed at 2026-09-27 00:31:49.486.
	 Executed 1 test, with 0 failures (0 unexpected) in 18.492 (18.494) seconds
Test Suite 'Selected tests' passed at 2026-09-27 00:31:49.486.
	 Executed 1 test, with 0 failures (0 unexpected) in 18.492 (18.494) seconds
2026-09-27 00:31:55.817 xcodebuild[32812:99173714] [MT] IDETestOperationsObserverDebug: 26.016 elapsed -- Testing started completed.
2026-09-27 00:31:55.817 xcodebuild[32812:99173714] [MT] IDETestOperationsObserverDebug: 0.000 sec, +0.000 sec -- start
2026-09-27 00:31:55.817 xcodebuild[32812:99173714] [MT] IDETestOperationsObserverDebug: 26.016 sec, +26.016 sec -- end

Test session results, code coverage, and logs:
	/tmp/coder-build47-zones-cached-native.xcresult

** TEST SUCCEEDED **

Testing started
