   0.54 info: Grid: engine renderer on ANGLE (Apple, ANGLE Metal Renderer: Apple M5 Max, Unspecified Version)
   0.54 info: Grid: device profile {"name":"ANGLE (Apple, ANGLE Metal Renderer: Apple M5 Max, Unspecified Version)","vendor":4203,"device":0,"backend":"Gl","device_type":"IntegratedGpu","driver":"","driver_info":"WebGL 2.0 (OpenGL ES 3.0 Chromium)","timestamp_feature_supported":false,"timestamp_query_enabled":false,"timestamp_period_ns":1.0,"multisample_count":1,"quality":"low","scene_format":"Rgba16Float","shadow_views":6,"shadow_view_dimension":"D2Array","shadow_texture_layers":7,"local_shadows":false,"pose_bones":254,"pose_block_bytes":16336,"instanced_poses":false,"mip_recipe_version":1,"m
   0.54 info: Grid: joining verse-bare on ws://127.0.0.1:7457 as 2f4ac212d54429e82de1a14e4ff92ea745550507e5492e7858dc736870ff6888
   1.55 info: Grid frames {"at_s":1.0032999515533447,"frames":59,"instances":21,"p50_ms":16.69999885559082,"p95_ms":16.69999885559082,"max_ms":50.0,"render_ms":0.9,"players_drawn":20,"live":20,"status":"Online","frames_published":1,"refusals":0,"last_refusal":null}
   2.55 info: Grid frames {"at_s":2.0032999515533447,"frames":60,"instances":21,"p50_ms":16.69999885559082,"p95_ms":16.69999885559082,"max_ms":16.799999237060547,"render_ms":0.9,"players_drawn":20,"live":20,"status":"Online","frames_published":1,"refusals":0,"last_refusal":null}
   3.55 info: Grid frames {"at_s":3.0032999515533447,"frames":60,"instances":21,"p50_ms":16.69999885559082,"p95_ms":16.69999885559082,"max_ms":16.799999237060547,"render_ms":0.8,"players_drawn":20,"live":20,"status":"Online","frames_published":1,"refusals":0,"last_refusal":null}
   4.55 info: Grid frames {"at_s":4.003399848937988,"frames":60,"instances":21,"p50_ms":16.69999885559082,"p95_ms":16.69999885559082,"max_ms":16.799999237060547,"render_ms":0.8,"players_drawn":20,"live":20,"status":"Online","frames_published":1,"refusals":0,"last_refusal":null}
   5.56 info: Grid frames {"at_s":5.020299911499023,"frames":61,"instances":21,"p50_ms":16.69999885559082,"p95_ms":16.69999885559082,"max_ms":16.799999237060547,"render_ms":1.0,"players_drawn":20,"live":20,"status":"Online","frames_published":1,"refusals":0,"last_refusal":null}
   6.60 info: Grid frames {"at_s":6.020400047302246,"frames":60,"instances":21,"p50_ms":16.69999885559082,"p95_ms":16.799999237060547,"max_ms":16.799999237060547,"render_ms":0.8,"players_drawn":20,"live":20,"status":"Online","frames_published":2,"refusals":0,"last_refusal":null}
   7.58 info: Grid frames {"at_s":7.020400047302246,"frames":60,"instances":21,"p50_ms":16.69999885559082,"p95_ms":16.69999885559082,"max_ms":16.799999237060547,"render_ms":1.0,"players_drawn":20,"live":20,"status":"Online","frames_published":2,"refusals":0,"last_refusal":null}
   8.61 info: Grid frames {"at_s":8.036199569702148,"frames":61,"instances":21,"p50_ms":16.69999885559082,"p95_ms":16.69999885559082,"max_ms":16.69999885559082,"render_ms":0.7,"players_drawn":20,"live":20,"status":"Online","frames_published":2,"refusals":0,"last_refusal":null}
   9.58 info: Grid frames {"at_s":9.036299705505371,"frames":60,"instances":21,"p50_ms":16.69999885559082,"p95_ms":16.799999237060547,"max_ms":16.799999237060547,"render_ms":0.8,"players_drawn":20,"live":20,"status":"Online","frames_published":2,"refusals":0,"last_refusal":null}
  10.62 info: Grid frames {"at_s":10.053400039672852,"frames":61,"instances":21,"p50_ms":16.69999885559082,"p95_ms":16.69999885559082,"max_ms":16.799999237060547,"render_ms":1.0,"players_drawn":20,"live":20,"status":"Online","frames_published":2,"refusals":0,"last_refusal":null}
  11.62 info: Grid frames {"at_s":11.069299697875977,"frames":61,"instances":21,"p50_ms":16.69999885559082,"p95_ms":16.69999885559082,"max_ms":16.799999237060547,"render_ms":0.9,"players_drawn":20,"live":20,"status":"Online","frames_published":4,"refusals":0,"last_refusal":null}
  12.62 info: Grid frames {"at_s":12.069299697875977,"frames":60,"instances":21,"p50_ms":16.69999885559082,"p95_ms":16.69999885559082,"max_ms":16.69999885559082,"render_ms":0.8,"players_drawn":20,"live":20,"status":"Online","frames_published":4,"refusals":0,"last_refusal":null}
  13.65 info: Grid frames {"at_s":13.086400032043457,"frames":61,"instances":21,"p50_ms":16.69999885559082,"p95_ms":16.69999885559082,"max_ms":16.799999237060547,"render_ms":0.9,"players_drawn":20,"live":20,"status":"Online","frames_published":4,"refusals":0,"last_refusal":null}
  14.67 info: Grid frames {"at_s":14.10319995880127,"frames":61,"instances":21,"p50_ms":16.69999885559082,"p95_ms":16.799999237060547,"max_ms":16.799999237060547,"render_ms":0.8,"players_drawn":20,"live":20,"status":"Online","frames_published":4,"refusals":0,"last_refusal":null}
  15.68 info: Grid frames {"at_s":15.103300094604492,"frames":60,"instances":21,"p50_ms":16.69999885559082,"p95_ms":16.69999885559082,"max_ms":16.799999237060547,"render_ms":0.9,"players_drawn":20,"live":20,"status":"Online","frames_published":4,"refusals":0,"last_refusal":null}
  16.65 info: Grid frames {"at_s":16.1033992767334,"frames":60,"instances":21,"p50_ms":16.69999885559082,"p95_ms":16.799999237060547,"max_ms":16.799999237060547,"render_ms":0.9,"players_drawn":20,"live":20,"status":"Online","frames_published":5,"refusals":0,"last_refusal":null}
  17.67 info: Grid frames {"at_s":17.119300842285156,"frames":61,"instances":21,"p50_ms":16.69999885559082,"p95_ms":16.69999885559082,"max_ms":16.799999237060547,"render_ms":0.9,"players_drawn":20,"live":20,"status":"Online","frames_published":5,"refusals":0,"last_refusal":null}
  18.68 info: Grid frames {"at_s":18.136199951171875,"frames":61,"instances":21,"p50_ms":16.69999885559082,"p95_ms":16.69999885559082,"max_ms":16.799999237060547,"render_ms":0.7,"players_drawn":20,"live":20,"status":"Online","frames_published":5,"refusals":0,"last_refusal":null}
  19.68 info: Grid frames {"at_s":19.13629913330078,"frames":60,"instances":21,"p50_ms":16.69999885559082,"p95_ms":16.69999885559082,"max_ms":16.799999237060547,"render_ms":0.7,"players_drawn":20,"live":20,"status":"Online","frames_published":6,"refusals":0,"last_refusal":null}
  20.70 info: Grid frames {"at_s":20.15220069885254,"frames":61,"instances":21,"p50_ms":16.69999885559082,"p95_ms":16.69999885559082,"max_ms":16.69999885559082,"render_ms":0.8,"players_drawn":20,"live":20,"status":"Online","frames_published":6,"refusals":0,"last_refusal":null}
  21.70 info: Grid frames {"at_s":21.152299880981445,"frames":60,"instances":21,"p50_ms":16.69999885559082,"p95_ms":16.799999237060547,"max_ms":16.799999237060547,"render_ms":0.8,"players_drawn":20,"live":20,"status":"Online","frames_published":6,"refusals":0,"last_refusal":null}
  22.72 info: Grid frames {"at_s":22.152299880981445,"frames":60,"instances":21,"p50_ms":16.69999885559082,"p95_ms":16.69999885559082,"max_ms":16.799999237060547,"render_ms":0.8,"players_drawn":20,"live":20,"status":"Online","frames_published":6,"refusals":0,"last_refusal":null}
  23.70 info: Grid frames {"at_s":23.15239906311035,"frames":60,"instances":21,"p50_ms":16.69999885559082,"p95_ms":16.69999885559082,"max_ms":16.799999237060547,"render_ms":0.9,"players_drawn":20,"live":20,"status":"Online","frames_published":6,"refusals":0,"last_refusal":null}
  24.73 info: Grid frames {"at_s":24.169200897216797,"frames":61,"instances":21,"p50_ms":16.69999885559082,"p95_ms":16.69999885559082,"max_ms":16.799999237060547,"render_ms":0.9,"players_drawn":20,"live":20,"status":"Online","frames_published":7,"refusals":0,"last_refusal":null}
  25.74 info: Grid frames {"at_s":25.18549919128418,"frames":61,"instances":21,"p50_ms":16.69999885559082,"p95_ms":16.799999237060547,"max_ms":16.799999237060547,"render_ms":0.9,"players_drawn":20,"live":20,"status":"Online","frames_published":7,"refusals":0,"last_refusal":null}
  26.75 info: Grid frames {"at_s":26.20210075378418,"frames":61,"instances":21,"p50_ms":16.69999885559082,"p95_ms":16.69999885559082,"max_ms":16.799999237060547,"render_ms":0.7,"players_drawn":20,"live":20,"status":"Online","frames_published":7,"refusals":0,"last_refusal":null}
  27.77 info: Grid frames {"at_s":27.202299118041992,"frames":60,"instances":21,"p50_ms":16.69999885559082,"p95_ms":16.69999885559082,"max_ms":16.799999237060547,"render_ms":0.8,"players_drawn":20,"live":20,"status":"Online","frames_published":7,"refusals":0,"last_refusal":null}
  28.75 info: Grid frames {"at_s":28.202499389648438,"frames":60,"instances":21,"p50_ms":16.69999885559082,"p95_ms":16.69999885559082,"max_ms":16.69999885559082,"render_ms":0.8,"players_drawn":20,"live":20,"status":"Online","frames_published":8,"refusals":0,"last_refusal":null}
  29.77 info: Grid frames {"at_s":29.219200134277344,"frames":61,"instances":21,"p50_ms":16.69999885559082,"p95_ms":16.799999237060547,"max_ms":16.799999237060547,"render_ms":0.8,"players_drawn":20,"live":20,"status":"Online","frames_published":8,"refusals":0,"last_refusal":null}
  30.76 info: Grid frames {"at_s":30.219200134277344,"frames":60,"instances":21,"p50_ms":16.69999885559082,"p95_ms":16.69999885559082,"max_ms":16.69999885559082,"render_ms":0.8,"players_drawn":20,"live":20,"status":"Online","frames_published":8,"refusals":0,"last_refusal":null}
  31.78 info: Grid frames {"at_s":31.234899520874023,"frames":61,"instances":21,"p50_ms":16.69999885559082,"p95_ms":16.799999237060547,"max_ms":16.799999237060547,"render_ms":0.6,"players_drawn":20,"live":20,"status":"Online","frames_published":8,"refusals":0,"last_refusal":null}
  32.78 info: Grid frames {"at_s":32.23509979248047,"frames":60,"instances":21,"p50_ms":16.69999885559082,"p95_ms":16.799999237060547,"max_ms":16.799999237060547,"render_ms":0.8,"players_drawn":20,"live":20,"status":"Online","frames_published":8,"refusals":0,"last_refusal":null}
  33.78 info: Grid frames {"at_s":33.23550033569336,"frames":60,"instances":21,"p50_ms":16.69999885559082,"p95_ms":16.799999237060547,"max_ms":16.799999237060547,"render_ms":0.7,"players_drawn":20,"live":20,"status":"Online","frames_published":9,"refusals":0,"last_refusal":null}
  34.80 info: Grid frames {"at_s":34.25239944458008,"frames":61,"instances":21,"p50_ms":16.69999885559082,"p95_ms":16.799999237060547,"max_ms":16.799999237060547,"render_ms":0.8,"players_drawn":20,"live":20,"status":"Online","frames_published":9,"refusals":0,"last_refusal":null}
  35.81 info: Grid frames {"at_s":35.2681999206543,"frames":61,"instances":21,"p50_ms":16.69999885559082,"p95_ms":16.799999237060547,"max_ms":16.799999237060547,"render_ms":0.8,"players_drawn":20,"live":20,"status":"Online","frames_published":9,"refusals":0,"last_refusal":null}
  36.83 info: Grid frames {"at_s":36.28519821166992,"frames":61,"instances":21,"p50_ms":16.69999885559082,"p95_ms":16.799999237060547,"max_ms":16.799999237060547,"render_ms":0.9,"players_drawn":20,"live":20,"status":"Online","frames_published":9,"refusals":0,"last_refusal":null}
  37.83 info: Grid frames {"at_s":37.28519821166992,"frames":60,"instances":21,"p50_ms":16.69999885559082,"p95_ms":16.69999885559082,"max_ms":16.799999237060547,"render_ms":0.8,"players_drawn":20,"live":20,"status":"Online","frames_published":9,"refusals":0,"last_refusal":null}
  38.83 info: Grid frames {"at_s":38.28519821166992,"frames":60,"instances":21,"p50_ms":16.69999885559082,"p95_ms":16.799999237060547,"max_ms":16.799999237060547,"render_ms":0.8,"players_drawn":20,"live":20,"status":"Online","frames_published":10,"refusals":0,"last_refusal":null}
  39.83 info: Grid frames {"at_s":39.285400390625,"frames":60,"instances":21,"p50_ms":16.69999885559082,"p95_ms":16.69999885559082,"max_ms":16.799999237060547,"render_ms":0.9,"players_drawn":20,"live":20,"status":"Online","frames_published":10,"refusals":0,"last_refusal":null}
