   0.38 info: Grid: engine renderer on 
   0.39 info: Grid: device profile {"name":"","vendor":0,"device":0,"backend":"BrowserWebGpu","device_type":"Other","driver":"","driver_info":"","timestamp_feature_supported":true,"timestamp_query_enabled":false,"timestamp_period_ns":1.0,"multisample_count":4,"quality":"medium","scene_format":"Rgba16Float","shadow_views":12,"shadow_view_dimension":"D2Array","shadow_texture_layers":12,"local_shadows":true,"pose_bones":256,"pose_block_bytes":16464,"instanced_poses":true,"mip_recipe_version":1,"mip_variants":1,"shadow_size":512,"budget":{"instances":1024,"optional_effects":384,"surfaces":16384,"t
   0.39 info: Grid: joining verse-bare on ws://127.0.0.1:7457 as 72508020b730fa213210c0fc747fb96cca83e0e9fe21062e9f9387292f55cb78
   1.40 info: Grid frames {"at_s":1.0144000053405762,"frames":61,"instances":1,"p50_ms":16.69999885559082,"p95_ms":16.799999237060547,"max_ms":50.0,"render_ms":0.2,"players_drawn":0,"live":0,"status":"Online","frames_published":1,"refusals":0,"last_refusal":null}
   2.44 info: Grid frames {"at_s":2.030900001525879,"frames":61,"instances":10,"p50_ms":16.69999885559082,"p95_ms":16.69999885559082,"max_ms":16.799999237060547,"render_ms":0.4,"players_drawn":9,"live":9,"status":"Online","frames_published":1,"refusals":0,"last_refusal":null}
   3.42 info: Grid frames {"at_s":3.0313000679016113,"frames":60,"instances":21,"p50_ms":16.69999885559082,"p95_ms":16.799999237060547,"max_ms":16.799999237060547,"render_ms":0.7,"players_drawn":20,"live":20,"status":"Online","frames_published":1,"refusals":0,"last_refusal":null}
   4.42 info: Grid frames {"at_s":4.031300067901611,"frames":60,"instances":21,"p50_ms":16.69999885559082,"p95_ms":16.799999237060547,"max_ms":16.799999237060547,"render_ms":0.6,"players_drawn":20,"live":20,"status":"Online","frames_published":1,"refusals":0,"last_refusal":null}
   5.44 info: Grid frames {"at_s":5.048099994659424,"frames":61,"instances":21,"p50_ms":16.69999885559082,"p95_ms":16.799999237060547,"max_ms":16.799999237060547,"render_ms":0.5,"players_drawn":20,"live":20,"status":"Online","frames_published":1,"refusals":0,"last_refusal":null}
   6.44 info: Grid frames {"at_s":6.0482001304626465,"frames":60,"instances":21,"p50_ms":16.69999885559082,"p95_ms":16.69999885559082,"max_ms":16.799999237060547,"render_ms":0.7,"players_drawn":20,"live":20,"status":"Online","frames_published":3,"refusals":0,"last_refusal":null}
   7.44 info: Grid frames {"at_s":7.0482001304626465,"frames":60,"instances":21,"p50_ms":16.69999885559082,"p95_ms":16.69999885559082,"max_ms":16.799999237060547,"render_ms":0.7,"players_drawn":20,"live":20,"status":"Online","frames_published":3,"refusals":0,"last_refusal":null}
   8.44 info: Grid frames {"at_s":8.048299789428711,"frames":60,"instances":21,"p50_ms":16.69999885559082,"p95_ms":16.69999885559082,"max_ms":16.799999237060547,"render_ms":0.7,"players_drawn":20,"live":20,"status":"Online","frames_published":3,"refusals":0,"last_refusal":null}
   9.44 info: Grid frames {"at_s":9.048399925231934,"frames":60,"instances":21,"p50_ms":16.69999885559082,"p95_ms":16.799999237060547,"max_ms":16.799999237060547,"render_ms":0.8,"players_drawn":20,"live":20,"status":"Online","frames_published":3,"refusals":0,"last_refusal":null}
  10.45 info: Grid frames {"at_s":10.064499855041504,"frames":61,"instances":21,"p50_ms":16.69999885559082,"p95_ms":16.69999885559082,"max_ms":16.799999237060547,"render_ms":0.8,"players_drawn":20,"live":20,"status":"Online","frames_published":3,"refusals":0,"last_refusal":null}
  11.47 info: Grid frames {"at_s":11.081199645996094,"frames":61,"instances":21,"p50_ms":16.69999885559082,"p95_ms":16.69999885559082,"max_ms":16.799999237060547,"render_ms":0.7,"players_drawn":20,"live":20,"status":"Online","frames_published":4,"refusals":0,"last_refusal":null}
  12.47 info: Grid frames {"at_s":12.081399917602539,"frames":60,"instances":21,"p50_ms":16.69999885559082,"p95_ms":16.69999885559082,"max_ms":16.799999237060547,"render_ms":0.7,"players_drawn":20,"live":20,"status":"Online","frames_published":4,"refusals":0,"last_refusal":null}
  13.49 info: Grid frames {"at_s":13.098299980163574,"frames":61,"instances":21,"p50_ms":16.69999885559082,"p95_ms":16.69999885559082,"max_ms":16.799999237060547,"render_ms":0.7,"players_drawn":20,"live":20,"status":"Online","frames_published":4,"refusals":0,"last_refusal":null}
  14.50 info: Grid frames {"at_s":14.114100456237793,"frames":61,"instances":21,"p50_ms":16.69999885559082,"p95_ms":16.69999885559082,"max_ms":16.799999237060547,"render_ms":0.6,"players_drawn":20,"live":20,"status":"Online","frames_published":4,"refusals":0,"last_refusal":null}
  15.50 info: Grid frames {"at_s":15.1141996383667,"frames":60,"instances":21,"p50_ms":16.69999885559082,"p95_ms":16.69999885559082,"max_ms":16.799999237060547,"render_ms":0.6,"players_drawn":20,"live":20,"status":"Online","frames_published":4,"refusals":0,"last_refusal":null}
  16.50 info: Grid frames {"at_s":16.114299774169922,"frames":60,"instances":21,"p50_ms":16.69999885559082,"p95_ms":16.69999885559082,"max_ms":16.799999237060547,"render_ms":0.7,"players_drawn":20,"live":20,"status":"Online","frames_published":5,"refusals":0,"last_refusal":null}
  17.50 info: Grid frames {"at_s":17.11440086364746,"frames":60,"instances":21,"p50_ms":16.69999885559082,"p95_ms":16.69999885559082,"max_ms":16.799999237060547,"render_ms":0.7,"players_drawn":20,"live":20,"status":"Online","frames_published":5,"refusals":0,"last_refusal":null}
  18.52 info: Grid frames {"at_s":18.131200790405273,"frames":61,"instances":21,"p50_ms":16.69999885559082,"p95_ms":16.799999237060547,"max_ms":16.799999237060547,"render_ms":0.6,"players_drawn":20,"live":20,"status":"Online","frames_published":5,"refusals":0,"last_refusal":null}
  19.52 info: Grid frames {"at_s":19.131200790405273,"frames":60,"instances":21,"p50_ms":16.69999885559082,"p95_ms":16.69999885559082,"max_ms":16.799999237060547,"render_ms":0.6,"players_drawn":20,"live":20,"status":"Online","frames_published":5,"refusals":0,"last_refusal":null}
  20.54 info: Grid frames {"at_s":20.147199630737305,"frames":61,"instances":21,"p50_ms":16.69999885559082,"p95_ms":16.69999885559082,"max_ms":16.799999237060547,"render_ms":0.5,"players_drawn":20,"live":20,"status":"Online","frames_published":6,"refusals":0,"last_refusal":null}
  21.54 info: Grid frames {"at_s":21.147199630737305,"frames":60,"instances":21,"p50_ms":16.69999885559082,"p95_ms":16.69999885559082,"max_ms":16.799999237060547,"render_ms":0.4,"players_drawn":20,"live":20,"status":"Online","frames_published":6,"refusals":0,"last_refusal":null}
  22.54 info: Grid frames {"at_s":22.14739990234375,"frames":60,"instances":21,"p50_ms":16.69999885559082,"p95_ms":16.799999237060547,"max_ms":16.799999237060547,"render_ms":0.7,"players_drawn":20,"live":20,"status":"Online","frames_published":6,"refusals":0,"last_refusal":null}
  23.54 info: Grid frames {"at_s":23.14739990234375,"frames":60,"instances":21,"p50_ms":16.69999885559082,"p95_ms":16.69999885559082,"max_ms":16.799999237060547,"render_ms":0.7,"players_drawn":20,"live":20,"status":"Online","frames_published":6,"refusals":0,"last_refusal":null}
  24.55 info: Grid frames {"at_s":24.147499084472656,"frames":60,"instances":21,"p50_ms":16.69999885559082,"p95_ms":16.799999237060547,"max_ms":16.799999237060547,"render_ms":0.8,"players_drawn":20,"live":20,"status":"Online","frames_published":6,"refusals":0,"last_refusal":null}
  25.55 info: Grid frames {"at_s":25.147499084472656,"frames":60,"instances":21,"p50_ms":16.69999885559082,"p95_ms":16.69999885559082,"max_ms":16.799999237060547,"render_ms":0.8,"players_drawn":20,"live":20,"status":"Online","frames_published":7,"refusals":0,"last_refusal":null}
  26.55 info: Grid frames {"at_s":26.1643009185791,"frames":61,"instances":21,"p50_ms":16.69999885559082,"p95_ms":16.69999885559082,"max_ms":16.799999237060547,"render_ms":0.7,"players_drawn":20,"live":20,"status":"Online","frames_published":7,"refusals":0,"last_refusal":null}
  27.57 info: Grid frames {"at_s":27.1643009185791,"frames":60,"instances":21,"p50_ms":16.69999885559082,"p95_ms":16.69999885559082,"max_ms":16.799999237060547,"render_ms":0.6,"players_drawn":20,"live":20,"status":"Online","frames_published":7,"refusals":0,"last_refusal":null}
  28.55 info: Grid frames {"at_s":28.1643009185791,"frames":60,"instances":21,"p50_ms":16.69999885559082,"p95_ms":16.69999885559082,"max_ms":16.799999237060547,"render_ms":0.7,"players_drawn":20,"live":20,"status":"Online","frames_published":7,"refusals":0,"last_refusal":null}
  29.57 info: Grid frames {"at_s":29.180200576782227,"frames":61,"instances":21,"p50_ms":16.69999885559082,"p95_ms":16.799999237060547,"max_ms":16.799999237060547,"render_ms":0.7,"players_drawn":20,"live":20,"status":"Online","frames_published":7,"refusals":0,"last_refusal":null}
  30.57 info: Grid frames {"at_s":30.180200576782227,"frames":60,"instances":21,"p50_ms":16.69999885559082,"p95_ms":16.69999885559082,"max_ms":16.799999237060547,"render_ms":0.6,"players_drawn":20,"live":20,"status":"Online","frames_published":8,"refusals":0,"last_refusal":null}
  31.57 info: Grid frames {"at_s":31.180299758911133,"frames":60,"instances":21,"p50_ms":16.69999885559082,"p95_ms":16.69999885559082,"max_ms":16.799999237060547,"render_ms":0.6,"players_drawn":20,"live":20,"status":"Online","frames_published":8,"refusals":0,"last_refusal":null}
  32.57 info: Grid frames {"at_s":32.18040084838867,"frames":60,"instances":21,"p50_ms":16.69999885559082,"p95_ms":16.69999885559082,"max_ms":16.799999237060547,"render_ms":0.7,"players_drawn":20,"live":20,"status":"Online","frames_published":8,"refusals":0,"last_refusal":null}
  33.57 info: Grid frames {"at_s":33.18090057373047,"frames":60,"instances":21,"p50_ms":16.69999885559082,"p95_ms":16.69999885559082,"max_ms":16.799999237060547,"render_ms":0.8,"players_drawn":20,"live":20,"status":"Online","frames_published":8,"refusals":0,"last_refusal":null}
  34.59 info: Grid frames {"at_s":34.197200775146484,"frames":61,"instances":21,"p50_ms":16.69999885559082,"p95_ms":16.69999885559082,"max_ms":16.799999237060547,"render_ms":0.6,"players_drawn":20,"live":20,"status":"Online","frames_published":8,"refusals":0,"last_refusal":null}
  35.59 info: Grid frames {"at_s":35.19729995727539,"frames":60,"instances":21,"p50_ms":16.69999885559082,"p95_ms":16.69999885559082,"max_ms":16.799999237060547,"render_ms":0.6,"players_drawn":20,"live":20,"status":"Online","frames_published":9,"refusals":0,"last_refusal":null}
  36.60 info: Grid frames {"at_s":36.197601318359375,"frames":60,"instances":21,"p50_ms":16.69999885559082,"p95_ms":16.69999885559082,"max_ms":16.799999237060547,"render_ms":0.7,"players_drawn":20,"live":20,"status":"Online","frames_published":9,"refusals":0,"last_refusal":null}
  37.62 info: Grid frames {"at_s":37.213199615478516,"frames":61,"instances":21,"p50_ms":16.69999885559082,"p95_ms":16.799999237060547,"max_ms":16.799999237060547,"render_ms":0.7,"players_drawn":20,"live":20,"status":"Online","frames_published":9,"refusals":0,"last_refusal":null}
  38.60 info: Grid frames {"at_s":38.21329879760742,"frames":60,"instances":21,"p50_ms":16.69999885559082,"p95_ms":16.69999885559082,"max_ms":16.799999237060547,"render_ms":0.6,"players_drawn":20,"live":20,"status":"Online","frames_published":9,"refusals":0,"last_refusal":null}
  39.61 info: Grid frames {"at_s":39.21329879760742,"frames":60,"instances":21,"p50_ms":16.69999885559082,"p95_ms":16.69999885559082,"max_ms":16.799999237060547,"render_ms":0.6,"players_drawn":20,"live":20,"status":"Online","frames_published":9,"refusals":0,"last_refusal":null}
