Android native verification for build 46 integration
Command: ./gradlew --no-daemon --console=plain --project-cache-dir /Users/christopherdavid/work/openagents-mobile45-target/android46-project-cache -PcoderOutputDir=/Users/christopherdavid/work/openagents-mobile45-target/android46-gradle -PcoderNativeDir=/Users/christopherdavid/work/openagents-mobile45-target/coder-android/jniLibs -PcoderAbi=arm64-v8a :app:compileDebugKotlin :app:compileDebugAndroidTestKotlin :app:testDebugUnitTest --tests com.openagents.coder.PinchAdmissionTest
Environment: sanitized; JDK 17; Android SDK 35.
Scope: main and instrumentation compilation; two native JVM pinch admission tests. No emulator, Rust build, or live network test.

To honour the JVM settings for this build a single-use Daemon process will be forked. For more on this, please refer to https://docs.gradle.org/8.13/userguide/gradle_daemon.html#sec:disabling_the_daemon in the Gradle documentation.
Daemon will be stopped at the end of the build
> Task :app:checkKotlinGradlePluginConfigurationErrors SKIPPED
> Task :app:preBuild UP-TO-DATE
> Task :app:preDebugBuild UP-TO-DATE
> Task :app:generateDebugBuildConfig UP-TO-DATE
> Task :app:checkDebugAarMetadata UP-TO-DATE
> Task :app:processDebugNavigationResources UP-TO-DATE
> Task :app:compileDebugNavigationResources UP-TO-DATE
> Task :app:generateDebugResValues UP-TO-DATE
> Task :app:mapDebugSourceSetPaths UP-TO-DATE
> Task :app:generateDebugResources UP-TO-DATE
> Task :app:mergeDebugResources UP-TO-DATE
> Task :app:packageDebugResources UP-TO-DATE
> Task :app:parseDebugLocalResources UP-TO-DATE
> Task :app:createDebugCompatibleScreenManifests UP-TO-DATE
> Task :app:extractDeepLinksDebug UP-TO-DATE
> Task :app:processDebugMainManifest UP-TO-DATE
> Task :app:processDebugManifest UP-TO-DATE
> Task :app:processDebugManifestForPackage UP-TO-DATE
> Task :app:processDebugResources UP-TO-DATE
> Task :app:javaPreCompileDebug UP-TO-DATE
> Task :app:preDebugAndroidTestBuild SKIPPED
> Task :app:processDebugAndroidTestManifest UP-TO-DATE
> Task :app:generateDebugAndroidTestBuildConfig UP-TO-DATE
> Task :app:checkDebugAndroidTestAarMetadata UP-TO-DATE
> Task :app:processDebugAndroidTestNavigationResources UP-TO-DATE
> Task :app:compileDebugAndroidTestNavigationResources UP-TO-DATE
> Task :app:generateDebugAndroidTestResValues UP-TO-DATE
> Task :app:mapDebugAndroidTestSourceSetPaths UP-TO-DATE
> Task :app:generateDebugAndroidTestResources UP-TO-DATE
> Task :app:mergeDebugAndroidTestResources UP-TO-DATE
> Task :app:processDebugAndroidTestResources UP-TO-DATE
> Task :app:preDebugUnitTestBuild UP-TO-DATE
> Task :app:javaPreCompileDebugUnitTest UP-TO-DATE

> Task :app:compileDebugKotlin
w: file:///Users/christopherdavid/work/openagents-mobile45/bins/coder-android/host/app/src/main/java/com/openagents/coder/MainActivity.kt:113:16 'var statusBarColor: Int' is deprecated. Deprecated in Java.
w: file:///Users/christopherdavid/work/openagents-mobile45/bins/coder-android/host/app/src/main/java/com/openagents/coder/MainActivity.kt:113:59 'var navigationBarColor: Int' is deprecated. Deprecated in Java.

> Task :app:compileDebugJavaWithJavac UP-TO-DATE
> Task :app:bundleDebugClassesToCompileJar
> Task :app:bundleDebugClassesToRuntimeJar
> Task :app:compileDebugUnitTestKotlin
> Task :app:compileDebugUnitTestJavaWithJavac NO-SOURCE
> Task :app:processDebugJavaRes UP-TO-DATE
> Task :app:processDebugUnitTestJavaRes UP-TO-DATE
> Task :app:testDebugUnitTest
> Task :app:compileDebugAndroidTestKotlin

BUILD SUCCESSFUL in 10s
37 actionable tasks: 6 executed, 31 up-to-date

JUnit results:
<?xml version="1.0" encoding="UTF-8"?>
<testsuite name="com.openagents.coder.PinchAdmissionTest" tests="2" skipped="0" failures="0" errors="0" timestamp="2026-09-27T04:23:26.194Z" hostname="ChristohersMBP2.lan" time="0.004">
  <properties/>
  <testcase name="aFreshPinchKeepsRemainingFingersOutOfMovementUntilReleased" classname="com.openagents.coder.PinchAdmissionTest" time="0.004"/>
  <testcase name="movementAndHeldControlsDoNotBecomePinches" classname="com.openagents.coder.PinchAdmissionTest" time="0.0"/>
  <system-out><![CDATA[]]></system-out>
  <system-err><![CDATA[]]></system-err>
</testsuite>
