warning: failed to connect to jobserver from environment variable `CARGO_MAKEFLAGS="-j --jobserver-fds=3,5 --jobserver-auth=3,5"`: cannot open file descriptor 3 from the jobserver environment variable value: Bad file descriptor (os error 9)
  |
  = note: the build environment is likely misconfigured

warning: `physics` (lib) generated 1 warning
   Compiling verse-engine v0.1.0 (/home/christopherdavid/work/openagents-verse-audit/crates/verse-engine)
warning: `verse-engine` (lib) generated 1 warning (1 duplicate)
   Compiling verse-world v0.1.0 (/home/christopherdavid/work/openagents-verse-audit/crates/verse-world)
warning: method `additional_characters` is never used
    --> crates/verse-world/src/play.rs:2943:19
     |
 428 | impl Game {
     | --------- method in this implementation
...
2943 |     pub(crate) fn additional_characters(
     |                   ^^^^^^^^^^^^^^^^^^^^^
     |
     = note: `#[warn(dead_code)]` (part of `#[warn(unused)]`) on by default

warning: `verse-world` (lib) generated 2 warnings (1 duplicate)
   Compiling verse-gfx v0.1.0 (/home/christopherdavid/work/openagents-verse-audit/crates/verse-gfx)
warning: `verse-gfx` (lib) generated 1 warning (1 duplicate)
   Compiling verse-pbr v0.1.0 (/home/christopherdavid/work/openagents-verse-audit/crates/verse-pbr)
warning: `verse-pbr` (lib) generated 1 warning (1 duplicate)
   Compiling verse-net v0.1.0 (/home/christopherdavid/work/openagents-verse-audit/crates/verse-net)
warning: `verse-net` (lib) generated 1 warning (1 duplicate)
   Compiling verse-core v0.1.0 (/home/christopherdavid/work/openagents-verse-audit/crates/verse-core)
warning: `verse-core` (lib) generated 1 warning (1 duplicate)
   Compiling verse-content v0.1.0 (/home/christopherdavid/work/openagents-verse-audit/crates/verse-content)
warning: `verse-content` (lib) generated 1 warning (1 duplicate)
warning: `coder-pty` (lib) generated 1 warning (1 duplicate)
warning: `coder-vt` (lib) generated 1 warning (1 duplicate)
   Compiling alsa-sys v0.4.0
warning: `openagents-chat` (lib) generated 1 warning (1 duplicate)
warning: `alsa-sys` (lib) generated 1 warning (1 duplicate)
   Compiling terminal-core v0.1.0 (/home/christopherdavid/work/openagents-verse-audit/crates/terminal-core)
warning: `terminal-core` (lib) generated 1 warning (1 duplicate)
   Compiling verse-host v0.1.0 (/home/christopherdavid/work/openagents-verse-audit/crates/verse-host)
   Compiling alsa v0.11.0
warning: `alsa` (lib) generated 1 warning (1 duplicate)
warning: `openagents-connect` (lib) generated 1 warning (1 duplicate)
   Compiling verse-zone-everglade v0.1.0 (/home/christopherdavid/work/openagents-verse-audit/crates/verse-zone-everglade)
warning: variable does not need to be mutable
   --> crates/verse-zone-everglade/src/zones/everglade/layout/streets.rs:275:9
    |
275 |     let mut try_put =
    |         ----^^^^^^^
    |         |
    |         help: remove this `mut`
    |
    = note: `#[warn(unused_mut)]` (part of `#[warn(unused)]`) on by default

warning: function `triangles` is never used
   --> crates/verse-zone-everglade/src/zones/everglade/draw.rs:103:15
    |
103 | pub(super) fn triangles() -> u64 {
    |               ^^^^^^^^^
    |
    = note: `#[warn(dead_code)]` (part of `#[warn(unused)]`) on by default

warning: function `stream_triangles` is never used
   --> crates/verse-zone-everglade/src/zones/everglade/draw.rs:112:4
    |
112 | fn stream_triangles() -> u64 {
    |    ^^^^^^^^^^^^^^^^

warning: `verse-zone-everglade` (lib) generated 4 warnings (1 duplicate) (run `cargo fix --lib -p verse-zone-everglade` to apply 1 suggestion)
warning: `gym-leaderboard` (lib) generated 1 warning (1 duplicate)
warning: `verse-lagrange` (lib) generated 1 warning (1 duplicate)
   Compiling coder-host v0.1.0 (/home/christopherdavid/work/openagents-verse-audit/crates/coder-host)
warning: `coder-host` (lib) generated 1 warning (1 duplicate)
   Compiling cpal v0.18.2
warning: `cpal` (lib) generated 1 warning (1 duplicate)
   Compiling verse-gym v0.1.0 (/home/christopherdavid/work/openagents-verse-audit/crates/verse-gym)
warning: `verse-gym` (lib) generated 1 warning (1 duplicate)
   Compiling verse-zone-lagrange v0.1.0 (/home/christopherdavid/work/openagents-verse-audit/crates/verse-zone-lagrange)
warning: `verse-zone-lagrange` (lib) generated 1 warning (1 duplicate)
   Compiling verse-zone-grove v0.1.0 (/home/christopherdavid/work/openagents-verse-audit/crates/verse-zone-grove)
warning: `verse-zone-grove` (lib) generated 1 warning (1 duplicate)
   Compiling verse-zone-ruins v0.1.0 (/home/christopherdavid/work/openagents-verse-audit/crates/verse-zone-ruins)
warning: `verse-zone-ruins` (lib) generated 1 warning (1 duplicate)
warning: `verse-host` (lib) generated 1 warning (1 duplicate)
   Compiling terminal-control v0.1.0 (/home/christopherdavid/work/openagents-verse-audit/crates/terminal-control)
warning: `terminal-control` (lib) generated 1 warning (1 duplicate)
   Compiling verse-imported v0.1.0 (/home/christopherdavid/work/openagents-verse-audit/crates/verse-imported)
warning: unused variable: `numbers`
    --> crates/verse-imported/src/imported/overlay.rs:1297:9
     |
1297 |     let numbers = atlas.font("numbers").layout_at_scale(1.0 / s).unwrap();
     |         ^^^^^^^ help: if this is intentional, prefix it with an underscore: `_numbers`
     |
     = note: `#[warn(unused_variables)]` (part of `#[warn(unused)]`) on by default

warning: `verse-imported` (lib) generated 2 warnings (1 duplicate) (run `cargo fix --lib -p verse-imported` to apply 1 suggestion)
   Compiling verse-zone-lab v0.1.0 (/home/christopherdavid/work/openagents-verse-audit/crates/verse-zone-lab)
warning: `verse-zone-lab` (lib) generated 1 warning (1 duplicate)
   Compiling verse-zone-crypt v0.1.0 (/home/christopherdavid/work/openagents-verse-audit/crates/verse-zone-crypt)
warning: `verse-zone-crypt` (lib) generated 1 warning (1 duplicate)
   Compiling verse v0.1.0 (/home/christopherdavid/work/openagents-verse-audit/crates/verse)
warning: unused import: `boards`
 --> crates/verse/src/zones/studio_tests.rs:5:41
  |
5 | use crate::zones::everglade::{STATIONS, boards, height};
  |                                         ^^^^^^
  |
  = note: `#[warn(unused_imports)]` (part of `#[warn(unused)]`) on by default

warning: unused import: `Station as At`
 --> crates/verse/src/zones/studio_tests.rs:9:40
  |
9 | use coder_access::studio::{Role, Seat, Station as At};
  |                                        ^^^^^^^^^^^^^

error[E0599]: no method named `is_streaming` found for struct `verse_engine::audio::Prepared` in the current scope
   --> crates/verse/src/audio_native.rs:186:54
    |
186 |         if prepared.bus() == Bus::Music && !prepared.is_streaming() {
    |                                                      ^^^^^^^^^^^^
    |
help: there is a method `into_streaming` with a similar name, but with different arguments
   --> crates/verse-engine/src/audio.rs:150:4

For more information about this error, try `rustc --explain E0599`.
warning: `verse` (lib test) generated 3 warnings (1 duplicate)
error: could not compile `verse` (lib test) due to 1 previous error; 3 warnings emitted
