    Checking verse-engine v0.1.0 (/home/christopherdavid/work/openagents-verse-audit/crates/verse-engine)
    Checking verse-world v0.1.0 (/home/christopherdavid/work/openagents-verse-audit/crates/verse-world)
warning: method `additional_characters` is never used
    --> crates/verse-world/src/play.rs:2943:19
     |
 428 | impl Game {
     | --------- method in this implementation
...
2943 |     pub(crate) fn additional_characters(
     |                   ^^^^^^^^^^^^^^^^^^^^^
     |
     = note: `#[warn(dead_code)]` (part of `#[warn(unused)]`) on by default

warning: `verse-world` (lib) generated 1 warning
    Checking verse-gfx v0.1.0 (/home/christopherdavid/work/openagents-verse-audit/crates/verse-gfx)
    Checking verse-pbr v0.1.0 (/home/christopherdavid/work/openagents-verse-audit/crates/verse-pbr)
    Checking verse-net v0.1.0 (/home/christopherdavid/work/openagents-verse-audit/crates/verse-net)
    Checking verse-core v0.1.0 (/home/christopherdavid/work/openagents-verse-audit/crates/verse-core)
    Checking verse-content v0.1.0 (/home/christopherdavid/work/openagents-verse-audit/crates/verse-content)
    Checking coder-pty v0.1.0 (/home/christopherdavid/work/openagents-verse-audit/crates/coder-pty)
    Checking coder-vt v0.1.0 (/home/christopherdavid/work/openagents-verse-audit/crates/coder-vt)
    Checking terminal-core v0.1.0 (/home/christopherdavid/work/openagents-verse-audit/crates/terminal-core)
    Checking verse-zone-everglade v0.1.0 (/home/christopherdavid/work/openagents-verse-audit/crates/verse-zone-everglade)
warning: variable does not need to be mutable
   --> crates/verse-zone-everglade/src/zones/everglade/layout/streets.rs:275:9
    |
275 |     let mut try_put =
    |         ----^^^^^^^
    |         |
    |         help: remove this `mut`
    |
    = note: `#[warn(unused_mut)]` (part of `#[warn(unused)]`) on by default

warning: function `triangles` is never used
   --> crates/verse-zone-everglade/src/zones/everglade/draw.rs:103:15
    |
103 | pub(super) fn triangles() -> u64 {
    |               ^^^^^^^^^
    |
    = note: `#[warn(dead_code)]` (part of `#[warn(unused)]`) on by default

warning: function `stream_triangles` is never used
   --> crates/verse-zone-everglade/src/zones/everglade/draw.rs:112:4
    |
112 | fn stream_triangles() -> u64 {
    |    ^^^^^^^^^^^^^^^^

warning: `verse-zone-everglade` (lib) generated 3 warnings (run `cargo fix --lib -p verse-zone-everglade` to apply 1 suggestion)
   Compiling verse-host v0.1.0 (/home/christopherdavid/work/openagents-verse-audit/crates/verse-host)
error: failed to write `/home/christopherdavid/work/openagents-target-agent1/debug/build/verse-host-44ca3b72f36c375f/invoked.timestamp`

Caused by:
  No space left on device (os error 28)
