warning: failed to connect to jobserver from environment variable `CARGO_MAKEFLAGS="-j --jobserver-fds=3,5 --jobserver-auth=3,5"`: cannot open file descriptor 3 from the jobserver environment variable value: Bad file descriptor (os error 9)
  |
  = note: the build environment is likely misconfigured

warning: `physics` (lib) generated 1 warning
   Compiling verse-engine v0.1.0 (/home/christopherdavid/work/openagents-verse-audit/crates/verse-engine)
   Compiling verse-world v0.1.0 (/home/christopherdavid/work/openagents-verse-audit/crates/verse-world)
warning: method `additional_characters` is never used
    --> crates/verse-world/src/play.rs:2943:19
     |
 428 | impl Game {
     | --------- method in this implementation
...
2943 |     pub(crate) fn additional_characters(
     |                   ^^^^^^^^^^^^^^^^^^^^^
     |
     = note: `#[warn(dead_code)]` (part of `#[warn(unused)]`) on by default

warning: `verse-world` (lib) generated 1 warning
   Compiling verse-gfx v0.1.0 (/home/christopherdavid/work/openagents-verse-audit/crates/verse-gfx)
   Compiling verse-pbr v0.1.0 (/home/christopherdavid/work/openagents-verse-audit/crates/verse-pbr)
   Compiling verse-net v0.1.0 (/home/christopherdavid/work/openagents-verse-audit/crates/verse-net)
   Compiling verse-core v0.1.0 (/home/christopherdavid/work/openagents-verse-audit/crates/verse-core)
   Compiling verse-content v0.1.0 (/home/christopherdavid/work/openagents-verse-audit/crates/verse-content)
warning: `coder-pty` (lib) generated 1 warning (1 duplicate)
warning: `coder-vt` (lib) generated 1 warning (1 duplicate)
warning: `openagents-chat` (lib) generated 1 warning (1 duplicate)
warning: `terminal-core` (lib) generated 1 warning (1 duplicate)
   Compiling verse-host v0.1.0 (/home/christopherdavid/work/openagents-verse-audit/crates/verse-host)
warning: `openagents-connect` (lib) generated 1 warning (1 duplicate)
   Compiling verse-zone-everglade v0.1.0 (/home/christopherdavid/work/openagents-verse-audit/crates/verse-zone-everglade)
warning: variable does not need to be mutable
   --> crates/verse-zone-everglade/src/zones/everglade/layout/streets.rs:275:9
    |
275 |     let mut try_put =
    |         ----^^^^^^^
    |         |
    |         help: remove this `mut`
    |
    = note: `#[warn(unused_mut)]` (part of `#[warn(unused)]`) on by default

warning: function `triangles` is never used
   --> crates/verse-zone-everglade/src/zones/everglade/draw.rs:103:15
    |
103 | pub(super) fn triangles() -> u64 {
    |               ^^^^^^^^^
    |
    = note: `#[warn(dead_code)]` (part of `#[warn(unused)]`) on by default

warning: function `stream_triangles` is never used
   --> crates/verse-zone-everglade/src/zones/everglade/draw.rs:112:4
    |
112 | fn stream_triangles() -> u64 {
    |    ^^^^^^^^^^^^^^^^

warning: `verse-zone-everglade` (lib) generated 3 warnings (run `cargo fix --lib -p verse-zone-everglade` to apply 1 suggestion)
warning: `gym-leaderboard` (lib) generated 1 warning (1 duplicate)
warning: `verse-lagrange` (lib) generated 1 warning (1 duplicate)
warning: `coder-host` (lib) generated 1 warning (1 duplicate)
   Compiling verse-gym v0.1.0 (/home/christopherdavid/work/openagents-verse-audit/crates/verse-gym)
   Compiling verse-zone-lagrange v0.1.0 (/home/christopherdavid/work/openagents-verse-audit/crates/verse-zone-lagrange)
   Compiling verse-zone-grove v0.1.0 (/home/christopherdavid/work/openagents-verse-audit/crates/verse-zone-grove)
   Compiling verse-zone-ruins v0.1.0 (/home/christopherdavid/work/openagents-verse-audit/crates/verse-zone-ruins)
warning: `terminal-control` (lib) generated 1 warning (1 duplicate)
   Compiling verse-imported v0.1.0 (/home/christopherdavid/work/openagents-verse-audit/crates/verse-imported)
warning: unused variable: `numbers`
    --> crates/verse-imported/src/imported/overlay.rs:1297:9
     |
1297 |     let numbers = atlas.font("numbers").layout_at_scale(1.0 / s).unwrap();
     |         ^^^^^^^ help: if this is intentional, prefix it with an underscore: `_numbers`
     |
     = note: `#[warn(unused_variables)]` (part of `#[warn(unused)]`) on by default

warning: `verse-imported` (lib) generated 1 warning (run `cargo fix --lib -p verse-imported` to apply 1 suggestion)
   Compiling verse-zone-crypt v0.1.0 (/home/christopherdavid/work/openagents-verse-audit/crates/verse-zone-crypt)
   Compiling verse-zone-lab v0.1.0 (/home/christopherdavid/work/openagents-verse-audit/crates/verse-zone-lab)
   Compiling verse v0.1.0 (/home/christopherdavid/work/openagents-verse-audit/crates/verse)
warning: unused import: `boards`
 --> crates/verse/src/zones/studio_tests.rs:5:41
  |
5 | use crate::zones::everglade::{STATIONS, boards, height};
  |                                         ^^^^^^
  |
  = note: `#[warn(unused_imports)]` (part of `#[warn(unused)]`) on by default

warning: unused import: `Station as At`
 --> crates/verse/src/zones/studio_tests.rs:9:40
  |
9 | use coder_access::studio::{Role, Seat, Station as At};
  |                                        ^^^^^^^^^^^^^

warning: function `ground` is never used
  --> crates/verse/src/zones/studio_tests.rs:43:4
   |
43 | fn ground(at: [f32; 2]) -> Vec3 {
   |    ^^^^^^
   |
   = note: `#[warn(dead_code)]` (part of `#[warn(unused)]`) on by default

warning: function `walk` is never used
  --> crates/verse/src/zones/studio_tests.rs:48:4
   |
48 | fn walk(studio: &mut Studio, seconds: f32) {
   |    ^^^^

warning: `verse` (lib test) generated 4 warnings (run `cargo fix --lib -p verse --tests` to apply 2 suggestions)
    Finished `test` profile [unoptimized + debuginfo] target(s) in 2m 58s
     Running unittests src/lib.rs (/home/christopherdavid/work/openagents-target-agent1/debug/deps/verse-f3aed9b97dc98e6f)

running 1 test
AUDIO_PROFILE {"schema":"verse.audio.deadline.v1","bank":"bb58fae7d7b297a2c19ad15295d4c07f8370da99c459660eab4bdaddcbd7e36d","profile":"headless-callback-debug-48k-stereo-512","samples":1000,"logical_voice_target":128,"minimum_voices_after_callback":127,"audible_limit":32,"commands_per_callback":64,"music_streams":1,"producer":"bounded pump before callback; no device pacing","budget_ns":10666666,"p50_ns":130267,"p95_ns":138236,"p99_ns":192910,"max_ns":278117,"overruns":0,"allocations":0,"deallocations":0,"stream_gaps":0,"music_advanced_frames":512000,"stolen":33,"retirement_blocked":0,"reclaimed_sources":1968,"retirement_peak_backlog":2,"reclamation":"control-side draining of the native retirement queue","reclaim_p95_ns":138,"reclaim_p99_ns":211,"reclaim_max_ns":1078}
test audio_native::tests::crowded_callback_deadline_profile ... ok

test result: ok. 1 passed; 0 failed; 0 ignored; 0 measured; 301 filtered out; finished in 0.19s

