   Compiling verse-engine v0.1.0 (/home/christopherdavid/work/openagents-verse-audit/crates/verse-engine)
    Finished `test` profile [unoptimized + debuginfo] target(s) in 26.66s
     Running unittests src/lib.rs (/home/christopherdavid/work/openagents-target-agent1/debug/deps/verse_engine-861d7d7432e3a400)

running 166 tests
test animation::semantic_tests::locomotion_clock_handoff_does_not_replay_another_sources_markers ... ok
test animation::semantic_tests::legacy_json_and_numeric_sampling_remain_an_explicit_compatibility_path ... ok
test animation::semantic_tests::selected_playback_delivers_markers_and_preserves_pose_on_refusal ... ok
test animation::semantic_tests::semantic_resolution_uses_declared_ids_modes_and_transition_duration ... ok
test animation::tests::child_inherits_interpolated_parent_motion ... ok
test animation::tests::interrupted_transitions_preserve_pose_and_rotation_length ... ok
test animation::tests::death_holds_the_final_pose_while_idle_keeps_looping ... ok
test animation::tests::inverse_bind_cancels_rest_hierarchy_and_preserves_joint_pivot ... ok
test animation_graph::tests::additive_rotation_scale_and_singular_reference_are_explicit ... ok
test animation_graph::tests::admitted_motion_is_immutable_and_replacement_and_seek_reset_baselines ... ok
test animation_graph::tests::blend_endpoints_sample_only_the_selected_branch ... ok
test animation_graph::tests::blend_space_and_masked_layers_evaluate_before_hierarchy ... ok
test animation_graph::tests::changing_phase_policy_establishes_a_marker_baseline ... ok
test animation_graph::tests::distance_driven_phase_can_pause_and_seek_without_advancing_authority ... ok
test animation_graph::tests::graph_crossfade_interrupts_from_current_pose_and_resets_exact_lives ... ok
test animation_graph::tests::duplicate_serialized_selector_names_are_refused ... ok
test animation_graph::tests::graph_pose_endpoints_preserve_exact_rotations_across_interruptions ... ok
test animation_graph::tests::inactive_layers_do_not_sample_singular_additive_references ... ok
test animation_graph::tests::invalid_parameters_and_epoch_exhaustion_preserve_playback ... ok
test animation_graph::tests::phase_owner_handoff_preserves_state_and_bounded_marker_delivery ... ok
test animation_graph::tests::refuses_cycles_bad_masks_missing_states_and_invalid_skeletons ... ok
test animation_graph::tests::semantic_graph_version_and_selector_aliases_are_refused ... ok
test animation_graph::tests::semantic_graphs_select_named_states_without_numeric_clip_ids ... ok
test animation_graph::tests::transactional_candidates_share_immutable_pose_buffers ... ok
test animation_graph::tests::transition_priority_is_authored_and_types_are_checked ... ok
test animation_graph::tests::serialization_retains_graph_data_and_refuses_unknown_fields ... ok
test animation_graph::tests::transition_refuses_invalid_targets_and_boolean_conditions ... ok
test animation_graph::tests::weighted_markers_change_source_without_replay_and_refusals_are_atomic ... ok
test animation_graph::tests::zero_weight_and_zero_mask_are_identity_without_reference_sampling ... ok
test assets::tests::duplicate_semantic_names_are_refused_during_decoding ... ok
test assets::tests::rejects_path_traversal_and_cyclic_skeletons ... ok
test audio::rt_tests::callback_admission_render_and_retirement_never_allocate_or_free ... ok
test audio::tests::exact_life_release_preserves_a_new_generation ... ok
test audio::rt_tests::streamed_loop_restores_source_clock_and_pause_freezes_it ... ok
test audio::tests::refuses_invalid_input_and_bounds_capacity_without_stealing ... ok
test audio::tests::resamples_spatializes_and_retires_finished_pcm ... ok
test core::tests::pauses_are_bounded_and_invalid_time_does_not_mutate_clock ... ok
test core::tests::render_rates_produce_the_same_ticks ... ok
test audio_stream::tests::fragmented_pcm_backpressure_and_end_are_bounded ... ok
test audio_stream::tests::invalid_batch_publishes_no_frames_and_abandonment_ends_source ... ok
test core::tests::reused_slots_and_respawns_refuse_old_identities ... ok
test director::tests::cues_cannot_target_missing_actors ... ok
test audio::rt_tests::long_music_release_decays_without_a_gain_spike ... ok
test director::tests::legacy_scene_omits_friendly_role_and_player_cannot_be_friendly ... ok
test director::tests::scene_cues_drive_dialogue_camera_projectiles_and_health ... ok
test director::tests::friendly_role_preserves_pose_and_refuses_directed_damage ... ok
test audio::rt_tests::crowd_pressure_protects_music_and_critical_effects_and_virtual_time ... ok
test director::legacy_origin_tests::legacy_scene_origin_reads_and_serializes_with_the_current_name ... ok
test environment::tests::each_face_center_looks_along_its_axis ... ok
test director::tests::outfitted_cultist_variants_keep_the_same_cinematic_motion ... ok
test environment::tests::a_uniform_sky_projects_to_constant_irradiance ... ok
test inventory::tests::compiled_model_mutation_requires_a_new_content_fingerprint ... ok
test inventory::tests::graph_refuses_cycles_missing_edges_duplicate_ids_and_omitted_textures ... ok
test inventory::tests::every_authored_material_map_requires_a_provenance_dependency ... ok
test inventory::tests::persistent_resolution_survives_container_and_file_relocation ... ok
test inventory::tests::renamed_research_and_local_only_origins_cannot_cross_rights_gates ... ok
test environment::tests::the_shader_uniform_reproduces_the_irradiance ... ok
test inventory::tests::texture_identity_survives_reordered_storage ... ok
test audio_cues::tests::noise_variants_change_without_relabeling_cue_or_rate ... ok
test lighting::tests::a_frustum_reads_the_lens_from_the_camera_matrix ... ok
test lighting::tests::camera_atmosphere_and_point_sources_reject_invalid_values ... ok
test audio::rt_tests::stream_limit_refusal_preserves_admitted_sources ... ok
test lighting::tests::capacity_and_derived_overflow_are_admitted_before_submission ... ok
test lighting::tests::cascades_blend_at_their_ends_and_fade_at_the_distance ... ok
test lighting::tests::cascade_settings_refuse_what_cannot_be_fitted ... ok
test lighting::tests::every_cube_face_projects_outward_with_finite_depth ... ok
test environment::tests::texel_solid_angles_cover_the_sphere ... ok
test lighting::tests::grade_terms_do_what_they_name ... ok
test lighting::tests::grades_refuse_invalid_values_and_compare_tables ... ok
test lighting::tests::cascades_cover_the_view_their_blend_bands_and_their_casters ... ok
test lighting::tests::height_fog_starts_late_caps_and_thins_with_height ... ok
test lighting::tests::invalid_height_fog_is_refused ... ok
test lighting::tests::shadow_maps_go_to_the_lights_that_matter_most ... ok
test lighting::tests::output_curves_keep_black_hue_and_their_ceiling ... ok
test lighting::tests::height_fog_has_the_closed_form_of_its_density ... ok
test lighting::tests::splits_run_from_near_to_far_and_lean_logarithmic ... ok
test lighting::tests::the_chamber_grade_keeps_the_retired_curves_mid_grey ... ok
test lighting::tests::the_sun_lobe_glows_toward_the_sun_only ... ok
test lighting::tests::the_table_shaper_keeps_black_and_round_trips ... ok
test lighting::tests::uniform_distance_fog_is_the_chambers_exponential ... ok
test environment::tests::a_sky_brighter_above_lights_upward_normals_more ... ok
test lighting::visual_contract_tests::point_profiles_preserve_units_range_and_finite_source_core ... ok
test lighting::visual_contract_tests::visible_foreground_lamps_survive_every_tier_budget ... ok
test lighting::tests::texel_snapping_holds_shadow_texels_still_under_sub_texel_motion ... ok
test environment::tests::prefiltering_keeps_a_uniform_sky_and_blurs_a_bright_one ... ok
test loading::tests::all_budget_classes_are_enforced_without_a_partial_result ... FAILED
test loading::tests::animated_png_requires_a_separate_declared_asset_contract ... FAILED
test loading::tests::complete_preparation_is_immutable_ordered_and_bound_to_the_manifest ... FAILED
test loading::tests::in_memory_files_prepare_as_the_directory_does_and_refuse_a_missing_or_changed_one ... FAILED
test loading::tests::manifest_file_reads_are_bounded_and_validated ... FAILED
test locomotion::tests::cadence_accepts_the_largest_admitted_actor_identity ... ok
test loading::tests::mutated_missing_duplicate_and_invalid_dependencies_refuse_the_whole_pack ... FAILED
test loading::tests::persisted_mips_are_admitted_from_files_and_portable_bytes_with_retention_bounds ... FAILED
test loading::tests::pinned_directory_and_no_follow_open_survive_namespace_changes ... FAILED
test loading::tests::placement_dependencies_and_material_values_are_admitted_before_io ... FAILED
test loading::tests::symlink_files_and_nonregular_dependencies_are_refused ... FAILED
test loading::tests::unsupported_channels_depth_and_malformed_png_are_refused_before_upload ... FAILED
test locomotion::tests::positive_pitch_raises_the_upper_body_aim ... ok
test locomotion::tests::root_motion_is_removed_and_aim_updates_the_same_socket_palette ... ok
test locomotion::tests::first_walking_frame_preserves_the_supplied_pose_phase ... ok
test locomotion::tests::forward_pause_and_simultaneous_state_and_owner_changes_do_not_replay_markers ... ok
test markers::tests::held_clips_deliver_once_and_budget_refusals_are_atomic ... ok
test markers::tests::invalid_tracks_and_times_do_not_change_delivery ... ok
test locomotion::tests::unsupported_skeletons_and_bad_inputs_refuse_admission ... ok
test markers::tests::life_selection_and_backward_seek_reset_without_catchup ... ok
test locomotion::tests::controller_seeks_replacements_and_rejections_preserve_explicit_baselines ... ok
test markers::tests::loop_crossings_are_ordered_and_never_repeated ... ok
test material::coverage_tests::mask_survivors_are_opaque_and_transparency_is_bounded ... ok
test material::tests::old_materials_have_explicit_defaults_and_new_channels_round_trip ... ok
test material::tests::rejects_nonfinite_out_of_range_and_invalid_dependencies ... ok
test locomotion::tests::two_proportions_plant_on_slopes_and_stairs_and_reset_after_death ... ok
test mips::archive::tests::gaps_extra_levels_stale_sources_and_corruption_are_refused ... ok
test mips::tests::color_and_scalar_recipes_have_different_real_mip_bytes ... ok
test mips::archive::tests::round_trip_fitting_levels_and_bound_identity ... ok
test mips::tests::invalid_extents_payloads_and_cutoffs_are_refused_before_allocating ... ok
test mips::tests::normal_mips_are_finite_normalized_and_cancellation_has_a_forward_fallback ... ok
test mips::tests::odd_edges_contribute_to_every_reduction_and_device_fitting ... ok
test overlay::tests::extraction_borrows_geometry_and_fences_replaced_atlases ... ok
test overlay::tests::rejects_invalid_geometry_before_submission ... ok
test presentation::tests::animation_admission_matches_named_and_compatibility_playback ... ok
test presentation::tests::extraction_preserves_life_and_animation_without_copying_source_instances ... ok
test locomotion::tests::speed_blends_and_crowd_tiers_preserve_marker_delivery_and_lifetime_fences ... ok
test presentation::tests::mounts_bind_exact_lives_models_and_unique_parents_independent_of_order ... ok
test presentation::tests::reload_fences_empty_and_populated_frames ... ok
test quality::tests::a_request_can_lower_the_tier_but_never_raise_it ... ok
test quality::tests::resource_excess_is_refused_and_lower_tiers_reduce_optional_work ... ok
test quality::tests::platforms_and_adapters_set_the_ceiling ... ok
test quality::tests::tier_names_round_trip ... ok
test quality::tests::tiers_scale_every_effect_monotonically ... ok
test quality::tests::webgl2_and_gles_select_the_low_tier ... ok
test render_graph::chamber_tests::cache_refresh_precedes_copy_and_dynamic_draw ... ok
test render_graph::photo_tests::only_the_high_tier_runs_screen_space_passes ... ok
test presentation::tests::invalid_inputs_never_produce_an_extracted_frame ... ok
test render_graph::tests::permits_read_sharing_and_orders_read_modify_write ... ok
test lighting::tests::split_toning_cools_shadows_and_warms_highlights ... ok
test render_graph::tests::refuses_cycles_invalid_indices_and_capacity_overflow ... ok
test presentation::tests::modular_battle_frames_remain_bounded_above_the_previous_limit ... ok
test render_graph::tests::refuses_uninitialized_reads_and_unordered_hazards ... ok
test residency::tests::reordered_slots_never_relabel_old_references ... ok
test mips::tests::cutout_mips_keep_point_and_bilinear_density_without_filling_tied_levels ... ok
test lighting::tests::a_baked_grade_matches_the_analytic_grade ... ok
test render_world::tests::no_invalid_input_produces_an_admitted_world ... ok
test lighting::tests::an_identity_grade_bakes_an_exact_table ... ok
test sockets::tests::supplied_skin_palette_rotates_translates_and_scales_equipment_frames ... ok
test sockets::tests::malformed_metadata_palettes_and_derived_overflow_are_refused ... ok
test streaming::tests::device_loss_reuploads_retained_verified_sources_and_refuses_old_upload_ticket ... ok
test presentation::tests::optional_overflow_preserves_actor_roots_and_mounts_in_source_order ... ok
test render_graph::chamber_tests::cached_faces_skip_refresh_but_keep_dynamic_shadows ... ok
test streaming::tests::cooker_publishes_verified_files_and_preserves_existing_digest ... FAILED
test render_world::tests::frame_borrows_inputs_and_fences_all_catalog_replacements ... ok
test render_graph::tests::schedules_producers_before_consumers_with_stable_ties ... ok
test residency::tests::rebuilding_rejects_old_handles_even_when_names_match ... ok
test streaming::tests::rejected_shapes_and_ticket_exhaustion_preserve_admitted_state ... ok
test render_graph::chamber_tests::every_supported_cache_mask_is_admitted ... ok
test streaming::tests::source_reader_refuses_symlink_and_swapped_digest ... FAILED
test streaming::tests::canceled_jobs_keep_reservations_and_stale_results_cannot_replace_new_zone ... ok
test streaming::tests::exhausted_views_and_malformed_or_foreign_source_leave_current_content_intact ... ok
test streaming::tests::traversal_evicts_and_shared_dependencies_remain_bounded ... ok
test presentation::tests::omitted_visuals_still_require_valid_models_and_values ... ok
test locomotion::tests::controller_crowd_cadence_tracks_frames_at_thirty_sixty_and_one_twenty_hertz ... ok
test overlay::tests::enforces_the_existing_native_upload_budget ... ok
test audio_bank::tests::authored_long_stream_is_verified_before_a_frame_can_play ... ok
test audio_bank::tests::silent_output_keeps_captions_volumes_and_music_restore_position ... ok
test audio_bank::tests::pcm_pins_localization_and_bank_capacity_are_enforced ... ok
test audio_cues::tests::cues_are_original_bounded_reproducible_and_audible ... ok
test audio_bank::tests::authored_bank_is_pinned_and_invalid_edits_refuse ... ok

failures:

---- loading::tests::all_budget_classes_are_enforced_without_a_partial_result stdout ----

thread 'loading::tests::all_budget_classes_are_enforced_without_a_partial_result' (108760) panicked at crates/verse-engine/src/loading.rs:486:44:
called `Result::unwrap()` on an `Err` value: Os { code: 28, kind: StorageFull, message: "No space left on device" }
note: run with `RUST_BACKTRACE=1` environment variable to display a backtrace

---- loading::tests::animated_png_requires_a_separate_declared_asset_contract stdout ----

thread 'loading::tests::animated_png_requires_a_separate_declared_asset_contract' (108761) panicked at crates/verse-engine/src/loading.rs:486:44:
called `Result::unwrap()` on an `Err` value: Os { code: 28, kind: StorageFull, message: "No space left on device" }

---- loading::tests::complete_preparation_is_immutable_ordered_and_bound_to_the_manifest stdout ----

thread 'loading::tests::complete_preparation_is_immutable_ordered_and_bound_to_the_manifest' (108762) panicked at crates/verse-engine/src/loading.rs:486:44:
called `Result::unwrap()` on an `Err` value: Os { code: 28, kind: StorageFull, message: "No space left on device" }

---- loading::tests::in_memory_files_prepare_as_the_directory_does_and_refuse_a_missing_or_changed_one stdout ----

thread 'loading::tests::in_memory_files_prepare_as_the_directory_does_and_refuse_a_missing_or_changed_one' (108763) panicked at crates/verse-engine/src/loading.rs:486:44:
called `Result::unwrap()` on an `Err` value: Os { code: 28, kind: StorageFull, message: "No space left on device" }

---- loading::tests::manifest_file_reads_are_bounded_and_validated stdout ----

thread 'loading::tests::manifest_file_reads_are_bounded_and_validated' (108764) panicked at crates/verse-engine/src/loading.rs:486:44:
called `Result::unwrap()` on an `Err` value: Os { code: 28, kind: StorageFull, message: "No space left on device" }

---- loading::tests::mutated_missing_duplicate_and_invalid_dependencies_refuse_the_whole_pack stdout ----

thread 'loading::tests::mutated_missing_duplicate_and_invalid_dependencies_refuse_the_whole_pack' (108765) panicked at crates/verse-engine/src/loading.rs:486:44:
called `Result::unwrap()` on an `Err` value: Os { code: 28, kind: StorageFull, message: "No space left on device" }

---- loading::tests::persisted_mips_are_admitted_from_files_and_portable_bytes_with_retention_bounds stdout ----

thread 'loading::tests::persisted_mips_are_admitted_from_files_and_portable_bytes_with_retention_bounds' (108766) panicked at crates/verse-engine/src/loading.rs:486:44:
called `Result::unwrap()` on an `Err` value: Os { code: 28, kind: StorageFull, message: "No space left on device" }

---- loading::tests::pinned_directory_and_no_follow_open_survive_namespace_changes stdout ----

thread 'loading::tests::pinned_directory_and_no_follow_open_survive_namespace_changes' (108767) panicked at crates/verse-engine/src/loading.rs:486:44:
called `Result::unwrap()` on an `Err` value: Os { code: 28, kind: StorageFull, message: "No space left on device" }

---- loading::tests::placement_dependencies_and_material_values_are_admitted_before_io stdout ----

thread 'loading::tests::placement_dependencies_and_material_values_are_admitted_before_io' (108768) panicked at crates/verse-engine/src/loading.rs:486:44:
called `Result::unwrap()` on an `Err` value: Os { code: 28, kind: StorageFull, message: "No space left on device" }

---- loading::tests::symlink_files_and_nonregular_dependencies_are_refused stdout ----

thread 'loading::tests::symlink_files_and_nonregular_dependencies_are_refused' (108769) panicked at crates/verse-engine/src/loading.rs:486:44:
called `Result::unwrap()` on an `Err` value: Os { code: 28, kind: StorageFull, message: "No space left on device" }

---- loading::tests::unsupported_channels_depth_and_malformed_png_are_refused_before_upload stdout ----

thread 'loading::tests::unsupported_channels_depth_and_malformed_png_are_refused_before_upload' (108770) panicked at crates/verse-engine/src/loading.rs:486:44:
called `Result::unwrap()` on an `Err` value: Os { code: 28, kind: StorageFull, message: "No space left on device" }

---- streaming::tests::cooker_publishes_verified_files_and_preserves_existing_digest stdout ----

thread 'streaming::tests::cooker_publishes_verified_files_and_preserves_existing_digest' (108827) panicked at crates/verse-engine/src/streaming/tests.rs:209:36:
called `Result::unwrap()` on an `Err` value: Custom { kind: StorageFull, error: PathError { path: "/tmp/.tmppIX0Ci", err: Os { code: 28, kind: StorageFull, message: "No space left on device" } } }

---- streaming::tests::source_reader_refuses_symlink_and_swapped_digest stdout ----

thread 'streaming::tests::source_reader_refuses_symlink_and_swapped_digest' (108831) panicked at crates/verse-engine/src/streaming/tests.rs:174:32:
called `Result::unwrap()` on an `Err` value: Os { code: 28, kind: StorageFull, message: "No space left on device" }


failures:
    loading::tests::all_budget_classes_are_enforced_without_a_partial_result
    loading::tests::animated_png_requires_a_separate_declared_asset_contract
    loading::tests::complete_preparation_is_immutable_ordered_and_bound_to_the_manifest
    loading::tests::in_memory_files_prepare_as_the_directory_does_and_refuse_a_missing_or_changed_one
    loading::tests::manifest_file_reads_are_bounded_and_validated
    loading::tests::mutated_missing_duplicate_and_invalid_dependencies_refuse_the_whole_pack
    loading::tests::persisted_mips_are_admitted_from_files_and_portable_bytes_with_retention_bounds
    loading::tests::pinned_directory_and_no_follow_open_survive_namespace_changes
    loading::tests::placement_dependencies_and_material_values_are_admitted_before_io
    loading::tests::symlink_files_and_nonregular_dependencies_are_refused
    loading::tests::unsupported_channels_depth_and_malformed_png_are_refused_before_upload
    streaming::tests::cooker_publishes_verified_files_and_preserves_existing_digest
    streaming::tests::source_reader_refuses_symlink_and_swapped_digest

test result: FAILED. 153 passed; 13 failed; 0 ignored; 0 measured; 0 filtered out; finished in 0.05s

error: test failed, to rerun pass `-p verse-engine --lib`
