warning: failed to connect to jobserver from environment variable `CARGO_MAKEFLAGS="-j --jobserver-fds=3,5 --jobserver-auth=3,5"`: cannot open file descriptor 3 from the jobserver environment variable value: Bad file descriptor (os error 9)
  |
  = note: the build environment is likely misconfigured

warning: `physics` (lib) generated 1 warning
   Compiling verse-engine v0.1.0 (/home/christopherdavid/work/openagents-verse-audit/crates/verse-engine)
   Compiling verse-world v0.1.0 (/home/christopherdavid/work/openagents-verse-audit/crates/verse-world)
warning: method `additional_characters` is never used
    --> crates/verse-world/src/play.rs:2943:19
     |
 428 | impl Game {
     | --------- method in this implementation
...
2943 |     pub(crate) fn additional_characters(
     |                   ^^^^^^^^^^^^^^^^^^^^^
     |
     = note: `#[warn(dead_code)]` (part of `#[warn(unused)]`) on by default

warning: `verse-world` (lib) generated 1 warning
   Compiling verse-gfx v0.1.0 (/home/christopherdavid/work/openagents-verse-audit/crates/verse-gfx)
   Compiling verse-pbr v0.1.0 (/home/christopherdavid/work/openagents-verse-audit/crates/verse-pbr)
   Compiling verse-net v0.1.0 (/home/christopherdavid/work/openagents-verse-audit/crates/verse-net)
   Compiling verse-core v0.1.0 (/home/christopherdavid/work/openagents-verse-audit/crates/verse-core)
   Compiling verse-content v0.1.0 (/home/christopherdavid/work/openagents-verse-audit/crates/verse-content)
   Compiling coder-pty v0.1.0 (/home/christopherdavid/work/openagents-verse-audit/crates/coder-pty)
   Compiling coder-vt v0.1.0 (/home/christopherdavid/work/openagents-verse-audit/crates/coder-vt)
warning: `openagents-chat` (lib) generated 1 warning (1 duplicate)
   Compiling terminal-core v0.1.0 (/home/christopherdavid/work/openagents-verse-audit/crates/terminal-core)
   Compiling verse-host v0.1.0 (/home/christopherdavid/work/openagents-verse-audit/crates/verse-host)
error: failed to write `/home/christopherdavid/work/openagents-target-agent1/debug/build/verse-host-44ca3b72f36c375f/invoked.timestamp`

Caused by:
  No space left on device (os error 28)
