   Compiling verse-engine v0.1.0 (/home/christopherdavid/work/openagents-verse-audit/crates/verse-engine)
   Compiling verse-world v0.1.0 (/home/christopherdavid/work/openagents-verse-audit/crates/verse-world)
warning: method `additional_characters` is never used
    --> crates/verse-world/src/play.rs:2502:19
     |
 264 | impl Game {
     | --------- method in this implementation
...
2502 |     pub(crate) fn additional_characters(
     |                   ^^^^^^^^^^^^^^^^^^^^^
     |
     = note: `#[warn(dead_code)]` (part of `#[warn(unused)]`) on by default

   Compiling verse v0.1.0 (/home/christopherdavid/work/openagents-verse-audit/crates/verse)
warning: unused variable: `numbers`
    --> crates/verse/src/imported/overlay.rs:1270:9
     |
1270 |     let numbers = atlas.font("numbers").layout_at_scale(1.0 / s).unwrap();
     |         ^^^^^^^ help: if this is intentional, prefix it with an underscore: `_numbers`
     |
     = note: `#[warn(unused_variables)]` (part of `#[warn(unused)]`) on by default

warning: associated functions `social_profile` and `move_player` are never used
   --> crates/verse/src/zones/everglade/mod.rs:225:12
    |
 83 | impl Everglade {
    | -------------- associated functions in this implementation
...
225 |     pub fn social_profile(pack: &ZonePack) -> Result<verse_world::social::world::Profile, String> {
    |            ^^^^^^^^^^^^^^
...
236 |     pub fn move_player(
    |            ^^^^^^^^^^^
    |
    = note: `#[warn(dead_code)]` (part of `#[warn(unused)]`) on by default

warning: function `triangles` is never used
  --> crates/verse/src/zones/everglade/draw.rs:80:15
   |
80 | pub(super) fn triangles() -> u64 {
   |               ^^^^^^^^^

warning: `verse-world` (lib) generated 1 warning
warning: associated function `move_player` is never used
   --> crates/verse/src/zones/everglade/mod.rs:236:12
    |
 83 | impl Everglade {
    | -------------- associated function in this implementation
...
236 |     pub fn move_player(
    |            ^^^^^^^^^^^
    |
    = note: `#[warn(dead_code)]` (part of `#[warn(unused)]`) on by default

warning: `verse` (lib) generated 3 warnings (run `cargo fix --lib -p verse` to apply 1 suggestion)
warning: `verse` (lib test) generated 2 warnings (1 duplicate)
    Finished `test` profile [unoptimized + debuginfo] target(s) in 1m 03s
     Running unittests src/lib.rs (/home/christopherdavid/work/openagents-target-agent1/debug/deps/verse-759fd50b78078e66)

running 4 tests
test crowd::tests::hosted_presence_retains_discovery_without_spatial_authority ... ok
test zones::everglade::studio::tests::viewers_of_a_hosted_instance_draw_the_authoritys_seats ... ok
test hosted::tests::hosted_social_two_native_viewers_share_authority_and_reject_old_zone_updates ... ok
test zones::everglade::tests::a_hosted_instance_walks_the_pinned_packs_content_under_the_social_rules ... ok

test result: ok. 4 passed; 0 failed; 0 ignored; 0 measured; 523 filtered out; finished in 0.98s

     Running tests/gym_hall.rs (/home/christopherdavid/work/openagents-target-agent1/debug/deps/gym_hall-45f30934b6dff419)

running 0 tests

test result: ok. 0 passed; 0 failed; 0 ignored; 0 measured; 2 filtered out; finished in 0.00s

     Running tests/presence.rs (/home/christopherdavid/work/openagents-target-agent1/debug/deps/presence-b41a05de57caf062)

running 0 tests

test result: ok. 0 passed; 0 failed; 0 ignored; 0 measured; 1 filtered out; finished in 0.00s

     Running tests/relay.rs (/home/christopherdavid/work/openagents-target-agent1/debug/deps/relay-4759ca93cc15f872)

running 0 tests

test result: ok. 0 passed; 0 failed; 0 ignored; 0 measured; 3 filtered out; finished in 0.00s

     Running tests/spectator.rs (/home/christopherdavid/work/openagents-target-agent1/debug/deps/spectator-aec802c3f378873b)

running 0 tests

test result: ok. 0 passed; 0 failed; 0 ignored; 0 measured; 1 filtered out; finished in 0.00s

    Blocking waiting for file lock on build directory
    Checking verse-engine v0.1.0 (/home/christopherdavid/work/openagents-verse-audit/crates/verse-engine)
    Checking verse-world v0.1.0 (/home/christopherdavid/work/openagents-verse-audit/crates/verse-world)
warning: method `additional_characters` is never used
    --> crates/verse-world/src/play.rs:2502:19
     |
 264 | impl Game {
     | --------- method in this implementation
...
2502 |     pub(crate) fn additional_characters(
     |                   ^^^^^^^^^^^^^^^^^^^^^
     |
     = note: `#[warn(dead_code)]` (part of `#[warn(unused)]`) on by default

warning: `verse-world` (lib) generated 1 warning
    Checking verse v0.1.0 (/home/christopherdavid/work/openagents-verse-audit/crates/verse)
warning: unused variable: `numbers`
    --> crates/verse/src/imported/overlay.rs:1270:9
     |
1270 |     let numbers = atlas.font("numbers").layout_at_scale(1.0 / s).unwrap();
     |         ^^^^^^^ help: if this is intentional, prefix it with an underscore: `_numbers`
     |
     = note: `#[warn(unused_variables)]` (part of `#[warn(unused)]`) on by default

warning: associated functions `social_profile` and `move_player` are never used
   --> crates/verse/src/zones/everglade/mod.rs:225:12
    |
 83 | impl Everglade {
    | -------------- associated functions in this implementation
...
225 |     pub fn social_profile(pack: &ZonePack) -> Result<verse_world::social::world::Profile, String> {
    |            ^^^^^^^^^^^^^^
...
236 |     pub fn move_player(
    |            ^^^^^^^^^^^
    |
    = note: `#[warn(dead_code)]` (part of `#[warn(unused)]`) on by default

warning: function `triangles` is never used
  --> crates/verse/src/zones/everglade/draw.rs:80:15
   |
80 | pub(super) fn triangles() -> u64 {
   |               ^^^^^^^^^

warning: `verse` (lib) generated 3 warnings (run `cargo fix --lib -p verse` to apply 1 suggestion)
    Finished `dev` profile [unoptimized + debuginfo] target(s) in 58.12s
