Integrated focused social authority checks
   Compiling serde_json v1.0.151
   Compiling memchr v2.8.3
   Compiling nostr v0.1.0 (/home/christopherdavid/openagents/crates/nostr)
   Compiling verse-engine v0.1.0 (/home/christopherdavid/openagents/crates/verse-engine)
   Compiling coder-reach v0.1.0 (/home/christopherdavid/openagents/crates/coder-reach)
   Compiling verse-world v0.1.0 (/home/christopherdavid/openagents/crates/verse-world)
warning: method `additional_characters` is never used
    --> crates/verse-world/src/play.rs:2470:19
     |
 253 | impl Game {
     | --------- method in this implementation
...
2470 |     pub(crate) fn additional_characters(
     |                   ^^^^^^^^^^^^^^^^^^^^^
     |
     = note: `#[warn(dead_code)]` (part of `#[warn(unused)]`) on by default

warning: `verse-world` (lib test) generated 1 warning
    Finished `test` profile [unoptimized + debuginfo] target(s) in 42.63s
     Running unittests src/lib.rs (/home/christopherdavid/work/openagents-target-agent1/debug/deps/verse_world-aa492b98797b877a)

running 6 tests
social seats: exclusive occupancy, replay/foreign refusal, shared epoch fence, public Studio pose
test play::social::tests::social_seats_share_control_fences_and_refusals_do_not_mutate ... ok
test play::social::tests::social_profiles_and_checkpoint_rules_are_closed ... ok
test play::social::tests::social_terrain_uses_the_same_sloped_mesh_after_recovery ... ok
test service::host::tests::social_host_configuration_binds_rules_and_refuses_changed_recovery ... ok
social movement: owned motor, no required enemies, combat refused, exact collision/checkpoint recovery
test play::social::tests::social_movement_uses_authored_collision_and_disables_combat ... ok
social TLS acceptance: two profiles/viewers, seat/switch/Studio convergence, spectator refusal, stable character 3, transfer fencing; Stats { ticks: 26, requests: 20, queue_peak: 1, skipped_seconds: 0.534505627, work_peak_seconds: 0.633765387 }
test service::realm::tests::real_tls_social_profiles_share_interactions_and_fence_zone_transfers ... ok

test result: ok. 6 passed; 0 failed; 0 ignored; 0 measured; 442 filtered out; finished in 1.42s


Final native attachment and presence checks
warning: method `additional_characters` is never used
    --> crates/verse-world/src/play.rs:2470:19
     |
 253 | impl Game {
     | --------- method in this implementation
...
2470 |     pub(crate) fn additional_characters(
     |                   ^^^^^^^^^^^^^^^^^^^^^
     |
     = note: `#[warn(dead_code)]` (part of `#[warn(unused)]`) on by default

warning: `verse-world` (lib) generated 1 warning
   Compiling verse v0.1.0 (/home/christopherdavid/openagents/crates/verse)
warning: unused variable: `numbers`
    --> crates/verse/src/imported/overlay.rs:1270:9
     |
1270 |     let numbers = atlas.font("numbers").layout_at_scale(1.0 / s).unwrap();
     |         ^^^^^^^ help: if this is intentional, prefix it with an underscore: `_numbers`
     |
     = note: `#[warn(unused_variables)]` (part of `#[warn(unused)]`) on by default

warning: associated function `move_player` is never used
   --> crates/verse/src/zones/everglade/mod.rs:392:12
    |
253 | impl Everglade {
    | -------------- associated function in this implementation
...
392 |     pub fn move_player(
    |            ^^^^^^^^^^^
    |
    = note: `#[warn(dead_code)]` (part of `#[warn(unused)]`) on by default

warning: function `triangles` is never used
  --> crates/verse/src/zones/everglade/draw.rs:80:15
   |
80 | pub(super) fn triangles() -> u64 {
   |               ^^^^^^^^^

warning: `verse` (lib) generated 3 warnings (run `cargo fix --lib -p verse` to apply 1 suggestion)
warning: `verse` (lib test) generated 2 warnings (2 duplicates)
    Finished `test` profile [unoptimized + debuginfo] target(s) in 14.93s
     Running unittests src/lib.rs (/home/christopherdavid/work/openagents-target-agent1/debug/deps/verse-aaef13c57bca9900)

running 2 tests
test crowd::tests::hosted_presence_retains_discovery_without_spatial_authority ... ok
native social acceptance: two real framed SDK viewers agree, local movement/placement/transition/Studio operations refused, old source projection fenced, explicit destination/exit
test hosted::tests::hosted_social_two_native_viewers_share_authority_and_reject_old_zone_updates ... ok

test result: ok. 2 passed; 0 failed; 0 ignored; 0 measured; 520 filtered out; finished in 0.01s

     Running tests/gym_hall.rs (/home/christopherdavid/work/openagents-target-agent1/debug/deps/gym_hall-ffcdf34d3384d868)

running 0 tests

test result: ok. 0 passed; 0 failed; 0 ignored; 0 measured; 2 filtered out; finished in 0.00s

     Running tests/presence.rs (/home/christopherdavid/work/openagents-target-agent1/debug/deps/presence-546b8a30cf94fb7f)

running 0 tests

test result: ok. 0 passed; 0 failed; 0 ignored; 0 measured; 1 filtered out; finished in 0.00s

     Running tests/relay.rs (/home/christopherdavid/work/openagents-target-agent1/debug/deps/relay-77720aa8be5aad4a)

running 0 tests

test result: ok. 0 passed; 0 failed; 0 ignored; 0 measured; 3 filtered out; finished in 0.00s

     Running tests/spectator.rs (/home/christopherdavid/work/openagents-target-agent1/debug/deps/spectator-a9b95dc2475570fb)

running 0 tests

test result: ok. 0 passed; 0 failed; 0 ignored; 0 measured; 1 filtered out; finished in 0.00s

