   Compiling verse-world v0.1.0 (/home/christopherdavid/work/openagents-verse-audit/crates/verse-world)
warning: method `additional_characters` is never used
    --> crates/verse-world/src/play.rs:2888:19
     |
 428 | impl Game {
     | --------- method in this implementation
...
2888 |     pub(crate) fn additional_characters(
     |                   ^^^^^^^^^^^^^^^^^^^^^
     |
     = note: `#[warn(dead_code)]` (part of `#[warn(unused)]`) on by default

warning: `verse-world` (lib) generated 1 warning
   Compiling verse-content v0.1.0 (/home/christopherdavid/work/openagents-verse-audit/crates/verse-content)
    Finished `test` profile [unoptimized + debuginfo] target(s) in 2m 10s
     Running unittests src/lib.rs (/home/christopherdavid/work/openagents-target-agent1/debug/deps/verse_content-cf21e83b63d31373)

running 7 tests

thread 'authoring::tests::generic_encounter_ids_and_timeline_survive_restart_and_restore' (4119199) panicked at crates/verse-content/src/authoring/tests.rs:472:6:
called `Result::unwrap()` on an `Err` value: Diagnostic { source: "document.json", field: "authored", message: "World profile has no compiled navigation" }
note: run with `RUST_BACKTRACE=1` environment variable to display a backtrace

thread 'authoring::tests::quest_references_catalog_tuning_and_collision_use_runtime_contracts' (4119201) panicked at crates/verse-content/src/authoring/tests.rs:359:6:
called `Result::unwrap()` on an `Err` value: Diagnostic { source: "document.json", field: "authored", message: "World profile has no compiled navigation" }
test authoring::tests::quest_references_catalog_tuning_and_collision_use_runtime_contracts ... FAILED
test authoring::tests::generic_encounter_ids_and_timeline_survive_restart_and_restore ... FAILED
test authoring::tests::field_diagnostics_preserve_journal_and_running_generation ... ok
test authoring::tests::symlinks_and_interrupted_builds_are_refused ... ok
test authoring::tests::atomic_transactions_persist_undo_redo_and_exclusive_ownership ... ok
test authoring::tests::immutable_build_reuse_and_tamper_refusal_keep_current_generation ... ok
test authoring::tests::bounded_history_and_session_errors_leave_the_editor_usable ... ok

failures:

failures:
    authoring::tests::generic_encounter_ids_and_timeline_survive_restart_and_restore
    authoring::tests::quest_references_catalog_tuning_and_collision_use_runtime_contracts

test result: FAILED. 5 passed; 2 failed; 0 ignored; 0 measured; 13 filtered out; finished in 0.50s

error: test failed, to rerun pass `-p verse-content --lib`
