warning: method `additional_characters` is never used
    --> crates/verse-world/src/play.rs:2943:19
     |
 428 | impl Game {
     | --------- method in this implementation
...
2943 |     pub(crate) fn additional_characters(
     |                   ^^^^^^^^^^^^^^^^^^^^^
     |
     = note: `#[warn(dead_code)]` (part of `#[warn(unused)]`) on by default

warning: `verse-world` (lib) generated 1 warning
   Compiling verse-host v0.1.0 (/home/christopherdavid/work/openagents-verse-audit/crates/verse-host)
    Finished `test` profile [unoptimized + debuginfo] target(s) in 1.72s
     Running unittests src/lib.rs (/home/christopherdavid/work/openagents-target-agent1/debug/deps/verse_host-aeaf4b0b014ea212)

running 4 tests
test operations::tests::stale_or_offline_samples_cannot_claim_readiness ... ok
test tests::host_file_inputs_reject_oversized_and_non_regular_sources ... ok
test tests::tls_private_key_requires_owner_only_permissions ... ok
test operations::tests::owner_local_status_and_drain_are_bounded_and_exclusive ... ok

test result: ok. 4 passed; 0 failed; 0 ignored; 0 measured; 0 filtered out; finished in 0.01s

     Running unittests src/main.rs (/home/christopherdavid/work/openagents-target-agent1/debug/deps/verse_host-fc8c3a71db7889f3)

running 0 tests

test result: ok. 0 passed; 0 failed; 0 ignored; 0 measured; 0 filtered out; finished in 0.00s

     Running tests/worlds.rs (/home/christopherdavid/work/openagents-target-agent1/debug/deps/worlds-c70ec3f77caa2c34)

running 2 tests
ritual check: {"instance":8400,"ticks":300,"content":[133,235,148,227,197,67,5,67,227,68,174,220,207,11,156,210,22,195,129,77,245,186,58,107,109,241,181,153,197,132,230,70],"checkpoint_bytes":40268,"actors":14}

ritual authenticated: instance 8400 with 14 actors
Authored host: {"instance":1,"ticks":60,"content":[207,121,104,236,113,143,34,241,132,87,195,57,156,127,166,168,198,116,110,182,136,118,254,71,105,161,153,4,13,165,91,182],"checkpoint_bytes":55091,"actors":15}

test an_authored_generation_loads_and_recovers_through_the_dedicated_host ... ok
{"schema":"verse.host.operations.cli.live.v1","status":{"schema":"verse.host.operator.response.v1","availability":"fresh","age_ms":22,"ready":true,"drain_requested":false,"snapshot":{"schema":"verse.host.operations.v1","build":{"package_version":"0.1.0","source_revision":"3d4ca9ec8fc2959b11dd0b86e2bca7f9c69e3fbd-modified","wire_version":29},"instance":8400,"content":[133,235,148,227,197,67,5,67,227,68,174,220,207,11,156,210,22,195,129,77,245,186,58,107,109,241,181,153,197,132,230,70],"sampled_unix_ms":1791241785887,"elapsed_ms":1001,"phase":"running","live":true,"ready":true,"reasons":[],"metrics":{"admission":{"capacity_refusals":0,"pre_auth_refusals":0,"ip_refusals":0,"handshake_rate_refusals":0,"principal_capacity_refusals":0,"principal_work_refusals":0,"aggregate_work_refusals":0,"projections":1,"commands":0,"pending_peak":1,"active_peak":1,"pending":0,"active":1,"principal_records":1,"completed":0,"handshake_timeouts":0,"handshake_refusals":0,"authentication_timeouts":0,"authentication_refusals":0,"grant_refusals":0,"retired_connections":0,"frame_failures":0,"read_timeouts":0,"write_failures":0,"request_rate_failures":0,"host_failures":0,"transport_closures":0,"cancelled_workers":0},"ticks":29,"requests":2,"dropped_seconds":0.0,"simulation":{"observations":29,"p95_upper_bound_ms":0.036916,"p99_upper_bound_ms":0.036916,"maximum_ms":0.036916,"total_ms":0.5917939999999999},"read_projection":{"observations":0,"p95_upper_bound_ms":null,"p99_upper_bound_ms":null,"maximum_ms":0.0,"total_ms":0.0},"storage_commit":{"observations":30,"p95_upper_bound_ms":16.0,"p99_upper_bound_ms":22.538492,"maximum_ms":22.538492,"total_ms":245.00390099999996},"journal_sync":{"observations":29,"p95_upper_bound_ms":6.944607,"p99_upper_bound_ms":6.944607,"maximum_ms":6.944607,"total_ms":159.053907},"request_queue":0,"request_queue_peak":1,"writer_queue":0,"writer_queue_peak":1,"held_reply_bytes":0,"held_reply_bytes_peak":4323,"storage_refusals":0,"storage_paused_seconds":0.0,"durable_commits":30,"durable_revision":30,"pending_commit_age_ms":null,"actor_count":14,"live_hostiles":13,"motor_recovery_blocks":0,"navigation_refusals":0},"budgets":{"connections":128,"pre_auth_connections":32,"request_queue":128,"writer_copies":2,"held_reply_bytes":33554432,"receipt_staging_bytes":134217728,"client_observations":128,"diagnostic_records":128,"status_bytes":262144},"clients":[{"connection":1,"authenticated":true,"requests":2,"received_payload_bytes":504,"sent_payload_bytes":22250,"idle_ms":827,"delivered_tick":5,"delivered_tick_lag":24,"last_delivery_ms_ago":827,"work_refusals":0}],"records":[{"sequence":1,"elapsed_ms":1,"phase":"running","reasons":[]}],"omitted_records":0}}}
Chamber 8400 listening on 127.0.0.1:41141
Chamber stopped: 36 ticks, 2 requests, 1 completed connections, 0.000000 dropped seconds
Admission: {"capacity_refusals":0,"pre_auth_refusals":0,"ip_refusals":0,"handshake_rate_refusals":0,"principal_capacity_refusals":0,"principal_work_refusals":0,"aggregate_work_refusals":0,"projections":1,"commands":0,"pending_peak":1,"active_peak":1,"pending":0,"active":0,"principal_records":1,"completed":1,"handshake_timeouts":0,"handshake_refusals":0,"authentication_timeouts":0,"authentication_refusals":0,"grant_refusals":0,"retired_connections":0,"frame_failures":0,"read_timeouts":0,"write_failures":0,"request_rate_failures":0,"host_failures":0,"transport_closures":1,"cancelled_workers":0}
Collision queries: {"ray":{"calls":0,"errors":0,"truncated":0,"nodes":0,"triangles":0,"capsule_tests":0,"scene_nodes":0,"scene_candidates":0,"wall_seconds":0.0,"maximum_wall_seconds":0.0},"overlap":{"calls":0,"errors":0,"truncated":0,"nodes":0,"triangles":0,"capsule_tests":0,"scene_nodes":0,"scene_candidates":0,"wall_seconds":0.0,"maximum_wall_seconds":0.0},"sweep":{"calls":0,"errors":0,"truncated":0,"nodes":0,"triangles":0,"capsule_tests":0,"scene_nodes":0,"scene_candidates":0,"wall_seconds":0.0,"maximum_wall_seconds":0.0}}
Motor recovery: 0 blocked advances, last diagnostic None
Movement expiry: {"total":0,"admission":0,"primary_tick":0,"additional_tick":0,"bootstrap":0,"samples":[],"omitted":0}
Checkpoint storage: 38 commits, 68643 bytes, 0.295009 seconds
Storage backlog: 1 peak copies, 0 refused requests, 0 paused ticks, 0.000000 paused seconds
Simulation: 36 observations, p50/p95/p99 upper bounds 0.000037/0.000037/0.000037 seconds, maximum 0.000037 seconds, total 0.000707 seconds
Persistence capture: 38 observations, p50/p95/p99 upper bounds 0.000100/0.000100/0.000101 seconds, maximum 0.000101 seconds, total 0.002149 seconds
Admitted read projection: 0 observations, p50/p95/p99 upper bounds 0.000000/0.000000/0.000000 seconds, maximum 0.000000 seconds, total 0.000000 seconds
Running checkpoint copy: 36 observations, p50/p95/p99 upper bounds 0.000083/0.000083/0.000083 seconds, maximum 0.000083 seconds, total 0.001704 seconds
Storage commit: 38 observations, p50/p95/p99 upper bounds 0.008000/0.016000/0.022538 seconds, maximum 0.022538 seconds, total 0.295009 seconds
Commit preparation: 37 observations, p50/p95/p99 upper bounds 0.001000/0.002674/0.002674 seconds, maximum 0.002674 seconds, total 0.047742 seconds
Reward history sync: 37 observations, p50/p95/p99 upper bounds 0.000003/0.000003/0.000003 seconds, maximum 0.000003 seconds, total 0.000033 seconds
Journal encoding: 37 observations, p50/p95/p99 upper bounds 0.000500/0.000948/0.000948 seconds, maximum 0.000948 seconds, total 0.016830 seconds
Journal write: 37 observations, p50/p95/p99 upper bounds 0.000098/0.000098/0.000098 seconds, maximum 0.000098 seconds, total 0.000979 seconds
Journal sync: 37 observations, p50/p95/p99 upper bounds 0.006945/0.006945/0.006945 seconds, maximum 0.006945 seconds, total 0.201116 seconds
Snapshot compaction: 0 observations, p50/p95/p99 upper bounds 0.000000/0.000000/0.000000 seconds, maximum 0.000000 seconds, total 0.000000 seconds

{"schema":"verse.host.operations.cli.recovery.v1","operation":"--backup","report":{"schema":"verse.backup.v1","content":[133,235,148,227,197,67,5,67,227,68,174,220,207,11,156,210,22,195,129,77,245,186,58,107,109,241,181,153,197,132,230,70],"instance":8400,"revision":38,"checkpoint_digest":[82,124,107,172,149,235,196,130,38,155,233,210,237,113,140,51,250,229,186,169,78,115,55,222,131,96,11,50,10,168,127,126],"manifest_digest":[72,177,195,157,154,40,237,110,84,179,164,177,74,107,123,115,133,139,190,234,148,135,171,149,98,154,112,76,93,151,69,148],"files":1,"bytes":48099,"migrations":0}}
{"schema":"verse.host.operations.cli.recovery.v1","operation":"--verify-backup","report":{"schema":"verse.backup.v1","content":[133,235,148,227,197,67,5,67,227,68,174,220,207,11,156,210,22,195,129,77,245,186,58,107,109,241,181,153,197,132,230,70],"instance":8400,"revision":38,"checkpoint_digest":[82,124,107,172,149,235,196,130,38,155,233,210,237,113,140,51,250,229,186,169,78,115,55,222,131,96,11,50,10,168,127,126],"manifest_digest":[72,177,195,157,154,40,237,110,84,179,164,177,74,107,123,115,133,139,190,234,148,135,171,149,98,154,112,76,93,151,69,148],"files":1,"bytes":48099,"migrations":0}}
{"schema":"verse.host.operations.cli.recovery.v1","operation":"--restore-backup","report":{"schema":"verse.backup.v1","content":[133,235,148,227,197,67,5,67,227,68,174,220,207,11,156,210,22,195,129,77,245,186,58,107,109,241,181,153,197,132,230,70],"instance":8400,"revision":38,"checkpoint_digest":[82,124,107,172,149,235,196,130,38,155,233,210,237,113,140,51,250,229,186,169,78,115,55,222,131,96,11,50,10,168,127,126],"manifest_digest":[72,177,195,157,154,40,237,110,84,179,164,177,74,107,123,115,133,139,190,234,148,135,171,149,98,154,112,76,93,151,69,148],"files":1,"bytes":48099,"migrations":0}}
{"schema":"verse.host.operations.cli.result.v1","live_status":true,"active_writer_export_refused":true,"clean_drain":true,"offline_readiness_refused":true,"backup_verified":true,"restored_authority_tick":36,"prune_passed":true}
observatory check: {"instance":8401,"ticks":300,"content":[223,222,94,151,50,121,86,96,22,31,226,42,95,160,169,48,147,16,234,1,166,158,125,98,147,202,142,186,102,200,150,205],"checkpoint_bytes":6850,"actors":1}

observatory authenticated: instance 8401 with 1 actors
Chamber 8401 listening on 127.0.0.1:39523
Chamber stopped: 4 ticks, 4 requests, 1 completed connections, 0.000000 dropped seconds
Admission: {"capacity_refusals":0,"pre_auth_refusals":0,"ip_refusals":0,"handshake_rate_refusals":0,"principal_capacity_refusals":0,"principal_work_refusals":0,"aggregate_work_refusals":0,"projections":2,"commands":1,"pending_peak":1,"active_peak":1,"pending":0,"active":0,"principal_records":1,"completed":1,"handshake_timeouts":0,"handshake_refusals":0,"authentication_timeouts":0,"authentication_refusals":0,"grant_refusals":0,"retired_connections":0,"frame_failures":0,"read_timeouts":0,"write_failures":0,"request_rate_failures":0,"host_failures":0,"transport_closures":1,"cancelled_workers":0}
Collision queries: {"ray":{"calls":0,"errors":0,"truncated":0,"nodes":0,"triangles":0,"capsule_tests":0,"scene_nodes":0,"scene_candidates":0,"wall_seconds":0.0,"maximum_wall_seconds":0.0},"overlap":{"calls":16,"errors":0,"truncated":0,"nodes":48,"triangles":192,"capsule_tests":0,"scene_nodes":48,"scene_candidates":32,"wall_seconds":0.000461606,"maximum_wall_seconds":0.000042219},"sweep":{"calls":32,"errors":0,"truncated":0,"nodes":96,"triangles":384,"capsule_tests":0,"scene_nodes":96,"scene_candidates":64,"wall_seconds":0.0003743219999999999,"maximum_wall_seconds":0.000055018}}
Motor recovery: 0 blocked advances, last diagnostic None
Movement expiry: {"total":0,"admission":0,"primary_tick":0,"additional_tick":0,"bootstrap":0,"samples":[],"omitted":0}
Checkpoint storage: 0 commits, 0 bytes, 0.000000 seconds
Storage backlog: 0 peak copies, 0 refused requests, 0 paused ticks, 0.000000 paused seconds
Simulation: 4 observations, p50/p95/p99 upper bounds 0.000419/0.000419/0.000419 seconds, maximum 0.000419 seconds, total 0.001374 seconds
Persistence capture: 0 observations, p50/p95/p99 upper bounds 0.000000/0.000000/0.000000 seconds, maximum 0.000000 seconds, total 0.000000 seconds
Admitted read projection: 0 observations, p50/p95/p99 upper bounds 0.000000/0.000000/0.000000 seconds, maximum 0.000000 seconds, total 0.000000 seconds
Running checkpoint copy: 0 observations, p50/p95/p99 upper bounds 0.000000/0.000000/0.000000 seconds, maximum 0.000000 seconds, total 0.000000 seconds
Storage commit: 0 observations, p50/p95/p99 upper bounds 0.000000/0.000000/0.000000 seconds, maximum 0.000000 seconds, total 0.000000 seconds
Commit preparation: 0 observations, p50/p95/p99 upper bounds 0.000000/0.000000/0.000000 seconds, maximum 0.000000 seconds, total 0.000000 seconds
Reward history sync: 0 observations, p50/p95/p99 upper bounds 0.000000/0.000000/0.000000 seconds, maximum 0.000000 seconds, total 0.000000 seconds
Journal encoding: 0 observations, p50/p95/p99 upper bounds 0.000000/0.000000/0.000000 seconds, maximum 0.000000 seconds, total 0.000000 seconds
Journal write: 0 observations, p50/p95/p99 upper bounds 0.000000/0.000000/0.000000 seconds, maximum 0.000000 seconds, total 0.000000 seconds
Journal sync: 0 observations, p50/p95/p99 upper bounds 0.000000/0.000000/0.000000 seconds, maximum 0.000000 seconds, total 0.000000 seconds
Snapshot compaction: 0 observations, p50/p95/p99 upper bounds 0.000000/0.000000/0.000000 seconds, maximum 0.000000 seconds, total 0.000000 seconds

test two_original_worlds_use_the_same_dedicated_host_and_authentication ... ok

test result: ok. 2 passed; 0 failed; 0 ignored; 0 measured; 0 filtered out; finished in 3.12s

   Doc-tests verse_host

running 0 tests

test result: ok. 0 passed; 0 failed; 0 ignored; 0 measured; 0 filtered out; finished in 0.00s

