   Compiling verse-world v0.1.0 (/home/christopherdavid/work/openagents-verse-audit/crates/verse-world)
warning: method `additional_characters` is never used
    --> crates/verse-world/src/play.rs:2943:19
     |
 428 | impl Game {
     | --------- method in this implementation
...
2943 |     pub(crate) fn additional_characters(
     |                   ^^^^^^^^^^^^^^^^^^^^^
     |
     = note: `#[warn(dead_code)]` (part of `#[warn(unused)]`) on by default

   Compiling verse-content v0.1.0 (/home/christopherdavid/work/openagents-verse-audit/crates/verse-content)
warning: `verse-world` (lib) generated 1 warning
    Finished `test` profile [unoptimized + debuginfo] target(s) in 1m 23s
     Running unittests src/lib.rs (/home/christopherdavid/work/openagents-target-agent1/debug/deps/verse_content-cf21e83b63d31373)

running 22 tests
test authoring::tests::authored_geometry_has_world_scale_outward_faces_and_stable_identity ... ok
test compiler::characters::tests::material_coordinates_are_explicit ... ok
test compiler::icons::tests::every_ability_and_spell_slot_has_an_icon ... ok
test compiler::icons::tests::write_icon_sheet ... ignored, writes review evidence; run with VERSE_ICON_SHEET=path
test compiler::icons::tests::every_icon_is_credited ... ok
test compiler::icons::tests::reverse_gravity_is_the_flipped_artwork ... ok
test authoring::tests::symlinks_and_interrupted_builds_are_refused ... ok
test compiler::great_crypt::tests::a_missing_model_is_named ... ok
test authoring::tests::field_diagnostics_preserve_journal_and_running_generation ... ok
test compiler::original::tests::complete_pack_uses_only_generated_files_and_animated_actors ... ok
test authoring::tests::generic_encounter_ids_and_timeline_survive_restart_and_restore ... ok
test compiler::inventory::tests::procedural_inventory_is_complete_and_distributable ... ok
test authoring::tests::quest_references_catalog_tuning_and_collision_use_runtime_contracts ... ok
test authoring::tests::atomic_transactions_persist_undo_redo_and_exclusive_ownership ... ok
test compiler::icons::tests::icons_rasterize_deterministically_with_visible_artwork ... ok
test authoring::tests::immutable_build_reuse_and_tamper_refusal_keep_current_generation ... ok
test authoring::tests::bounded_history_and_session_errors_leave_the_editor_usable ... ok
test compiler::great_crypt::tests::the_crypt_models_import_and_place ... ok
test compiler::original::tests::original_timeline_runs_the_full_kit_and_actual_defeat ... ok
test compiler::original::tests::original_presentation_survives_arbitrary_clip_ids ... ok
test compiler::props::tests::static_props_compile_with_provenance_and_admitted_collision ... ok
test compiler::characters::tests::standard_outfits_retarget_and_expose_runtime_states ... ok

test result: ok. 21 passed; 0 failed; 1 ignored; 0 measured; 0 filtered out; finished in 39.78s

     Running unittests src/main.rs (/home/christopherdavid/work/openagents-target-agent1/debug/deps/verse_content-12e9ac8bf4015eae)

running 0 tests

test result: ok. 0 passed; 0 failed; 0 ignored; 0 measured; 0 filtered out; finished in 0.00s

     Running tests/author.rs (/home/christopherdavid/work/openagents-target-agent1/debug/deps/author-cd93c9a288fe70ec)

running 1 test

thread 'author_a_second_playable_zone_without_renderer_changes' (4123901) panicked at crates/verse-content/tests/author.rs:9:5:
transaction.json:edits[7]: invalid type: string "1", expected u64 at line 121 column 4

note: run with `RUST_BACKTRACE=1` environment variable to display a backtrace
test author_a_second_playable_zone_without_renderer_changes ... FAILED

failures:

failures:
    author_a_second_playable_zone_without_renderer_changes

test result: FAILED. 0 passed; 1 failed; 0 ignored; 0 measured; 0 filtered out; finished in 0.95s

error: test failed, to rerun pass `-p verse-content --test author`
