{
  "schema": "openagents.private-historical-replay-check.v1",
  "candidate_head": "4705102273140a5f381fb75e17a29965662629c8 (export plus candidate patch)",
  "checker_sha256": "a7fc455b5b22565e494339687f9eb12dc207a11efede22af3c6aadce39fc788b",
  "source_git_rs_sha256": "d4f584654bba7f35b854e6f5b148c67b2ffb0a02d4a0a5b41b3c0f29133baebe",
  "argv": [
    "cargo",
    "+1.97.1",
    "test",
    "--manifest-path",
    "/tmp/replay-10166-check/briefing-holdout/Cargo.toml",
    "--offline",
    "--test",
    "ignored_worktrees",
    "--",
    "--test-threads=1"
  ],
  "exit_code": 101,
  "timed_out": false,
  "elapsed_seconds": 3.176696507000088,
  "log": "/tmp/replay-10166-check/briefing-holdout/checker.log",
  "scope": "Seven deterministic API regressions; no original agent tests, real host cleanup, deployment, or network. Build time is included."
}
