   Compiling background v0.1.0 (<VERIFICATION_ROOT>/repo/crates/background)
   Compiling briefing-replay-acceptance v0.0.0 (<VERIFICATION_ROOT>/checks/<RUN_ID>/2/harness)
    Finished `test` profile [unoptimized + debuginfo] target(s) in 0.91s
     Running <CHECKER> (<TARGET>/debug/deps/acceptance-a9cca53e30c1a589)

running 17 tests
test clean_pushed_worktree_remains_eligible ... ok
test disposable_caches_do_not_hide_ignored_user_data ... ok
test extension_cache_named_symlink_is_kept_without_following_it ... ok
test extension_ds_store_directory_with_user_data_is_kept ... ok
test extension_ignored_filename_with_newline_is_kept ... ok
test extension_ignored_private_directory_with_spaces_is_kept ... ok
test extension_nested_caches_at_multiple_depths_remain_removable ... ok
test extension_regular_ds_store_metadata_file_remains_disposable ... ok
test extension_regular_file_named_node_modules_is_kept ... ok
test extension_regular_file_named_target_is_kept ... ok
test extension_regular_file_with_cargo_target_prefix_is_kept ... ok
test extension_unknown_ignored_parent_stays_even_when_it_contains_cache_names ... ok
test ignored_dotenv_is_kept_with_a_useful_reason ... ok
test ignored_private_directory_is_kept_with_its_contents ... ok
test ordinary_unsaved_work_is_still_protected ... ok
test recognized_cache_only_worktree_can_still_be_removed ... ok
test unpushed_commits_are_still_protected ... ok

test result: ok. 17 passed; 0 failed; 0 ignored; 0 measured; 0 filtered out; finished in 0.27s

