   Compiling smallvec v1.16.1
   Compiling serde v1.0.229
   Compiling tokio-macros v2.7.2
   Compiling futures-core v0.3.34
   Compiling percent-encoding v2.3.2
   Compiling tungstenite v0.30.0
   Compiling bytemuck_derive v1.12.1
   Compiling tempfile v3.27.0
   Compiling futures-util v0.3.34
   Compiling form_urlencoded v1.2.2
   Compiling icu_normalizer v2.3.0
   Compiling nostr v0.1.0 (/home/christopherdavid/openagents/crates/nostr)
   Compiling physics v0.1.0 (/home/christopherdavid/openagents/crates/physics)
   Compiling idna_adapter v1.2.2
   Compiling idna v1.1.0
   Compiling tokio v1.53.1
   Compiling url v2.5.8
   Compiling bytemuck v1.25.2
   Compiling verse-engine v0.1.0 (/home/christopherdavid/openagents/crates/verse-engine)
   Compiling tokio-tungstenite v0.30.0
   Compiling tokio-rustls v0.26.5
   Compiling coder-reach v0.1.0 (/home/christopherdavid/openagents/crates/coder-reach)
   Compiling verse-world v0.1.0 (/home/christopherdavid/openagents/crates/verse-world)
warning: method `additional_characters` is never used
    --> crates/verse-world/src/play.rs:2448:19
     |
 250 | impl Game {
     | --------- method in this implementation
...
2448 |     pub(crate) fn additional_characters(
     |                   ^^^^^^^^^^^^^^^^^^^^^
     |
     = note: `#[warn(dead_code)]` (part of `#[warn(unused)]`) on by default

warning: `verse-world` (lib) generated 1 warning
warning: `verse-world` (lib test) generated 1 warning (1 duplicate)
    Finished `test` profile [unoptimized + debuginfo] target(s) in 47.81s
     Running unittests src/lib.rs (/home/christopherdavid/work/openagents-target-agent1/debug/deps/verse_world-03eb4b1cd7cdd09e)

running 442 tests
test black_tentacles::tests::placement_needs_range_and_level_ground ... ok
test controls::tests::opposing_keys_net_and_autorun_is_cancelled_by_edges ... ok
test controls::tests::orbit_preserves_facing_steering_aligns_and_both_buttons_run ... ok
test controls::tests::reference_rates_and_camera_return_are_frame_independent ... ok
test controls::tests::turn_keys_become_strafe_only_during_right_mouselook ... ok
test controls::tests::zoom_pitch_limits_and_focus_reset ... ok
test feather_fall::tests::an_unwarded_creature_lands_with_normal_damage ... ok
test feather_fall::tests::at_most_five_targets_and_only_falling_creatures_in_range ... ok
test feather_fall::tests::checkpoints_round_trip_and_reject_corruption ... ok
test feather_fall::tests::drag_reaches_the_cap_within_two_tenths_of_a_second_without_a_snap ... ok
test gust::tests::a_tall_object_caught_low_tips_from_the_off_center_push ... ok
test gust::tests::a_failed_save_pushes_fifteen_feet_and_a_pass_does_not ... ok
test gust::tests::arrows_into_the_wind_fall_short_and_across_it_curve ... ok
test gust::tests::concentration_end_removes_the_field ... ok
test gust::tests::movement_toward_the_caster_is_halved ... ok
test gust::tests::candles_go_out_and_lanterns_gutter_half_the_time ... ok
test gust::tests::re_aim_waits_for_its_cooldown ... ok
test gust::tests::drag_scales_with_area_over_mass_and_never_overshoots ... ok
test gust::tests::re_aiming_onto_a_creature_makes_it_save ... ok
test gust::tests::the_line_is_sixty_by_ten_feet ... ok
test gust::tests::secured_props_feel_the_wind_without_moving ... ok
test gust::tests::saves_repeat_every_turn_inside_and_restart_on_entry ... ok
test feather_fall::tests::descent_is_capped_within_two_tenths_and_horizontal_velocity_is_preserved ... ok
test feather_fall::tests::the_minute_runs_out ... ok
test levitate::tests::a_blown_object_keeps_drifting_and_leaving_sixty_feet_ends_the_spell ... ok
test levitate::tests::an_unwilling_creature_that_saves_is_unaffected ... ok
test gust::tests::light_props_fly_the_crate_slides_the_barrel_tips_and_the_anvil_stays ... ok
test levitate::tests::input_without_a_surface_in_reach_does_nothing ... ok
test levitate::tests::a_drifting_target_bounces_off_the_far_wall_at_reduced_speed ... ok
test levitate::tests::a_push_off_in_reach_moves_the_target_no_faster_than_climbing ... ok
test levitate::tests::the_weight_limit_and_loose_objects_are_enforced ... ok
test levitate::tests::momentum_persists_and_the_ledger_shows_no_hidden_source ... ok
test meteor_swarm::tests::a_crate_three_meters_out_flies_about_fifteen_meters ... ok
test meteor_swarm::tests::a_creature_in_two_spheres_is_damaged_once ... ok
test meteor_swarm::tests::a_meteor_detonates_on_a_creature_in_its_path ... ok
test meteor_swarm::tests::an_obstructed_meteor_detonates_at_the_obstruction ... ok
test meteor_swarm::tests::blast_impulses_balance_the_ledger ... ok
test meteor_swarm::tests::creatures_are_not_displaced ... ok
test meteor_swarm::tests::damage_is_twenty_d6_of_each_type_or_half_on_a_save ... ok
test feather_fall::tests::warded_dummies_land_slowly_unharmed_and_the_others_take_six_d6 ... ok
test levitate::tests::the_rise_is_twenty_feet_or_less_and_no_faster_than_the_hold_speed ... ok
test meteor_swarm::tests::four_meteors_fall_a_quarter_second_apart_and_strike_their_points ... ok
test meteor_swarm::tests::placement_is_validated ... ok
test meteor_swarm::tests::slow_recording_flight_lands_on_all_four_points ... ok
test meteor_swarm::tests::the_sphere_reaches_exactly_forty_feet ... ok
test meteor_swarm::tests::overlapping_spheres_damage_an_object_once_but_blast_it_twice ... ok
test movement::frames::tests::queued_intervals_cannot_spend_future_time_or_duplicate_elapsed_time ... ok
test movement::frames::tests::saved_intervals_refuse_foreign_controls_and_invalid_boundaries ... ok
test levitate::tests::altitude_changes_by_twenty_feet_once_per_turn ... ok
test movement::tests::contained_recovery_records_a_bounded_diagnostic_without_suppressing_errors ... ok
test movement::tests::replay_jumps_once_and_lands_on_the_same_ground ... ok
test levitate::tests::a_checkpoint_mid_drift_replays_identically ... ok
test movement::tests::walking_matches_speed_diagonal_and_yaw_conventions ... ok
test meteor_swarm::tests::unattended_objects_take_full_damage_break_and_feel_the_blast ... ok
test movement::tests::replay_climbs_an_admitted_step_and_matches_direct_substeps ... ok
test levitate::tests::the_end_of_the_spell_floats_the_target_down_gently ... ok
test movement::tests::replay_preserves_exact_capsule_state_and_cannot_cross_a_thin_wall ... ok
test meteor_swarm::tests::flammable_objects_ignite_and_burn_only_themselves ... ok
test black_tentacles::tests::the_ledger_balances ... ok
test black_tentacles::tests::a_failure_deals_three_d6_and_restrains_with_two_or_three_tentacles ... ok
test meteor_swarm::tests::a_checkpoint_mid_fall_replays_identically ... ok
test black_tentacles::tests::the_tentacles_rise_from_the_ground_and_writhe ... ok
test black_tentacles::tests::the_area_is_a_twenty_foot_square_and_halves_speed_inside ... ok
test black_tentacles::tests::a_thunderwave_push_stretches_the_tentacles_but_does_not_free ... ok
test play::checkpoint_tests::restart_fences_commands_from_the_previous_encounter ... ok
test play::body_lifetime_tests::living_capsules_block_other_lives_ignore_self_and_rebuild_on_load ... ok
test play::body_lifetime_tests::restart_and_checkpoint_reject_stale_body_ownership ... ok
test play::checkpoint_tests::checkpoint_refuses_wrong_revision_and_invalid_health ... ok
test play::friendly_tests::authored_entrance_giver_is_reachable_without_changing_player_ids ... ok
test combat::hostile_flight_tests::hostile_flight_shield_and_target_life_fences_precede_damage ... ok
test combat::hostile_flight_tests::actual_hostile_flight_hits_before_scheduled_area_time_and_only_once ... ok
test play::framed_movement::tests::interval_movement_interrupts_an_active_cast_without_rewinding_its_resources ... ok
test combat::hostile_flight_tests::stored_hostile_position_replays_and_forged_flight_is_refused ... ok
test play::friendly_tests::friendly_bodies_ignore_fields_roots_prone_and_falling_damage ... ok
test combat::obstruction_tests::cover_blocks_a_released_hostile_impact ... ok
test play::friendly_tests::friendly_giver_stays_out_of_combat_and_survives_restore_and_reset ... ok
test play::compiled_navigation_tests::blocker_replanning_collision_and_checkpoint_keep_the_same_life ... ok
test play::checkpoint_tests::admitted_remote_movement_is_solved_and_handoff_clears_it ... ok
test play::motor_containment_tests::query_measurements_survive_dynamic_blocker_scene_replacement ... ok
test play::framed_movement::tests::primary_and_secondary_lifecycle_changes_fence_delayed_intervals ... ok
test play::framed_movement::tests::interval_admission_is_not_a_physics_ack_and_invalid_frames_do_not_consume_sequence ... ok
test play::friendly_tests::checkpoint_fences_scene_factions_and_legacy_friendly_roles ... ok
test play::framed_movement::tests::no_input_and_repeated_entry_cannot_freeze_a_character_or_renew_elapsed_time ... ok
test play::compiled_navigation_tests::cultist_climbs_authored_stairs_without_teleporting ... ok
test play::multiplayer::tests::corrupted_player_checkpoint_and_obstructed_spawn_are_refused ... ok
test play::motor_containment_tests::blocked_player_recovery_does_not_stop_the_world_clock ... ok
test play::body_lifetime_tests::corpse_collision_navigation_and_respawn_share_exact_life ... ok
test play::multiplayer::tests::foreign_stale_and_handoff_commands_cannot_move_another_adventurer ... ok
test play::multiplayer::tests::movement_baselines_follow_the_spell_target_not_the_caster ... ok
test play::multiplayer::tests::defeat_and_revival_fence_only_the_dead_players_life ... ok
test play::multiplayer::tests::dead_adventurers_do_not_drift_with_previous_external_motion ... ok
test play::original_collision_tests::blink_uses_collision_admitted_destination_and_matching_effect ... ok
test play::multiplayer::tests::shared_reset_keeps_controllers_and_advances_every_player_life ... ok
test play::original_collision_tests::obstructed_player_attacks_do_not_spend_resources_or_start_casts ... ok
test play::original_collision_tests::original_camera_shortens_at_walls_and_restores_requested_zoom_in_open_space ... ok
test play::multiplayer::tests::held_movement_stops_on_zero_input_handoff_death_and_respawn ... ok
test play::original_collision_tests::original_hostile_routes_around_a_real_chamber_column ... ok
test play::original_collision_tests::owned_locomotion_selects_backward_and_strafe_states_from_actual_motion ... ok
test play::original_collision_tests::scene_refuses_unknown_collision_profiles ... ok
test play::multiplayer::tests::authored_instances_fence_commands_targets_and_survive_reset ... ok
test play::interruption_tests::movement_interrupts_before_spending_mana_and_bow_damage_applies_once ... ok
test play::original_collision_tests::thunderwave_does_not_damage_a_cultist_behind_a_column ... ok
test black_tentacles::tests::a_successful_escape_frees_and_the_creature_walks_out ... ok
test play::player_respawn_tests::restored_health_requires_the_current_player_maximum ... ok
test play::multiplayer::tests::held_remote_movement_survives_gaps_then_expires_and_replays_checkpoints ... ok
test play::prop_body_tests::prop_geometry_body_and_reused_life_replay_together ... ok
test play::tests::classic_movement_uses_backpedal_speed_and_never_boosts_diagonals ... ok
test play::original_collision_tests::original_player_stops_at_column_and_slides_along_its_face ... ok
test play::original_collision_tests::delayed_bow_and_spell_recheck_obstruction ... ok
test play::tests::manual_instant_spell_reports_damage_once ... ok
test play::tests::queued_ability_cannot_cross_control_handoff_or_spend_resources ... ok
test play::multiplayer::tests::controlled_capsules_jump_stop_at_walls_and_admit_teleport_endpoints ... ok
test play::interruption_tests::fireball_resolves_against_owned_hostiles ... ok
test combat::obstruction_tests::an_obstructed_cultist_routes_instead_of_casting_through_a_column ... ok
test play::tests::floating_incoming_damage_excludes_absorption_and_caps_lethal_hits ... ok
test play::grounded_movement_tests::frame_rates_produce_identical_grounded_authority ... ok
test black_tentacles::tests::props_are_grabbed_without_a_save_and_telekinesis_steals_them ... ok
test play::original_collision_tests::the_bow_is_drawn_after_a_shot_and_stowed_later ... ok
test play::grounded_movement_tests::four_substeps_jump_checkpoint_and_read_only_interpolation ... ok
test prediction::local::tests::accepted_jump_is_not_repeated_and_rejected_movement_is_removed ... ok
test prediction::local::tests::chained_unsent_replacements_preserve_motion_and_retire_with_the_real_ack ... ok
test prediction::local::tests::delayed_baselines_do_not_extend_the_clock_or_renew_unacknowledged_holds ... ok
test prediction::local::tests::input_moves_before_binding_and_acknowledgment_then_uses_authoritative_hold ... ok
test prediction::local::tests::lifecycle_clear_and_bounded_history_never_replay_old_inputs ... ok
test prediction::local::tests::movement_policy_preserves_slowing_and_control_routing ... ok
test prediction::local::tests::overtaken_pending_intervals_preserve_move_jump_stop_and_expire ... ok
test prediction::local::tests::overtaken_unacknowledged_hold_keeps_its_age_and_expires ... ok
test prediction::local::tests::pending_geometry_corrects_unacknowledged_travel_and_retires_removed_walls ... ok
test prediction::local::tests::refused_replacement_cancels_its_entire_bounded_local_chain ... ok
test prediction::local::tests::timing_distinguishes_local_steps_input_binding_and_authoritative_ack ... ok
test prediction::tests::acknowledged_jump_is_not_replayed_and_external_motor_state_survives ... ok
test prediction::tests::changed_collision_replays_pending_input_against_current_geometry ... ok
test prediction::tests::coalesced_authority_inputs_correct_the_estimate_without_duplicate_travel ... ok
test prediction::tests::delayed_ack_discards_only_applied_inputs_and_replays_exact_motor_state ... ok
test prediction::tests::new_life_and_epoch_retire_old_input_and_conflicting_acks_are_atomic ... ok
test prediction::tests::newer_observation_can_correct_external_motion_at_the_same_server_tick ... ok
test prediction::tests::overflow_and_duplicate_input_preserve_the_prediction ... ok
test prediction::tests::physics_watermarks_cannot_regress_without_a_control_reset ... ok
test prediction::tests::substep_budget_and_foreign_collision_context_are_refused_atomically ... ok
test reverse_gravity::tests::a_ceiling_strike_deals_falling_damage_for_the_upward_distance ... ok
test play::multiplayer::tests::movement_interrupts_only_its_casters_windup_and_checkpoints_replay ... ok
test reverse_gravity::tests::a_creature_hovering_at_the_top_falls_one_hundred_feet_for_ten_dice ... ok
test reverse_gravity::tests::a_passed_save_with_a_fixed_object_in_reach_holds_the_creature ... ok
test reverse_gravity::tests::anchored_and_secured_bodies_stay_down ... ok
test reverse_gravity::tests::a_checkpoint_mid_rise_replays_identically ... ok
test reverse_gravity::tests::bodies_hover_at_the_top_without_overshooting ... ok
test reverse_gravity::tests::the_cylinder_is_fifty_feet_by_one_hundred_feet ... ok
test reverse_gravity::tests::leaving_the_cylinder_restores_normal_gravity ... ok
test reverse_gravity::tests::the_end_drops_everything_with_falling_damage ... ok
test reverse_gravity::tests::unanchored_bodies_rise_and_bodies_outside_stay ... ok
test reverse_gravity::tests::the_spell_ends_after_one_minute ... ok
test play::tests::cultists_respawn_sixty_seconds_after_each_death_with_fresh_state ... ok
test room::query_tests::compiled_room_queries_match_floor_column_and_instance_scope ... ok
test rules::multiplayer_tests::admission_rejects_corrupt_player_and_caster_checkpoint_state ... ok
test rules::multiplayer_tests::cooperative_players_do_not_intercept_arrows_or_receive_area_burns ... ok
test rules::multiplayer_tests::explicit_second_player_casts_obey_cover_and_moving_target_collision ... ok
test rules::multiplayer_tests::friendly_npcs_reject_damage_and_do_not_intercept_spell_flights ... ok
test rules::multiplayer_tests::friendly_roles_refuse_players_late_changes_and_hostile_checkpoint_effects ... ok
test rules::multiplayer_tests::invalid_player_requests_and_capacity_refusals_preserve_the_store ... ok
test rules::multiplayer_tests::revival_cancels_only_that_casters_flights_and_preserves_other_players ... ok
test room::navigation_tests::original_chamber_compiles_stairs_and_column_routes ... ok
test rules::multiplayer_tests::revival_preserves_another_casters_existing_burns ... ok
test rules::multiplayer_tests::simultaneous_casts_share_targets_but_not_resources_or_cooldowns ... ok
test rules::multiplayer_tests::shared_clock_and_pending_paths_replay_both_players_exactly ... ok
test rules::tests::admitted_teleport_does_not_sweep_the_skipped_space ... ok
test rules::tests::bow_hits_first_actor_once_and_replays_in_flight ... ok
test rules::tests::bow_can_miss_a_moving_target_and_expires_without_scheduled_damage ... ok
test rules::tests::bow_stops_at_cover_inserted_after_launch ... ok
test rules::tests::controller_path_avoids_false_endpoint_chord_contact ... ok
test rules::tests::checkpoint_replays_pending_projectiles_and_cooldowns ... ok
test rules::tests::crossing_behind_thin_cover_does_not_receive_damage ... ok
test rules::tests::homing_flights_do_not_transfer_to_a_replacement_actor ... ok
test rules::tests::curved_controller_path_hits_when_endpoint_chord_misses ... ok
test rules::tests::moving_actor_crossing_is_hit_and_replays_pending_motion ... ok
test rules::tests::swept_projectile_hits_thin_cover_before_actor ... ok
test service::auth::tests::challenge_signature_binds_immutable_content_identity ... ok
test service::auth::tests::authenticated_handles_cannot_cross_server_lifetimes ... ok
test play::tests::handoff_enforces_input_gate_and_retains_spell_damage_and_mana ... ok
test service::auth::tests::pending_budget_expiry_invalid_keys_and_unenrolled_signatures ... ok
test service::auth::tests::challenges_are_single_use_expiring_and_bound_to_key_connection_server_instance ... ok
test play::tests::utility_spells_share_resources_and_change_presented_world_state ... ok
test service::auth::tests::reconnect_close_and_revocation_remove_dispatch_authority ... ok
test service::auth::tests::signed_players_and_spectator_dispatch_without_request_principals ... ok
test service::client::tests::context_and_control_regressions_are_refused ... ok
test playground::tests::the_hall_loads_with_its_named_profile ... ok
test service::client::tests::cancelling_an_uncertain_request_drops_transport ... ok
test room::playground_navigation_tests::the_playground_hall_compiles_a_route_around_the_stone_wall ... ok
test service::client::tests::client_refuses_untrusted_certificates_and_foreign_instance_before_signing ... ok
test service::client::tests::configured_content_mismatch_sends_no_authentication_request ... ok
test service::client::tests::foreign_correlation_invalidates_transport_without_automatic_retry ... ok
test service::client::tests::pipeline_drop_closes_an_uncertain_request ... ok
test play::multiplayer::tests::hostile_encounters_retarget_a_surviving_adventurer_and_replay ... ok
test black_tentacles::tests::a_checkpoint_mid_grab_replays_identically ... ok
test service::client::tests::pipeline_foreign_correlation_closes_io_without_replay ... ok
test prediction::latency::current_moving_support_geometry_reports_a_separate_distribution ... ok
test play::player_respawn_tests::respawn_preserves_hostiles_and_fences_old_commands_through_repeated_deaths ... ok
test service::equipment::tests::catalogs_and_saved_changes_refuse_ambiguous_or_unbounded_gear ... ok
test service::event_cursor::tests::history_and_tick_regression_or_skipping_unseen_events_are_refused ... ok
test service::event_cursor::tests::malformed_contexts_lives_and_payloads_leave_progress_unchanged ... ok
test service::event_cursor::tests::partial_duplicate_and_overlapping_pages_deliver_each_serial_once ... ok
test service::event_cursor::tests::retention_gap_is_reported_once_and_reconnect_continues_from_progress ... ok
test service::host::tests::authored_health_survives_reset_and_recovery_fences ... ok
test service::client::tests::pipeline_sends_bounded_inputs_before_any_reply_and_preserves_partial_reads ... ok
test service::host::tests::reach_configuration_drops_the_certificate_and_keeps_granted_spectators ... ok
test black_tentacles::tests::saves_come_on_cast_entry_and_each_round_at_most_once_per_round ... ok
test service::host::tests::configured_host_enrolls_players_and_spectators_over_real_tls ... ok
test service::client::tests::verified_clients_keep_owned_sequences_and_gameplay_refusals ... ok
test service::items::tests::catalog_refuses_ambiguous_names_ids_and_unbounded_effects ... ok
test service::host::tests::strict_configuration_refuses_duplicate_keys_roles_and_spawn_budgets ... ok
test service::host::tests::recovery_refuses_changed_identity_roles_and_spawns ... ok
test service::host::tests::reward_configuration_and_recovery_refuse_changed_or_foreign_policies ... ok
test service::net::tests::frame_budget_rejects_header_before_waiting_for_payload ... ok
test play::grounded_movement_tests::fractional_frames_retain_input_and_share_one_clock_across_replay ... ok
test service::net::tests::tls_and_frame_refusals_leave_the_world_available ... ok
test service::client::tests::serial_commands_refresh_only_explicit_unconsumed_stale_ticks ... ok
test service::outfits::tests::catalogs_refuse_ambiguous_ids_models_and_consumable_overlap ... ok
test service::persistence::checks::crash_child ... ignored, Launched by the commit-boundary recovery test with an isolated storage root
test prediction::latency::delayed_input_profile_measures_authority_corrections ... ok
test prediction::latency::initial_entry_snapshot_can_arrive_after_a_full_downlink_delay ... ok
test service::net::tests::durable_host_stops_without_acknowledgment_on_storage_failure ... ok
test service::net::tests::tls_players_and_spectator_share_one_world_and_shutdown_parks_controls ... ok
test service::client::tests::durable_claim_failure_withholds_receipt_and_recovers_ready_quest ... ok
test service::persistence::journal::tests::journal_preserves_signed_zero_inside_otherwise_equal_containers ... ok
test prediction::latency::confirmed_intervals_reconcile_delayed_delivery ... ok
test service::client::tests::durable_item_use_withholds_failed_ack_and_retries_without_duplicate_recovery ... ok
test service::persistence::checks::replay_discards_only_an_incomplete_tail_and_refuses_complete_corruption ... ok
test service::persistence::migration::tests::crash_child ... ignored, Subprocess exits deliberately; launched by the crash recovery test.
test service::net::tests::slow_writer_fences_replies_bounds_backlog_and_refuses_new_work ... ok
test combat::tests::manual_combat_never_selects_or_casts_for_the_player ... ok
test play::compiled_navigation_tests::directed_intent_advances_in_authority_and_replays_through_stairs ... ok
test play::multiplayer::tests::both_adventurers_use_the_complete_original_kit_with_independent_shields ... ok
test service::net::tests::durable_tls_host_recovers_acknowledged_combat_after_abrupt_restart ... ok
test service::persistence::checks::persistence_copy_does_not_follow_later_authority_mutations ... ok
test service::client::tests::npc_quest_acceptance_is_durable_owned_and_withheld_on_storage_failure ... ok
test prediction::latency::intervals_cover_jitter_coalescing_jump_wall_and_stairs ... ok
test combat::tests::direct_agent_mode_entry_uses_the_same_admitted_combat_rules ... ok
test service::persistence::checks::unchanged_commit_flushes_staged_history_without_acknowledging_future_rewards ... ok

running 1 test
test service::client::tests::durable_outfit_change_is_replicated_and_survives_failed_commit_and_restart ... ok
test service::presentation::tests::extraction_retains_life_bound_hostile_visuals_and_transient_impacts ... ok
test service::persistence::tests::atomic_store_recovers_validated_world_and_excludes_other_writers ... ok
test service::presentation::tests::malformed_hostile_visuals_and_impact_budgets_are_refused ... ok
test service::progression::marker_tests::authored_dialogue_is_bounded_and_follows_quest_state ... ok
test service::progression::marker_tests::markers_follow_enrollment_objectives_claims_and_prerequisites ... ok
test service::progression::tests::authored_levels_and_quest_definitions_enforce_boundaries ... ok
test service::progression::tests::prerequisite_graph_rejects_invalid_edges_and_preserves_legacy_configs ... ok
test service::reach::tests::a_channel_carries_only_its_own_devices_key ... ok
test service::presentation::tests::tls_spectator_receives_hostile_telegraphs_and_impact_flashes ... ok
test combat::tests::moving_cultists_walk_and_death_playback_never_rewinds ... ok
test service::reach::tests::a_websocket_client_joins_through_the_fallback ... ok
test service::persistence::tests::corrupt_state_and_failed_replacement_never_become_acknowledged_commits ... ok
test service::reach::tests::an_idle_revoked_connection_is_closed_by_the_recheck ... ok
test service::persistence::tests::committed_rewards_recover_once_and_failed_grants_do_not_reach_disk ... ok
test service::persistence::migration::tests::a_corrupt_backup_cannot_replace_the_applied_world ... ok
test service::reach::tests::a_world_grant_admits_its_device_and_refuses_everyone_else ... ok
test service::persistence::migration::tests::changed_source_revision_and_active_objective_are_refused ... ok
test service::reach::tests::a_channel_pair_carries_chamber_frames_both_ways_unchanged ... ok
test service::realm::tests::transfer_crash_child ... ok
test combat::tests::floating_numbers_account_for_health_loss ... ok
test service::persistence::migration::tests::a_storage_failure_recovers_the_source_after_storage_becomes_available ... ok
test combat::tests::agent_fights_with_the_full_kit_against_high_health_claude ... ok
test service::replica::tests::admitted_misty_step_stamp_survives_subsequent_casts_and_checkpoint ... ok
test service::replica::tests::blocker_bounds_validate_atomically_and_retire_without_interpolation ... ok
test service::replica::tests::control_regression_and_generation_capacity_are_atomic ... ok
test service::replica::tests::malformed_prop_transforms_and_budgets_leave_the_replica_unchanged ... ok
test service::replica::tests::positions_yaw_phases_and_effect_anchors_interpolate_without_changing_authority ... ok
test service::replica::tests::prop_poses_interpolate_snap_new_lives_and_retire_removed_lives ... ok
test combat::tests::original_character_variants_fight_after_the_cinematic_handoff ... ok
test service::replica::tests::stale_lives_bad_ticks_and_malformed_state_leave_buffer_unchanged ... ok
test service::replica::tests::world_reset_advances_every_life_and_never_blends_old_corpses ... ok

running 1 test
test service::replica::tests::short_teleports_animation_changes_death_and_control_changes_snap ... ok
test service::replication::tests::canonical_full_delta_resync_and_control_fences ... ok
test service::replication::tests::full_state_numeric_round_trip_preserves_canonical_digest ... ok
test service::replication::tests::malformed_deltas_never_advance_acknowledgement ... ok
test service::replication::tests::pipeline_refuses_second_replaceable_request_but_preserves_reliable_reads ... ok
test service::persistence::migration::tests::drift_unsafe_definitions_and_later_commit_refuse_without_discarding_source ... ok
test service::replication::tests::scoped_collision_keeps_large_rotated_support_and_drops_distant_small_shape ... ok
test service::replication::tests::signed_zero_is_equal_for_delta_and_digest ... ok
test service::replication::tests::shared_cache_keeps_owner_privacy_and_invalidates_on_mutation ... ok
test service::replication::tests::skipped_world_ticks_do_not_starve_outer_band_updates ... ok
test service::replication::tests::spatial_entry_exit_reentry_and_frequency_classes_preserve_life ... ok
test service::realm::tests::owned_wire_dispatch_and_dirty_reads_select_durable_game_checkpoints ... ok
test service::realm::tests::admission_capacity_and_transfer_refusals_leave_owned_states_in_place ... ok
test service::realm::tests::version_nine_uses_its_original_schema_and_refuses_new_realm_books ... ok
test service::rewards::tests::cooperative_batch_failure_leaves_all_characters_and_receipts_unchanged ... ok
test service::replication::tests::valid_but_oversized_geometry_refuses_without_retaining_baseline ... ok
test service::rewards::tests::invalid_and_overflowing_grants_preserve_every_field ... ok
test service::rewards::tests::lifetime_transaction_count_does_not_exhaust_the_ledger ... ok
test service::rewards::tests::retries_return_original_receipts_and_conflicting_reuse_is_atomic ... ok
test service::persistence::migration::tests::reintroduced_npc_and_new_props_use_a_generation_beyond_previous_content ... ok
test service::save::tests::campaign_claims_are_owned_once_and_validated_on_recovery ... ok
test service::save::tests::equipment_slots_preserve_resources_retry_identity_and_saved_derivation ... ok
test service::persistence::migration::tests::revoked_character_reenrollment_keeps_its_actor_and_balances ... ok
test service::save::tests::giver_interaction_requires_live_owned_actors_range_and_clear_sight ... ok
test service::save::tests::malformed_or_incompatible_saves_never_admit_ownership ... ok
test service::save::tests::npc_enrollment_baselines_retries_and_claims_survive_recovery ... ok
test service::save::tests::quest_chains_unlock_per_character_and_survive_recovery ... ok
test service::save::tests::outfit_ownership_retries_and_recovery_preserve_character_identity ... ok
test service::rewards::tests::abandoned_archive_nodes_cannot_apply_a_failed_batch ... ok
test service::save::tests::rewards_survive_recovery_and_legacy_saves_upgrade_without_grants ... ok
test service::tests::admission_budgets_foreign_handles_and_respawn_rights ... ok
test service::save::tests::recovery_items_spend_once_restore_only_owned_resources_and_validate_saved_debits ... ok
test service::tests::hosting_existing_players_clears_every_pending_controller_input ... ok
test service::tests::session_casts_spend_only_owned_resources_and_respawn_only_owned_lives ... ok
test service::tests::reconnect_disconnect_revocation_and_reset_fence_queued_input ... ok
test service::tests::cooperative_rewards_follow_npc_lives_without_connection_duplicates ... ok
test service::tests::two_players_and_spectator_share_one_clock_with_owned_commands ... ok
test service::view::tests::actual_damage_numbers_expire_and_never_attach_to_a_respawned_life ... ok
test service::view::tests::admitted_poses_bow_flights_and_programmatic_dialogue_project_into_native_frames ... ok
test service::view::tests::event_duplicates_gaps_and_malformed_batches_are_atomic ... ok
test service::view::tests::exact_life_selection_cycles_stably_and_clears_on_committed_death_or_respawn ... ok
test service::view::tests::friendly_givers_remain_visible_but_cannot_be_combat_targets ... ok
test service::view::tests::inventory_admission_is_atomic_and_future_lives_wait_for_their_snapshot ... ok
test service::view::tests::native_camera_degrees_project_into_a_radian_scene_frame ... ok
test service::view::tests::quest_world_updates_keep_ledger_fields_and_generation_fences_atomic ... ok
test service::rewards::tests::failed_archive_write_preserves_balances_revisions_and_retry_state ... ok
test service::view::tests::predicted_owned_pose_moves_attachments_without_mutating_remote_state ... ok
test service::view::tests::respawn_and_world_reset_fence_old_dialogue_and_camera_history ... ok
test service::view::tests::scene_sample_keeps_interpolated_body_and_effect_anchors_together ... ok
test service::realm::tests::leases_fence_expiry_draining_restart_and_competing_coordinators ... ok
test service::view::tests::retired_combat_actor_keeps_a_corpse_frame_and_requires_new_life_to_return ... ok
test service::view::tests::tls_movement_updates_giver_availability_at_unchanged_reward_revision ... ok
test service::wire::tests::admitted_remote_combat_visuals_match_local_extraction ... ok
test service::wire::tests::inventory_refuses_foreign_lives_unbounded_counts_and_client_selected_characters ... ok
test service::view::tests::tls_worker_updates_drive_read_only_native_frames ... ok
test service::wire::tests::malformed_signature_consumes_challenge_and_respawn_is_owned ... ok
test service::wire::tests::gameplay_refusal_reports_consumed_sequence_for_client_reconciliation ... ok
test service::wire::tests::event_pages_report_retention_gaps_and_never_replay_past_cursor ... ok
test service::wire::tests::oversized_responses_are_refused_instead_of_sent_without_a_bound ... ok
test service::wire::tests::movement_baselines_wait_for_applied_inputs_and_match_owned_control ... ok
test service::wire::tests::owned_hud_is_scoped_to_each_authenticated_life_and_spectators_have_none ... ok
test service::wire::tests::owned_intervals_acknowledge_admission_before_body_time_and_refuse_foreign_controls ... ok
test service::wire::tests::strict_request_budget_versions_and_nested_fields_are_enforced ... ok
test service::replication::tests::distant_population_keeps_steady_bytes_constant_and_records_cost ... ok
test service::wire::tests::signed_json_players_and_spectator_share_state_and_control_acknowledgments ... ok
test service::wire::tests::stale_tick_refusal_is_explicit_and_does_not_consume_or_apply_the_command ... ok
test service::worker::tests::coalesced_tls_inputs_bind_only_latest_moves_and_preserve_jump_order ... ok
test service::wire::tests::presentation_keeps_independent_movement_and_spell_visuals_on_one_tick ... ok
test play::player_respawn_tests::obstructed_spawn_is_refused_without_mutation_and_expired_corpses_can_respawn ... ok
test service::worker::tests::spectator_worker_checks_context_budgets_and_consumer_lifetime ... ok
test service::persistence::migration::tests::populated_legacy_save_migrates_preserving_receipts_ownership_and_completed_quests ... ok
test service::worker::tests::unsent_movement_coalesces_without_crossing_actions_or_control_fences ... ok
test service::worker::tests::verified_control_reuse_requires_recent_exact_life_and_epoch ... ok
test service::worker::tests::movement_arriving_during_refresh_replaces_the_unsent_command ... ok

running 1 test
test service::worker::tests::tracked_inputs_bind_before_outcomes_and_reject_stale_control ... ok
test spells::dice::tests::falling_damage_counts_one_die_per_ten_feet_up_to_twenty ... ok
test spells::dice::tests::seeded_rolls_repeat_and_forced_saves_come_first ... ok
test service::worker::tests::worker_pipelines_ordered_actions_before_command_acknowledgments ... ok
test spells::fields::tests::every_area_shape_contains_its_inside_and_not_its_outside ... ok
test service::save::tests::recovery_preserves_characters_combat_and_grants_but_fences_connections ... ok
test spells::integration_tests::a_full_prop_budget_still_allows_stone_panels_to_break ... ok
test spells::integration_tests::gravity_impacts_break_props_without_losing_momentum ... ok
test spells::integration_tests::hostile_impact_damages_the_stone_panel_and_retains_its_debris ... ok
test spells::integration_tests::invalid_effect_body_references_are_refused_before_they_are_indexed ... ok
test spells::integration_tests::invalid_tentacle_target_references_are_refused_on_restore ... ok
test service::realm::tests::transfer_moves_resources_receipts_and_placement_once_across_restarts ... ok
test spells::feather_fall::tests::the_chamber_reaction_lands_three_unharmed_and_replays_identically ... ok
test spells::integration_tests::tentacle_terrain_halves_admitted_walking_without_a_restraint ... ok
test service::worker::tests::worker_binds_complete_intervals_and_snapshots_confirm_only_completed_time ... ok
test spells::tests::a_knocked_character_shoves_a_crate_and_slows ... ok
test service::worker::tests::tls_worker_polls_admits_commands_and_stops_under_backpressure ... ok
test spells::tests::a_secured_prop_does_not_move ... ok
test spells::tests::a_wall_stops_a_pushed_prop ... ok
test spells::tests::a_saved_world_with_props_in_flight_continues_identically ... ok
test spells::tests::spell_bodies_joints_and_fields_leave_when_their_cast_ends ... ok
test spells::tests::an_unobstructed_push_slides_ten_feet_whatever_the_mass ... ok
test spells::thunderwave::tests::a_creature_that_saves_takes_half_damage_and_stays ... ok
test spells::thunderwave::tests::a_failed_save_slides_ten_feet_and_a_wall_stops_the_next ... ok
test spells::thunderwave::tests::a_prop_partly_inside_gets_no_impulse_and_a_secured_prop_stays ... ok
test spells::thunderwave::tests::a_shove_off_the_ledge_deals_falling_damage ... ok
test spells::integration_tests::wind_reaim_and_concentration_end_use_admitted_controls ... ok
test telekinesis::tests::a_checkpoint_mid_grip_replays_identically ... ok
test telekinesis::tests::a_failed_save_suspends_a_creature_for_exactly_six_seconds_then_it_falls ... ok
test service::client::tests::reward_overflow_stops_durable_host_without_saving_partial_death ... ok
test telekinesis::tests::a_gripped_body_still_stops_at_a_wall ... ok
test telekinesis::tests::a_huge_limit_holds_a_thousand_kilogram_block_steadily ... ok
test telekinesis::tests::a_successful_save_means_no_movement ... ok
test telekinesis::tests::a_target_beyond_range_or_larger_than_huge_is_refused ... ok
test telekinesis::tests::falling_dice_follow_the_srd ... ok
test telekinesis::tests::a_gripped_crate_knocks_over_a_standing_plank ... ok
test telekinesis::tests::released_velocity_is_preserved_and_the_ledger_balances ... ok
test telekinesis::tests::hand_path_per_application_is_at_most_thirty_feet ... ok
test telekinesis::tests::switching_targets_releases_the_first ... ok
test telekinesis::tests::the_grip_releases_beyond_sixty_feet ... ok
test tests::bounded_ticks_and_invalid_intents_are_refused_without_mutation ... ok
test tests::controller_and_life_fences_precede_sequence_consumption ... ok
test tests::returning_controller_cannot_replay_queued_input ... ok
test utilities::shield_tests::shield_spends_mana_absorbs_only_its_capacity_and_expires ... ok
test telekinesis::tests::the_hand_never_leaves_range_and_moves_at_most_six_meters_a_second ... ok
test utilities::tests::control_expires_and_light_does_not_need_a_target ... ok
test utilities::tests::rejected_casts_do_not_spend_mana_or_start_cooldowns ... ok
test utilities::tests::teleport_wave_and_resource_gates ... ok
test visuals::blocker_tests::active_bounds_preserve_box_lives_and_omit_retired_cover ... ok
test visuals::prop_tests::extracted_props_follow_physics_box_poses_and_omit_removed_bodies ... ok
test wall_of_stone::tests::a_forced_30_foot_cantilever_breaks_at_its_root ... ok
test spells::thunderwave::tests::the_chamber_wave_still_spares_a_cultist_behind_a_column_and_knocks_cultists_together ... ok
test wall_of_stone::tests::a_wall_through_a_creature_pushes_it_to_the_chosen_side ... ok
test wall_of_stone::tests::an_enclosed_creature_saves_to_escape ... ok
test wall_of_stone::tests::a_wall_held_for_ten_minutes_is_permanent ... ok
test wall_of_stone::tests::damage_respects_immunities_and_destroys_at_zero ... ok
test wall_of_stone::tests::debris_keeps_the_panel_mass_and_momentum ... ok
test wall_of_stone::tests::a_checkpoint_with_broken_joints_replays_identically ... ok
test wall_of_stone::tests::an_intact_20_foot_bridge_carries_a_large_creature ... ok
test wall_of_stone::tests::panel_hit_points_follow_thickness ... ok
test service::realm::tests::real_tls_listeners_route_transfer_and_reauthenticate_the_sdk ... ok
test wall_of_stone::tests::spans_over_20_feet_need_half_size_supports ... ok
test wall_of_stone::tests::the_validator_refuses_unsupported_and_disconnected_walls_and_long_spans ... ok
test wall_of_stone::tests::shapes_stand_by_the_rules ... ok
test wind_wall::tests::an_airborne_small_prop_bounces_and_grounded_things_pass ... ok
test wind_wall::tests::appearance_damage_is_four_d8_or_half_on_a_save ... ok
test wind_wall::tests::concentration_end_removes_the_field_and_the_colliders ... ok
test wind_wall::tests::a_checkpoint_with_a_deflected_flight_replays_identically ... ok
test wind_wall::tests::lightweight_bodies_rise_and_a_crate_is_not_lifted ... ok
test wind_wall::tests::shapes_are_at_most_fifty_feet_continuous_and_grounded ... ok
test wind_wall::tests::siege_and_spell_flights_are_unaffected ... ok
test wind_wall::tests::the_wall_clears_overlapping_gas ... ok
test wind_wall::tests::every_ordinary_flight_toward_a_target_behind_the_wall_is_deflected ... ok
test wall_of_stone::tests::ending_concentration_early_drops_what_stood_on_the_wall ... ok
test wall_of_stone::tests::destroying_the_middle_panel_drops_both_halves ... ok
test spells::integration_tests::selected_props_and_active_panels_restore_with_projectile_cover ... ok
test spells::thunderwave::tests::checkpoints_replay_identically_with_props_in_flight ... ok

running 1 test
test service::client::tests::tls_combat_rewards_are_owned_and_survive_durable_host_restart ... ok
test spells::integration_tests::reverse_gravity_hovers_creature_feet_at_one_hundred_feet ... ok

running 1 test
test black_tentacles::tests::the_end_removes_every_tentacle_body_and_joint ... ok
test service::presentation::tests::corpse_pose_survives_rules_retirement_until_new_life_respawn ... ok
test service::realm::tests::transfer_index_branches_and_original_receipts_survive_repeated_placements ... ok

running 1 test

running 1 test
test service::net::tests::durable_two_player_input_cadence_records_checkpoint_cost ... ok
test service::replication::tests::transport::delayed_tls_deltas_resync_and_bound_replaceable_backlog ... ok
test service::worker::tests::native_inventory_polling_is_bounded_and_excludes_spectators ... ok
test service::realm::tests::character_receipt_branches_recover_original_revisions_after_transfer ... ok

running 1 test

running 1 test
test service::worker::tests::native_polling_and_sustained_movement_fit_the_tls_request_budget ... ok
test service::persistence::migration::tests::interrupted_rollback_keeps_the_target_until_its_own_seal ... ok

running 1 test
test service::worker::delayed::delayed_bootstrap_and_native_interval_stream_use_one_owned_timeline ... ok
test service::realm::tests::every_transfer_publication_boundary_selects_one_owner_and_inventory ... ok
test playground::tests::every_scenario_plays_replays_identically_and_passes_its_check ... ok

running 1 test
test play::checkpoint_tests::mid_battle_checkpoint_replays_casts_projectiles_ai_and_defeat ... ok
test service::persistence::migration::tests::crash_recovery_selects_source_before_seal_and_target_after_seal ... ok
test service::persistence::checks::incremental_journal_compacts_and_recovers_a_growing_reward_history ... ok
test spells::integration_tests::every_spell_frame_preserves_momentum ... ok
test service::view::tests::authored_friendly_giver_enrolls_over_tls_and_fences_quest_chain ... ok
test service::persistence::checks::process_exit_at_commit_boundaries_preserves_acknowledged_rewards has been running for over 60 seconds
test service::persistence::tests::archived_rewards_recover_after_the_old_lifetime_limit_and_ignore_uncommitted_writes has been running for over 60 seconds
test service::rewards::tests::archived_mixed_operations_retain_retries_and_bounded_checkpoints has been running for over 60 seconds
test service::persistence::checks::process_exit_at_commit_boundaries_preserves_acknowledged_rewards ... ok
test service::persistence::tests::archived_rewards_recover_after_the_old_lifetime_limit_and_ignore_uncommitted_writes ... ok
test service::rewards::tests::archived_mixed_operations_retain_retries_and_bounded_checkpoints ... ok

test result: ok. 440 passed; 0 failed; 2 ignored; 0 measured; 0 filtered out; finished in 84.70s

   Doc-tests verse_world

running 0 tests

test result: ok. 0 passed; 0 failed; 0 ignored; 0 measured; 0 filtered out; finished in 0.00s
