    Blocking waiting for file lock on package cache
    Blocking waiting for file lock on package cache
    Blocking waiting for file lock on package cache
   Compiling verse-world v0.1.0 (/home/christopherdavid/openagents/crates/verse-world)
warning: method `additional_characters` is never used
    --> crates/verse-world/src/play.rs:2448:19
     |
 250 | impl Game {
     | --------- method in this implementation
...
2448 |     pub(crate) fn additional_characters(
     |                   ^^^^^^^^^^^^^^^^^^^^^
     |
     = note: `#[warn(dead_code)]` (part of `#[warn(unused)]`) on by default

warning: `verse-world` (lib test) generated 1 warning
    Finished `test` profile [unoptimized + debuginfo] target(s) in 20.26s
     Running unittests src/lib.rs (/home/christopherdavid/work/openagents-target-agent1/debug/deps/verse_world-543c39246e40bd11)

running 10 tests
test service::realm::tests::transfer_crash_child ... ok
test service::realm::tests::owned_wire_dispatch_and_dirty_reads_select_durable_game_checkpoints ... ok
test service::realm::tests::version_nine_uses_its_original_schema_and_refuses_new_realm_books ... ok
test service::realm::tests::admission_capacity_and_transfer_refusals_leave_owned_states_in_place ... ok
test service::realm::tests::leases_fence_expiry_draining_restart_and_competing_coordinators ... ok
test service::realm::tests::transfer_moves_resources_receipts_and_placement_once_across_restarts ... ok
realm TLS acceptance: Stats { ticks: 22, requests: 7, queue_peak: 3, skipped_seconds: 0.0, work_peak_seconds: 0.087966032 }
test service::realm::tests::real_tls_listeners_route_transfer_and_reauthenticate_the_sdk ... ok
realm transfer crash before_snapshots: source owner, exact retry, three items
realm transfer crash after_snapshots: source owner, exact retry, three items
test service::realm::tests::transfer_index_branches_and_original_receipts_survive_repeated_placements ... ok
test service::realm::tests::character_receipt_branches_recover_original_revisions_after_transfer ... ok
realm transfer crash before_seal: source owner, exact retry, three items
realm transfer crash after_seal: destination owner, exact retry, three items
realm transfer crash after_directory_sync: destination owner, exact retry, three items
test service::realm::tests::every_transfer_publication_boundary_selects_one_owner_and_inventory ... ok

test result: ok. 10 passed; 0 failed; 0 ignored; 0 measured; 426 filtered out; finished in 4.77s
