warning: method `additional_characters` is never used
    --> crates/verse-world/src/play.rs:2943:19
     |
 428 | impl Game {
     | --------- method in this implementation
...
2943 |     pub(crate) fn additional_characters(
     |                   ^^^^^^^^^^^^^^^^^^^^^
     |
     = note: `#[warn(dead_code)]` (part of `#[warn(unused)]`) on by default

warning: methods `acceptance` and `transaction` are never used
   --> crates/verse-world/src/service/progression.rs:385:19
    |
365 | impl Quest {
    | ---------- methods in this implementation
...
385 |     pub(super) fn acceptance(&self, instance: u64, actor: u64, baseline: u32) -> Transaction {
    |                   ^^^^^^^^^^
...
408 |     pub(super) fn transaction(&self, instance: u64, actor: u64) -> Transaction {
    |                   ^^^^^^^^^^^

warning: `verse-world` (lib) generated 2 warnings
    Checking verse-content v0.1.0 (/home/christopherdavid/work/openagents-verse-audit/crates/verse-content)
    Checking coder-pty v0.1.0 (/home/christopherdavid/work/openagents-verse-audit/crates/coder-pty)
    Checking coder-vt v0.1.0 (/home/christopherdavid/work/openagents-verse-audit/crates/coder-vt)
    Checking terminal-core v0.1.0 (/home/christopherdavid/work/openagents-verse-audit/crates/terminal-core)
    Checking verse-zone-everglade v0.1.0 (/home/christopherdavid/work/openagents-verse-audit/crates/verse-zone-everglade)
warning: variable does not need to be mutable
   --> crates/verse-zone-everglade/src/zones/everglade/layout/streets.rs:275:9
    |
275 |     let mut try_put =
    |         ----^^^^^^^
    |         |
    |         help: remove this `mut`
    |
    = note: `#[warn(unused_mut)]` (part of `#[warn(unused)]`) on by default

warning: function `triangles` is never used
   --> crates/verse-zone-everglade/src/zones/everglade/draw.rs:103:15
    |
103 | pub(super) fn triangles() -> u64 {
    |               ^^^^^^^^^
    |
    = note: `#[warn(dead_code)]` (part of `#[warn(unused)]`) on by default

warning: function `stream_triangles` is never used
   --> crates/verse-zone-everglade/src/zones/everglade/draw.rs:112:4
    |
112 | fn stream_triangles() -> u64 {
    |    ^^^^^^^^^^^^^^^^

warning: `verse-zone-everglade` (lib) generated 3 warnings (run `cargo fix --lib -p verse-zone-everglade` to apply 1 suggestion)
   Compiling verse-host v0.1.0 (/home/christopherdavid/work/openagents-verse-audit/crates/verse-host)
    Checking verse-gym v0.1.0 (/home/christopherdavid/work/openagents-verse-audit/crates/verse-gym)
    Checking verse-zone-lagrange v0.1.0 (/home/christopherdavid/work/openagents-verse-audit/crates/verse-zone-lagrange)
    Checking verse-zone-grove v0.1.0 (/home/christopherdavid/work/openagents-verse-audit/crates/verse-zone-grove)
    Checking openagents-connect v0.1.0 (/home/christopherdavid/work/openagents-verse-audit/crates/openagents-connect)
    Checking terminal-control v0.1.0 (/home/christopherdavid/work/openagents-verse-audit/crates/terminal-control)
    Checking verse-imported v0.1.0 (/home/christopherdavid/work/openagents-verse-audit/crates/verse-imported)
warning: unused variable: `numbers`
    --> crates/verse-imported/src/imported/overlay.rs:1297:9
     |
1297 |     let numbers = atlas.font("numbers").layout_at_scale(1.0 / s).unwrap();
     |         ^^^^^^^ help: if this is intentional, prefix it with an underscore: `_numbers`
     |
     = note: `#[warn(unused_variables)]` (part of `#[warn(unused)]`) on by default

warning: `verse-imported` (lib) generated 1 warning (run `cargo fix --lib -p verse-imported` to apply 1 suggestion)
    Checking verse-zone-lab v0.1.0 (/home/christopherdavid/work/openagents-verse-audit/crates/verse-zone-lab)
    Checking verse-zone-crypt v0.1.0 (/home/christopherdavid/work/openagents-verse-audit/crates/verse-zone-crypt)
    Checking coder-host v0.1.0 (/home/christopherdavid/work/openagents-verse-audit/crates/coder-host)
    Checking verse v0.1.0 (/home/christopherdavid/work/openagents-verse-audit/crates/verse)
    Finished `dev` profile [unoptimized + debuginfo] target(s) in 12.53s
