warning: unreachable pattern
    --> crates/coder-access/src/protocol.rs:1064:19
     |
1062 |                 | Self::ProposeHire { .. }
     |                   ------------------------ matches all the relevant values
1063 |                 | Self::DecideHire { .. }
1064 |                 | Self::ProposeHire { .. }
     |                   ^^^^^^^^^^^^^^^^^^^^^^^^ no value can reach this
     |
     = note: `#[warn(unreachable_patterns)]` (part of `#[warn(unused)]`) on by default

warning: unreachable pattern
    --> crates/coder-access/src/protocol.rs:1065:19
     |
1063 |                 | Self::DecideHire { .. }
     |                   ----------------------- matches all the relevant values
1064 |                 | Self::ProposeHire { .. }
1065 |                 | Self::DecideHire { .. }
     |                   ^^^^^^^^^^^^^^^^^^^^^^^ no value can reach this

warning: unreachable pattern
    --> crates/coder-access/src/protocol.rs:1087:19
     |
1085 |                 | Self::ProposeHire { .. }
     |                   ------------------------ matches all the relevant values
1086 |                 | Self::DecideHire { .. }
1087 |                 | Self::ProposeHire { .. }
     |                   ^^^^^^^^^^^^^^^^^^^^^^^^ no value can reach this

warning: unreachable pattern
    --> crates/coder-access/src/protocol.rs:1088:19
     |
1086 |                 | Self::DecideHire { .. }
     |                   ----------------------- matches all the relevant values
1087 |                 | Self::ProposeHire { .. }
1088 |                 | Self::DecideHire { .. }
     |                   ^^^^^^^^^^^^^^^^^^^^^^^ no value can reach this

warning: `coder-access` (lib) generated 4 warnings
warning: method `movement_confirmations` is never used
  --> crates/verse-world/src/play/framed_movement.rs:49:19
   |
 8 | impl Game {
   | --------- method in this implementation
...
49 |     pub(crate) fn movement_confirmations(&self, life: LifeId) -> Vec<crate::movement::Baseline> {
   |                   ^^^^^^^^^^^^^^^^^^^^^^
   |
   = note: `#[warn(dead_code)]` (part of `#[warn(unused)]`) on by default

warning: multiple fields are never read
   --> crates/verse-world/src/play/multiplayer.rs:134:5
    |
133 | pub(crate) struct PortablePlayer {
    |                   -------------- fields in this struct
134 |     definition: crate::content::Character,
    |     ^^^^^^^^^^
135 |     catalog_remaining: BTreeMap<u8, f32>,
    |     ^^^^^^^^^^^^^^^^^
136 |     dice: Option<crate::spells::Dice>,
    |     ^^^^
137 |     combat: crate::rules::transfer::Portable,
    |     ^^^^^^
138 |     controls: Controls,
    |     ^^^^^^^^
139 |     bow_remaining: f32,
    |     ^^^^^^^^^^^^^
140 |     time: f32,
    |     ^^^^
141 |     yaw: f32,
    |     ^^^
142 |     appearance: verse_engine::director::Actor,
    |     ^^^^^^^^^^
    |
    = note: `PortablePlayer` has a derived impl for the trait `Clone`, but this is intentionally ignored during dead code analysis

warning: methods `take_transfer_player`, `take_resident_player`, and `put_transfer_player` are never used
   --> crates/verse-world/src/play/multiplayer.rs:145:19
    |
144 | impl Game {
    | --------- methods in this implementation
145 |     pub(crate) fn take_transfer_player(&mut self, actor: u64) -> Result<PortablePlayer, String> {
    |                   ^^^^^^^^^^^^^^^^^^^^
...
154 |     pub(crate) fn take_resident_player(&mut self, actor: u64) -> Result<PortablePlayer, String> {
    |                   ^^^^^^^^^^^^^^^^^^^^
...
284 |     pub(crate) fn put_transfer_player(
    |                   ^^^^^^^^^^^^^^^^^^^

warning: methods `account_spawn` and `migrate_content` are never used
    --> crates/verse-world/src/play/multiplayer.rs:426:19
     |
 332 | impl Game {
     | --------- methods in this implementation
...
 426 |     pub(crate) fn account_spawn(&self) -> Result<Vec3, String> {
     |                   ^^^^^^^^^^^^^
...
1405 |     pub(crate) fn migrate_content(
     |                   ^^^^^^^^^^^^^^^

warning: method `live_hostiles` is never used
    --> crates/verse-world/src/rules.rs:1124:19
     |
 225 | impl Simulation {
     | --------------- method in this implementation
...
1124 |     pub(crate) fn live_hostiles(&self) -> usize {
     |                   ^^^^^^^^^^^^^

warning: fields `state` and `elapsed` are never read
 --> crates/verse-world/src/rules/transfer.rs:5:5
  |
4 | pub(crate) struct Portable {
  |                   -------- fields in this struct
5 |     state: PlayerState,
  |     ^^^^^
6 |     elapsed: f32,
  |     ^^^^^^^
  |
  = note: `Portable` has a derived impl for the trait `Clone`, but this is intentionally ignored during dead code analysis

warning: method `defeated` is never used
 --> crates/verse-world/src/rules/transfer.rs:9:19
  |
8 | impl Portable {
  | ------------- method in this implementation
9 |     pub(crate) fn defeated(&self) -> bool {
  |                   ^^^^^^^^

warning: method `put_player` is never used
  --> crates/verse-world/src/rules/transfer.rs:58:19
   |
13 | impl Simulation {
   | --------------- method in this implementation
...
58 |     pub(crate) fn put_player(&mut self, id: u32, mut portable: Portable) -> Result<(), String> {
   |                   ^^^^^^^^^^

warning: methods `fork`, `committed_controls`, `principal`, and `refresh_binding` are never used
   --> crates/verse-world/src/service/auth.rs:139:19
    |
136 | impl Gateway {
    | ------------ methods in this implementation
...
139 |     pub(super) fn fork(&self) -> Self {
    |                   ^^^^
...
251 |     pub(super) fn committed_controls(&self) -> BTreeMap<ConnectionId, super::wire::Control> {
    |                   ^^^^^^^^^^^^^^^^^^
...
564 |     pub(super) fn principal(&self, connection: ConnectionId) -> Result<Principal, String> {
    |                   ^^^^^^^^^
...
568 |     pub(super) fn refresh_binding(&mut self, connection: ConnectionId) -> Result<(), String> {
    |                   ^^^^^^^^^^^^^^^

warning: method `fork` is never used
   --> crates/verse-world/src/service/replication.rs:206:19
    |
205 | impl Sender {
    | ----------- method in this implementation
206 |     pub(super) fn fork(&self) -> Self {
    |                   ^^^^

warning: method `history_roots` is never used
   --> crates/verse-world/src/service/rewards.rs:184:31
    |
183 | impl Checkpoint {
    | --------------- method in this implementation
184 |     pub(in crate::service) fn history_roots(&self) -> Vec<Option<[u8; 32]>> {
    |                               ^^^^^^^^^^^^^

warning: methods `revision`, `history_capacity`, and `attach` are never used
   --> crates/verse-world/src/service/rewards.rs:262:19
    |
232 | impl Ledger {
    | ----------- methods in this implementation
...
262 |     pub(super) fn revision(&self) -> u64 {
    |                   ^^^^^^^^
...
266 |     pub(super) fn history_capacity(&self) -> Result<bool, String> {
    |                   ^^^^^^^^^^^^^^^^
...
272 |     pub(super) fn attach(&mut self, archive: history::History) -> Result<(), String> {
    |                   ^^^^^^

warning: multiple associated items are never used
   --> crates/verse-world/src/service/rewards/history.rs:54:31
    |
 53 | impl History {
    | ------------ associated items in this implementation
 54 |     pub(in crate::service) fn open(path: &Path) -> Result<Self, String> {
    |                               ^^^^
...
 88 |     pub(in crate::service) fn temporary() -> Result<Self, String> {
    |                               ^^^^^^^^^
...
104 |     pub(in crate::service) fn reachable(
    |                               ^^^^^^^^^
...
139 |     pub(in crate::service) fn verify_node(&self, digest: [u8; 32]) -> Result<(), String> {
    |                               ^^^^^^^^^^^
...
142 |     pub(super) fn same_directory(&self, other: &Self) -> bool {
    |                   ^^^^^^^^^^^^^^
...
145 |     pub(in crate::service) fn defer_writes(&self) {
    |                               ^^^^^^^^^^^^
...
148 |     pub(in crate::service) fn has_capacity(&self) -> Result<bool, String> {
    |                               ^^^^^^^^^^^^
...
157 |     pub(in crate::service) fn synchronize(&self) -> Result<(), String> {
    |                               ^^^^^^^^^^^

warning: method `history_roots` is never used
  --> crates/verse-world/src/service/rewards/books.rs:38:31
   |
37 | impl Book {
   | --------- method in this implementation
38 |     pub(in crate::service) fn history_roots(&self) -> [history::Root; 2] {
   |                               ^^^^^^^^^^^^^

warning: methods `realm_character`, `activate_books`, `register_book`, `take_book`, and `put_book` are never used
   --> crates/verse-world/src/service/rewards/books.rs:43:31
    |
 42 | impl Ledger {
    | ----------- methods in this implementation
 43 |     pub(in crate::service) fn realm_character(&self, actor: u64) -> Option<u64> {
    |                               ^^^^^^^^^^^^^^^
...
 46 |     pub(in crate::service) fn activate_books(
    |                               ^^^^^^^^^^^^^^
...
170 |     pub(in crate::service) fn register_book(
    |                               ^^^^^^^^^^^^^
...
193 |     pub(in crate::service) fn take_book(
    |                               ^^^^^^^^^
...
208 |     pub(in crate::service) fn put_book(
    |                               ^^^^^^^^

warning: field `owner` is never read
   --> crates/verse-world/src/service/save.rs:110:16
    |
109 | pub(super) struct Prepared {
    |                   -------- field in this struct
110 |     pub(super) owner: [u8; 32],
    |                ^^^^^

warning: methods `instance` and `expanded` are never used
   --> crates/verse-world/src/service/save.rs:168:19
    |
125 | impl Prepared {
    | ------------- methods in this implementation
...
168 |     pub(super) fn instance(&self) -> u64 {
    |                   ^^^^^^^^
...
182 |     pub(super) fn expanded(&self) -> Result<serde_json::Value, String> {
    |                   ^^^^^^^^

warning: function `count_world_encoding` is never used
   --> crates/verse-world/src/service/save.rs:236:4
    |
236 | fn count_world_encoding(metadata_bytes: usize, world: &str) -> Result<usize, String> {
    |    ^^^^^^^^^^^^^^^^^^^^

warning: method `transfer_cooldowns` is never used
  --> crates/verse-world/src/utilities.rs:58:19
   |
57 | impl Controls {
   | ------------- method in this implementation
58 |     pub(crate) fn transfer_cooldowns(&self, source_time: f32, destination_time: f32) -> Self {
   |                   ^^^^^^^^^^^^^^^^^^

warning: `verse-world` (lib) generated 19 warnings
warning: unused import: `self`
 --> crates/verse-zone-everglade/src/zones/everglade/sales_floor.rs:4:14
  |
4 |     layout::{self, Board, agora},
  |              ^^^^
  |
  = note: `#[warn(unused_imports)]` (part of `#[warn(unused)]`) on by default

warning: `verse-zone-everglade` (lib) generated 1 warning (run `cargo fix --lib -p verse-zone-everglade` to apply 1 suggestion)
    Finished `release` profile [optimized] target(s) in 0.97s
     Running unittests examples/coast_pack.rs (<target>/release/examples/coast_pack-97129a134084a1b6)

running 1 test
pub const SHA256: &str = "105ec8dc07ec7fbd5efa0acc3a57232b95435086e81680b1a3dad58619873d7c";
pub const BYTES: u64 = 487425;
const BUNDLED: &[u8] = include_bytes!("../../../assets/verse/coast/105ec8dc07ec7fbd5efa0acc3a57232b95435086e81680b1a3dad58619873d7c.vtp");
test compile_coast_pack ... ok

test result: ok. 1 passed; 0 failed; 0 ignored; 0 measured; 0 filtered out; finished in 0.24s
