---
source: tui/src/bottom_pane/chat_composer.rs
expression: terminal.backend()
---
"▌ [Pasted Content 1003 chars][Pasted Content 1007 chars] another short paste                        "
"▌                                                                                                   "
"▌                                                                                                   "
"▌                                                                                                   "
"▌                                                                                                   "
"▌                                                                                                   "
"▌                                                                                                   "
"▌                                                                                                   "
"                                                                                                    "
"⏎ send   ⌃J newline   ⌃T transcript   ⌃C quit                                                       "
