   Compiling verse-world v0.1.0 (/home/christopherdavid/work/verse-battle-host-agent1/crates/verse-world)
warning: method `additional_characters` is never used
    --> crates/verse-world/src/play.rs:2872:19
     |
 428 | impl Game {
     | --------- method in this implementation
...
2872 |     pub(crate) fn additional_characters(
     |                   ^^^^^^^^^^^^^^^^^^^^^
     |
     = note: `#[warn(dead_code)]` (part of `#[warn(unused)]`) on by default

warning: `verse-world` (lib test) generated 1 warning
    Finished `test` profile [unoptimized] target(s) in 2m 09s
     Running unittests src/lib.rs (/home/christopherdavid/work/openagents-target-verse-battle-agent1/debug/deps/verse_world-537ce11b459e7b68)

running 28 tests
test service::net::admission::tests::mapped_ipv4_connections_share_the_pending_ip_limit ... ok
test service::net::admission::tests::pending_partitions_and_drop_leave_admitted_capacity ... ok
test service::net::admission::tests::aggregate_projection_limit_preserves_other_principals_commands ... ok
test service::net::admission::tests::reconnect_retires_old_connection_without_refilling_work ... ok
test service::net::session_pipeline::tests::storage_refusal_preserves_the_delivered_control_prefix_at_the_same_tick ... ok
test service::net::tests::frame_budget_rejects_header_before_waiting_for_payload ... ok
test service::net::timing::tests::startup_storage_and_tick_outliers_stay_out_of_steady_percentiles ... ok
test service::net::tests::durable_clock_credit_preserves_the_admission_prefix_and_byte_bounds ... ok
test service::net::tests::durable_travel_confirmation_preserves_body_and_cannot_cross_admission_prefix ... ok
test service::net::operator_tests::client_work_exhaustion_is_visible_without_credentials ... ok
test service::net::tests::tls_and_frame_refusals_leave_the_world_available ... ok
test service::net::tests::checkpoint_credit_preserves_sequence_snapshots_and_other_connections ... ok
test service::net::session_pipeline::tests::blocked_reply_write_keeps_movement_admission_live_and_bounded ... ok
test service::net::session_pipeline::tests::authentication_loss_stops_admission_during_a_blocked_reply_write ... ok
test service::net::session_pipeline::tests::admission_is_bounded_and_replies_wait_for_ordered_durability ... ok
test service::net::tests::durable_host_stops_without_acknowledgment_on_storage_failure ... ok
test service::net::tests::tls_players_and_spectator_share_one_world_and_shutdown_parks_controls ... ok
{"schema":"verse.admission.fixture.v1","admitted_commands":40,"snapshot_refusals":24,"stats":{"capacity_refusals":0,"pre_auth_refusals":0,"ip_refusals":40,"handshake_rate_refusals":0,"principal_capacity_refusals":0,"principal_work_refusals":25,"aggregate_work_refusals":0,"projections":16,"commands":40,"pending_peak":8,"active_peak":3,"pending":0,"active":0,"principal_records":2,"completed":11,"handshake_timeouts":0,"handshake_refusals":8,"authentication_timeouts":0,"authentication_refusals":0,"grant_refusals":0,"retired_connections":1,"frame_failures":0,"read_timeouts":0,"write_failures":0,"request_rate_failures":0,"host_failures":0,"transport_closures":2,"cancelled_workers":0}}
test service::net::tests::overload_keeps_admitted_commands_live_and_reconnects_share_budgets ... ok
test service::net::tests::storage_busy_does_not_extend_the_authentication_deadline ... ok
test service::net::tests::catch_up_ticks_each_leave_their_own_simulation_observation ... ok
test service::net::tests::durable_tls_host_recovers_acknowledged_combat_after_abrupt_restart ... ok
test service::net::tests::slow_writer_fences_replies_and_backpressures_the_bounded_request_queue ... ok
test service::net::tests::movement_entry_storage_backpressure_preserves_exact_request_and_refusal_boundaries ... ok
{"schema":"verse.operations.live.v1","stalled":{"schema":"verse.host.operations.v1","build":{"package_version":"test","source_revision":"scratch-operations","wire_version":29},"instance":120,"content":[8,8,8,8,8,8,8,8,8,8,8,8,8,8,8,8,8,8,8,8,8,8,8,8,8,8,8,8,8,8,8,8],"sampled_unix_ms":1791244155034,"elapsed_ms":2000,"phase":"running","live":true,"ready":false,"reasons":["storage_backpressure","writer_stalled","simulation_over_budget"],"metrics":{"admission":{"capacity_refusals":0,"pre_auth_refusals":0,"ip_refusals":0,"handshake_rate_refusals":0,"principal_capacity_refusals":0,"principal_work_refusals":0,"aggregate_work_refusals":0,"projections":1,"commands":0,"pending_peak":1,"active_peak":1,"pending":1,"active":1,"principal_records":1,"completed":0,"handshake_timeouts":0,"handshake_refusals":0,"authentication_timeouts":0,"authentication_refusals":0,"grant_refusals":0,"retired_connections":0,"frame_failures":0,"read_timeouts":0,"write_failures":0,"request_rate_failures":0,"host_failures":0,"transport_closures":0,"cancelled_workers":0},"ticks":4,"requests":2,"dropped_seconds":0.0,"simulation":{"observations":4,"p95_upper_bound_ms":46.871641,"p99_upper_bound_ms":46.871641,"maximum_ms":46.871641,"total_ms":50.854068999999996},"read_projection":{"observations":0,"p95_upper_bound_ms":null,"p99_upper_bound_ms":null,"maximum_ms":0.0,"total_ms":0.0},"storage_commit":{"observations":3,"p95_upper_bound_ms":29.173509,"p99_upper_bound_ms":29.173509,"maximum_ms":29.173509,"total_ms":45.571965},"journal_sync":{"observations":2,"p95_upper_bound_ms":9.239329,"p99_upper_bound_ms":9.239329,"maximum_ms":9.239329,"total_ms":13.987687},"request_queue":0,"request_queue_peak":0,"writer_queue":2,"writer_queue_peak":2,"held_reply_bytes":0,"held_reply_bytes_peak":27198,"storage_refusals":0,"storage_paused_seconds":1.834227685,"durable_commits":3,"durable_revision":3,"pending_commit_age_ms":1898,"actor_count":15,"live_hostiles":13,"motor_recovery_blocks":0,"navigation_refusals":0},"budgets":{"connections":128,"pre_auth_connections":32,"request_queue":128,"writer_copies":2,"held_reply_bytes":33554432,"receipt_staging_bytes":134217728,"client_observations":128,"diagnostic_records":128,"status_bytes":262144},"clients":[{"connection":1,"authenticated":true,"requests":2,"received_payload_bytes":486,"sent_payload_bytes":23685,"idle_ms":1903,"delivered_tick":2,"delivered_tick_lag":2,"last_delivery_ms_ago":1903,"work_refusals":0},{"connection":2,"authenticated":false,"requests":0,"received_payload_bytes":0,"sent_payload_bytes":0,"idle_ms":1902,"delivered_tick":null,"delivered_tick_lag":null,"last_delivery_ms_ago":null,"work_refusals":0}],"records":[{"sequence":1,"elapsed_ms":0,"phase":"running","reasons":[]},{"sequence":2,"elapsed_ms":1001,"phase":"running","reasons":["storage_backpressure","simulation_over_budget"]},{"sequence":3,"elapsed_ms":2000,"phase":"running","reasons":["storage_backpressure","writer_stalled","simulation_over_budget"]}],"omitted_records":0},"final":{"schema":"verse.host.operations.v1","build":{"package_version":"test","source_revision":"scratch-operations","wire_version":29},"instance":120,"content":[8,8,8,8,8,8,8,8,8,8,8,8,8,8,8,8,8,8,8,8,8,8,8,8,8,8,8,8,8,8,8,8],"sampled_unix_ms":1791244155073,"elapsed_ms":2069,"phase":"stopped","live":false,"ready":false,"reasons":["stopped"],"metrics":{"admission":{"capacity_refusals":0,"pre_auth_refusals":0,"ip_refusals":0,"handshake_rate_refusals":0,"principal_capacity_refusals":0,"principal_work_refusals":0,"aggregate_work_refusals":0,"projections":1,"commands":0,"pending_peak":1,"active_peak":1,"pending":0,"active":0,"principal_records":1,"completed":0,"handshake_timeouts":0,"handshake_refusals":0,"authentication_timeouts":0,"authentication_refusals":0,"grant_refusals":0,"retired_connections":0,"frame_failures":0,"read_timeouts":0,"write_failures":0,"request_rate_failures":0,"host_failures":0,"transport_closures":0,"cancelled_workers":2},"ticks":4,"requests":2,"dropped_seconds":0.0,"simulation":{"observations":4,"p95_upper_bound_ms":46.871641,"p99_upper_bound_ms":46.871641,"maximum_ms":46.871641,"total_ms":50.854068999999996},"read_projection":{"observations":0,"p95_upper_bound_ms":null,"p99_upper_bound_ms":null,"maximum_ms":0.0,"total_ms":0.0},"storage_commit":{"observations":6,"p95_upper_bound_ms":1918.6617529999999,"p99_upper_bound_ms":1918.6617529999999,"maximum_ms":1918.6617529999999,"total_ms":1982.9732769999996},"journal_sync":{"observations":5,"p95_upper_bound_ms":9.239329,"p99_upper_bound_ms":9.239329,"maximum_ms":9.239329,"total_ms":35.400745},"request_queue":0,"request_queue_peak":0,"writer_queue":0,"writer_queue_peak":2,"held_reply_bytes":0,"held_reply_bytes_peak":27198,"storage_refusals":0,"storage_paused_seconds":1.866457955,"durable_commits":6,"durable_revision":6,"pending_commit_age_ms":null,"actor_count":15,"live_hostiles":13,"motor_recovery_blocks":0,"navigation_refusals":0},"budgets":{"connections":128,"pre_auth_connections":32,"request_queue":128,"writer_copies":2,"held_reply_bytes":33554432,"receipt_staging_bytes":134217728,"client_observations":128,"diagnostic_records":128,"status_bytes":262144},"clients":[],"records":[{"sequence":1,"elapsed_ms":0,"phase":"running","reasons":[]},{"sequence":2,"elapsed_ms":1001,"phase":"running","reasons":["storage_backpressure","simulation_over_budget"]},{"sequence":3,"elapsed_ms":2000,"phase":"running","reasons":["storage_backpressure","writer_stalled","simulation_over_budget"]},{"sequence":4,"elapsed_ms":2014,"phase":"draining","reasons":["draining"]},{"sequence":5,"elapsed_ms":2069,"phase":"stopped","reasons":["stopped"]}],"omitted_records":0},"drain_recovered_tick":4}
test service::net::operator_tests::live_operator_attributes_stalls_and_drains_before_releasing_writer ... ok
{"schema":"verse.durable.fixture.v2","players":2,"spectators":1,"accepted_movement_commands":180,"wall_seconds":3.000348404,"world_ticks":93,"checkpoint_commits":95,"checkpoint_bytes":1924255,"checkpoint_seconds":0.6816114120000001,"dropped_seconds":0.0,"simulation":{"observations":93,"total_seconds":0.107305716,"maximum_ms":2.336436,"p50_upper_ms":2.0,"p95_upper_ms":2.0,"p99_upper_ms":2.336436},"capture":{"observations":95,"total_seconds":0.004835379000000001,"maximum_ms":0.187068,"p50_upper_ms":0.1,"p95_upper_ms":0.1,"p99_upper_ms":0.187068},"commits":{"observations":95,"total_seconds":0.6816114120000001,"maximum_ms":50.189217,"p50_upper_ms":8.0,"p95_upper_ms":16.0,"p99_upper_ms":50.189217},"writer_queue_peak":1,"storage_refusals":0,"storage_paused_ticks":0,"storage_paused_seconds":0.0}
test service::net::tests::durable_two_player_input_cadence_records_checkpoint_cost ... ok
test service::net::tests::slow_tls_handshake_expires_and_releases_its_pending_slot ... ok
test service::net::resume_tests::queued_intervals_survive_storage_resume_without_expiry ... ok
test service::net::resume_tests::queued_intervals_precede_simulation_deadlines ... ok

test result: ok. 28 passed; 0 failed; 0 ignored; 0 measured; 556 filtered out; finished in 12.44s

