---
source: tui/src/chatwidget/tests.rs
expression: terminal.backend()
---
"                                                                                "
"  Analyzing (0s • Esc to interrupt)                                             "
"                                                                                "
"▌ Ask Codex to do anything                                                      "
"                                                                                "
"⏎ send   ⌃J newline   ⌃T transcript   ⌃C quit                                   "
"                                                                                "
