---
source: tui/src/chatwidget/tests.rs
expression: visual
---
>     -- Indented code block (4 spaces)
      SELECT *
      FROM "users"
      WHERE "email" LIKE '%@example.com';

  ```sh
  printf 'fenced within fenced\n'
  ```

  {
    // comment allowed in jsonc
    "path": "C:\\Program Files\\App",
    "regex": "^foo.*(bar)?$"
  }
