---
source: crates/autopilot/src/tests/dashboard_snapshots.rs
assertion_line: 147
expression: html
---
<div class="summary-card"><h2>Summary Statistics</h2><div class="stats-grid"><div class="stat"><span class="stat-label">Total Sessions</span><span class="stat-value">100</span></div><div class="stat"><span class="stat-label">Issues Completed</span><span class="stat-value">450</span></div><div class="stat"><span class="stat-label">Total Cost</span><span class="stat-value">$500.00</span></div><div class="stat"><span class="stat-label">Avg Duration</span><span class="stat-value">180s</span></div><div class="stat"><span class="stat-label">Avg Tokens</span><span class="stat-value">20000</span></div><div class="stat"><span class="stat-label">Completion Rate</span><span class="stat-value">95.0%</span></div></div></div>
