   Compiling physics v0.1.0 (/home/christopherdavid/work/openagents-verse-audit/crates/physics)
warning: failed to connect to jobserver from environment variable `CARGO_MAKEFLAGS="-j --jobserver-fds=3,5 --jobserver-auth=3,5"`: cannot open file descriptor 3 from the jobserver environment variable value: Bad file descriptor (os error 9)
  |
  = note: the build environment is likely misconfigured

warning: `physics` (lib) generated 1 warning
   Compiling verse-engine v0.1.0 (/home/christopherdavid/work/openagents-verse-audit/crates/verse-engine)
warning: `verse-engine` (lib) generated 1 warning (1 duplicate)
   Compiling verse-world v0.1.0 (/home/christopherdavid/work/openagents-verse-audit/crates/verse-world)
warning: method `additional_characters` is never used
    --> crates/verse-world/src/play.rs:2943:19
     |
 428 | impl Game {
     | --------- method in this implementation
...
2943 |     pub(crate) fn additional_characters(
     |                   ^^^^^^^^^^^^^^^^^^^^^
     |
     = note: `#[warn(dead_code)]` (part of `#[warn(unused)]`) on by default

warning: `verse-world` (lib) generated 2 warnings (1 duplicate)
   Compiling verse-gfx v0.1.0 (/home/christopherdavid/work/openagents-verse-audit/crates/verse-gfx)
warning: `verse-gfx` (lib) generated 1 warning (1 duplicate)
   Compiling verse-pbr v0.1.0 (/home/christopherdavid/work/openagents-verse-audit/crates/verse-pbr)
warning: `verse-pbr` (lib) generated 1 warning (1 duplicate)
   Compiling verse-net v0.1.0 (/home/christopherdavid/work/openagents-verse-audit/crates/verse-net)
warning: `verse-net` (lib) generated 1 warning (1 duplicate)
   Compiling verse-core v0.1.0 (/home/christopherdavid/work/openagents-verse-audit/crates/verse-core)
warning: `verse-core` (lib) generated 1 warning (1 duplicate)
   Compiling workbench v0.1.0 (/home/christopherdavid/work/openagents-verse-audit/crates/workbench)
   Compiling serde_path_to_error v0.1.20
   Compiling verse-content v0.1.0 (/home/christopherdavid/work/openagents-verse-audit/crates/verse-content)
warning: `verse-content` (lib) generated 1 warning (1 duplicate)
   Compiling coder-pty v0.1.0 (/home/christopherdavid/work/openagents-verse-audit/crates/coder-pty)
   Compiling coder-vt v0.1.0 (/home/christopherdavid/work/openagents-verse-audit/crates/coder-vt)
   Compiling route-contract v0.1.0 (/home/christopherdavid/work/openagents-verse-audit/crates/route-contract)
   Compiling openagents-chat v0.1.0 (/home/christopherdavid/work/openagents-verse-audit/crates/openagents-chat)
error: failed to build archive at `/home/christopherdavid/work/openagents-target-agent1/debug/deps/libopenagents_chat-314511f9566e02a7.rlib`: No space left on device (os error 28)

error: could not compile `openagents-chat` (lib) due to 1 previous error
