   Compiling physics v0.1.0 (/home/christopherdavid/work/openagents-verse-audit/crates/physics)
   Compiling verse-world v0.1.0 (/home/christopherdavid/work/openagents-verse-audit/crates/verse-world)
warning: method `additional_characters` is never used
    --> crates/verse-world/src/play.rs:2844:19
     |
 428 | impl Game {
     | --------- method in this implementation
...
2844 |     pub(crate) fn additional_characters(
     |                   ^^^^^^^^^^^^^^^^^^^^^
     |
     = note: `#[warn(dead_code)]` (part of `#[warn(unused)]`) on by default

   Compiling verse-gfx v0.1.0 (/home/christopherdavid/work/openagents-verse-audit/crates/verse-gfx)
   Compiling verse-content v0.1.0 (/home/christopherdavid/work/openagents-verse-audit/crates/verse-content)
   Compiling verse-net v0.1.0 (/home/christopherdavid/work/openagents-verse-audit/crates/verse-net)
   Compiling verse-pbr v0.1.0 (/home/christopherdavid/work/openagents-verse-audit/crates/verse-pbr)
   Compiling verse-lagrange v0.1.0 (/home/christopherdavid/work/openagents-verse-audit/crates/verse-lagrange)
   Compiling verse v0.1.0 (/home/christopherdavid/work/openagents-verse-audit/crates/verse)
warning: unused variable: `numbers`
    --> crates/verse/src/imported/overlay.rs:1297:9
     |
1297 |     let numbers = atlas.font("numbers").layout_at_scale(1.0 / s).unwrap();
     |         ^^^^^^^ help: if this is intentional, prefix it with an underscore: `_numbers`
     |
     = note: `#[warn(unused_variables)]` (part of `#[warn(unused)]`) on by default

warning: associated functions `social_profile` and `move_player` are never used
   --> crates/verse/src/zones/everglade/mod.rs:441:12
    |
113 | impl Everglade {
    | -------------- associated functions in this implementation
...
441 |     pub fn social_profile(pack: &ZonePack) -> Result<verse_world::social::world::Profile, String> {
    |            ^^^^^^^^^^^^^^
...
452 |     pub fn move_player(
    |            ^^^^^^^^^^^
    |
    = note: `#[warn(dead_code)]` (part of `#[warn(unused)]`) on by default

warning: function `triangles` is never used
   --> crates/verse/src/zones/everglade/draw.rs:103:15
    |
103 | pub(super) fn triangles() -> u64 {
    |               ^^^^^^^^^

warning: function `stream_triangles` is never used
   --> crates/verse/src/zones/everglade/draw.rs:112:4
    |
112 | fn stream_triangles() -> u64 {
    |    ^^^^^^^^^^^^^^^^

warning: method `land` is never used
   --> crates/verse/src/zones/grove/mod.rs:200:12
    |
159 | impl Grove {
    | ---------- method in this implementation
...
200 |     pub fn land(&self) -> Land {
    |            ^^^^

warning: `verse-world` (lib) generated 1 warning
   Compiling verse-host v0.1.0 (/home/christopherdavid/work/openagents-verse-audit/crates/verse-host)
warning: `verse` (lib) generated 5 warnings (run `cargo fix --lib -p verse` to apply 1 suggestion)
warning: unused import: `Response`
  --> crates/verse/examples/common/battle_player.rs:12:23
   |
12 |         wire::{Reply, Response, State},
   |                       ^^^^^^^^
   |
   = note: `#[warn(unused_imports)]` (part of `#[warn(unused)]`) on by default

warning: function `player` is never used
  --> crates/verse/examples/common/battle_player.rs:30:14
   |
30 | pub async fn player(
   |              ^^^^^^
   |
   = note: `#[warn(dead_code)]` (part of `#[warn(unused)]`) on by default

warning: `verse` (example "battle_scale") generated 2 warnings (run `cargo fix --example "battle_scale" -p verse` to apply 1 suggestion)
    Finished `dev` profile [unoptimized + debuginfo] target(s) in 2m 56s
