   Compiling verse-world v0.1.0 (/home/christopherdavid/work/openagents-verse-audit/crates/verse-world)
warning: method `additional_characters` is never used
    --> crates/verse-world/src/play.rs:2845:19
     |
 428 | impl Game {
     | --------- method in this implementation
...
2845 |     pub(crate) fn additional_characters(
     |                   ^^^^^^^^^^^^^^^^^^^^^
     |
     = note: `#[warn(dead_code)]` (part of `#[warn(unused)]`) on by default

warning: `verse-world` (lib test) generated 1 warning
    Finished `test` profile [unoptimized + debuginfo] target(s) in 1m 52s
     Running unittests src/lib.rs (/home/christopherdavid/work/openagents-target-agent1/debug/deps/verse_world-b780e2e678f658c9)

running 1 test

thread 'prediction::local::tests::confirmed_exit_cannot_replay_previously_deferred_crowd_time' (3868454) panicked at crates/verse-world/src/prediction/local.rs:813:9:
assertion `left == right` failed
  left: 2.03016
 right: 0.75
note: run with `RUST_BACKTRACE=1` environment variable to display a backtrace
test prediction::local::tests::confirmed_exit_cannot_replay_previously_deferred_crowd_time ... FAILED

failures:

failures:
    prediction::local::tests::confirmed_exit_cannot_replay_previously_deferred_crowd_time

test result: FAILED. 0 passed; 1 failed; 0 ignored; 0 measured; 530 filtered out; finished in 0.00s

error: test failed, to rerun pass `-p verse-world --lib`
