   Compiling physics v0.1.0 (/home/christopherdavid/work/openagents-verse-audit/crates/physics)
   Compiling verse-engine v0.1.0 (/home/christopherdavid/work/openagents-verse-audit/crates/verse-engine)
   Compiling knowledge v0.1.0 (/home/christopherdavid/work/openagents-verse-audit/crates/knowledge)
   Compiling verse-world v0.1.0 (/home/christopherdavid/work/openagents-verse-audit/crates/verse-world)
   Compiling usvg v0.48.1
   Compiling gltf-json v1.4.1
warning: method `additional_characters` is never used
    --> crates/verse-world/src/play.rs:2844:19
     |
 428 | impl Game {
     | --------- method in this implementation
...
2844 |     pub(crate) fn additional_characters(
     |                   ^^^^^^^^^^^^^^^^^^^^^
     |
     = note: `#[warn(dead_code)]` (part of `#[warn(unused)]`) on by default

   Compiling gltf v1.4.1
   Compiling wayland-cursor v0.31.14
   Compiling alsa-sys v0.4.0
error: failed to run custom build command for `alsa-sys v0.4.0`

Caused by:
  process didn't exit successfully: `/home/christopherdavid/work/openagents-target-agent1/debug/build/alsa-sys-38242c71c19e71ec/build-script-build` (exit status: 101)
  --- stdout
  cargo:rerun-if-env-changed=ALSA_NO_PKG_CONFIG
  cargo:rerun-if-env-changed=PKG_CONFIG_x86_64-unknown-linux-gnu
  cargo:rerun-if-env-changed=PKG_CONFIG_x86_64_unknown_linux_gnu
  cargo:rerun-if-env-changed=HOST_PKG_CONFIG
  cargo:rerun-if-env-changed=PKG_CONFIG
  cargo:rerun-if-env-changed=PKG_CONFIG_PATH_x86_64-unknown-linux-gnu
  cargo:rerun-if-env-changed=PKG_CONFIG_PATH_x86_64_unknown_linux_gnu
  cargo:rerun-if-env-changed=HOST_PKG_CONFIG_PATH
  cargo:rerun-if-env-changed=PKG_CONFIG_PATH
  cargo:rerun-if-env-changed=PKG_CONFIG_LIBDIR_x86_64-unknown-linux-gnu
  cargo:rerun-if-env-changed=PKG_CONFIG_LIBDIR_x86_64_unknown_linux_gnu
  cargo:rerun-if-env-changed=HOST_PKG_CONFIG_LIBDIR
  cargo:rerun-if-env-changed=PKG_CONFIG_LIBDIR
  cargo:rerun-if-env-changed=PKG_CONFIG_SYSROOT_DIR_x86_64-unknown-linux-gnu
  cargo:rerun-if-env-changed=PKG_CONFIG_SYSROOT_DIR_x86_64_unknown_linux_gnu
  cargo:rerun-if-env-changed=HOST_PKG_CONFIG_SYSROOT_DIR
  cargo:rerun-if-env-changed=PKG_CONFIG_SYSROOT_DIR

  --- stderr

  thread 'main' (3614916) panicked at /home/christopherdavid/.cargo/registry/src/index.crates.io-1949cf8c6b5b557f/alsa-sys-0.4.0/build.rs:13:19:

  pkg-config exited with status code 1
  > PKG_CONFIG_PATH=/nix/store/hmrk90252qx277ij9s6402cmdvzccjm4-coderos-build-libraries/lib/pkgconfig PKG_CONFIG_ALLOW_SYSTEM_LIBS=1 PKG_CONFIG_ALLOW_SYSTEM_CFLAGS=1 pkg-config --libs --cflags alsa

  pkg-config output:
    Package alsa was not found in the pkg-config search path.
    Perhaps you should add the directory containing `alsa.pc'
    to the PKG_CONFIG_PATH environment variable
    No package 'alsa' found

  The system library `alsa` required by crate `alsa-sys` was not found.
  The file `alsa.pc` needs to be installed and the PKG_CONFIG_PATH environment variable must contain its parent directory.
  PKG_CONFIG_PATH contains the following:
      - /nix/store/hmrk90252qx277ij9s6402cmdvzccjm4-coderos-build-libraries/lib/pkgconfig

  HINT: you may need to install a package such as alsa, alsa-dev or alsa-devel.

  note: run with `RUST_BACKTRACE=1` environment variable to display a backtrace
warning: build failed, waiting for other jobs to finish...
warning: `verse-world` (lib) generated 1 warning
