   Compiling verse-world v0.1.0 (/home/christopherdavid/work/openagents-verse-audit/crates/verse-world)
warning: method `additional_characters` is never used
    --> crates/verse-world/src/play.rs:2848:19
     |
 428 | impl Game {
     | --------- method in this implementation
...
2848 |     pub(crate) fn additional_characters(
     |                   ^^^^^^^^^^^^^^^^^^^^^
     |
     = note: `#[warn(dead_code)]` (part of `#[warn(unused)]`) on by default

warning: `verse-world` (lib test) generated 1 warning
    Finished `test` profile [unoptimized + debuginfo] target(s) in 1m 50s
     Running unittests src/lib.rs (/home/christopherdavid/work/openagents-target-agent1/debug/deps/verse_world-b780e2e678f658c9)

running 1 test
test prediction::local::tests::fresh_interval_input_cannot_replay_processed_travel_against_a_later_crowd_pose ... FAILED

failures:

---- prediction::local::tests::fresh_interval_input_cannot_replay_processed_travel_against_a_later_crowd_pose stdout ----

thread 'prediction::local::tests::fresh_interval_input_cannot_replay_processed_travel_against_a_later_crowd_pose' (4040001) panicked at crates/verse-world/src/prediction/local.rs:1449:9:
assertion `left == right` failed: Fresh boundary input cannot rewrite historical travel
  left: Character { feet: DVec3(0.0, 0.0, 0.0), vertical_speed: 0.0, support: Some(ColliderKey { life: Life { instance: 7, entity: 0, generation: 0 }, shape: 0 }), support_pose: Some(Pose { position: DVec3(0.0, 0.0, 0.0), rotation: DQuat(0.0, 0.0, 0.0, 1.0) }), external: DVec3(0.1988262287, 0.0, 0.0657269547), gravity: None, peak: None, landed: None }
 right: Character { feet: DVec3(3.2017012357385126, 0.0, 0.0004301181298769678), vertical_speed: 0.0, support: Some(ColliderKey { life: Life { instance: 7, entity: 0, generation: 0 }, shape: 0 }), support_pose: Some(Pose { position: DVec3(0.0, 0.0, 0.0), rotation: DQuat(0.0, 0.0, 0.0, 1.0) }), external: DVec3(0.0, 0.0, 0.0), gravity: None, peak: None, landed: None }
note: run with `RUST_BACKTRACE=1` environment variable to display a backtrace


failures:
    prediction::local::tests::fresh_interval_input_cannot_replay_processed_travel_against_a_later_crowd_pose

test result: FAILED. 0 passed; 1 failed; 0 ignored; 0 measured; 544 filtered out; finished in 0.00s

error: test failed, to rerun pass `-p verse-world --lib`
