    Blocking waiting for file lock on build directory
warning: method `additional_characters` is never used
    --> crates/verse-world/src/play.rs:2844:19
     |
 428 | impl Game {
     | --------- method in this implementation
...
2844 |     pub(crate) fn additional_characters(
     |                   ^^^^^^^^^^^^^^^^^^^^^
     |
     = note: `#[warn(dead_code)]` (part of `#[warn(unused)]`) on by default

warning: `verse-world` (lib) generated 1 warning
warning: unused import: `self`
 --> crates/verse/src/imported/remote_window.rs:7:23
  |
7 |     chamber_session::{self, Note, Session, Stopped},
  |                       ^^^^
  |
  = note: `#[warn(unused_imports)]` (part of `#[warn(unused)]`) on by default

warning: unused import: `glam::Vec3`
  --> crates/verse/src/imported/remote_window.rs:11:5
   |
11 | use glam::Vec3;
   |     ^^^^^^^^^^

warning: unused variable: `numbers`
    --> crates/verse/src/imported/overlay.rs:1297:9
     |
1297 |     let numbers = atlas.font("numbers").layout_at_scale(1.0 / s).unwrap();
     |         ^^^^^^^ help: if this is intentional, prefix it with an underscore: `_numbers`
     |
     = note: `#[warn(unused_variables)]` (part of `#[warn(unused)]`) on by default

warning: associated functions `social_profile` and `move_player` are never used
   --> crates/verse/src/zones/everglade/mod.rs:441:12
    |
113 | impl Everglade {
    | -------------- associated functions in this implementation
...
441 |     pub fn social_profile(pack: &ZonePack) -> Result<verse_world::social::world::Profile, String> {
    |            ^^^^^^^^^^^^^^
...
452 |     pub fn move_player(
    |            ^^^^^^^^^^^
    |
    = note: `#[warn(dead_code)]` (part of `#[warn(unused)]`) on by default

warning: function `triangles` is never used
   --> crates/verse/src/zones/everglade/draw.rs:103:15
    |
103 | pub(super) fn triangles() -> u64 {
    |               ^^^^^^^^^

warning: function `stream_triangles` is never used
   --> crates/verse/src/zones/everglade/draw.rs:112:4
    |
112 | fn stream_triangles() -> u64 {
    |    ^^^^^^^^^^^^^^^^

warning: method `land` is never used
   --> crates/verse/src/zones/grove/mod.rs:200:12
    |
159 | impl Grove {
    | ---------- method in this implementation
...
200 |     pub fn land(&self) -> Land {
    |            ^^^^

warning: `verse` (lib) generated 7 warnings (run `cargo fix --lib -p verse` to apply 3 suggestions)
    Checking verse v0.1.0 (/home/christopherdavid/work/openagents-verse-audit/crates/verse)
warning: fields `response` and `verified_at` are never read
  --> crates/verse/examples/common/battle_player.rs:40:9
   |
39 | pub struct Tap {
   |            --- fields in this struct
40 |     pub response: Response,
   |         ^^^^^^^^
41 |     pub verified_at: std::time::Instant,
   |         ^^^^^^^^^^^
   |
   = note: `#[warn(dead_code)]` (part of `#[warn(unused)]`) on by default

warning: `verse` (example "verse_load") generated 1 warning
warning: function `player` is never used
  --> crates/verse/examples/common/battle_player.rs:30:14
   |
30 | pub async fn player(
   |              ^^^^^^
   |
   = note: `#[warn(dead_code)]` (part of `#[warn(unused)]`) on by default

warning: `verse` (example "battle_scale") generated 1 warning
    Finished `dev` profile [unoptimized + debuginfo] target(s) in 15.53s
