   Compiling verse-world v0.1.0 (/home/christopherdavid/work/openagents-verse-audit/crates/verse-world)
warning: method `additional_characters` is never used
    --> crates/verse-world/src/play.rs:2845:19
     |
 428 | impl Game {
     | --------- method in this implementation
...
2845 |     pub(crate) fn additional_characters(
     |                   ^^^^^^^^^^^^^^^^^^^^^
     |
     = note: `#[warn(dead_code)]` (part of `#[warn(unused)]`) on by default

warning: `verse-world` (lib test) generated 1 warning
    Finished `test` profile [unoptimized + debuginfo] target(s) in 1m 47s
     Running unittests src/lib.rs (/home/christopherdavid/work/openagents-target-agent1/debug/deps/verse_world-895f92bfb62bd90a)

running 1 test
test combat::hostile_flight_tests::hostile_flight_remains_checkpoint_consistent_at_large_coordinates_and_late_times ... FAILED

failures:

---- combat::hostile_flight_tests::hostile_flight_remains_checkpoint_consistent_at_large_coordinates_and_late_times stdout ----

thread 'combat::hostile_flight_tests::hostile_flight_remains_checkpoint_consistent_at_large_coordinates_and_late_times' (3719402) panicked at crates/verse-world/src/combat.rs:1135:28:
called `Result::unwrap()` on an `Err` value: "Hostile projectile position disagrees with its flight"
note: run with `RUST_BACKTRACE=1` environment variable to display a backtrace


failures:
    combat::hostile_flight_tests::hostile_flight_remains_checkpoint_consistent_at_large_coordinates_and_late_times

test result: FAILED. 0 passed; 1 failed; 0 ignored; 0 measured; 521 filtered out; finished in 0.16s

error: test failed, to rerun pass `-p verse-world --lib`
