   Compiling verse-world v0.1.0 (/home/christopherdavid/work/openagents-verse-audit/crates/verse-world)
warning: method `additional_characters` is never used
    --> crates/verse-world/src/play.rs:2845:19
     |
 428 | impl Game {
     | --------- method in this implementation
...
2845 |     pub(crate) fn additional_characters(
     |                   ^^^^^^^^^^^^^^^^^^^^^
     |
     = note: `#[warn(dead_code)]` (part of `#[warn(unused)]`) on by default

warning: `verse-world` (lib test) generated 1 warning
    Finished `test` profile [unoptimized + debuginfo] target(s) in 1m 14s
     Running unittests src/lib.rs (/home/christopherdavid/work/openagents-target-agent1/debug/deps/verse_world-b780e2e678f658c9)

running 2 tests
VERSE_V04_TLS_EVIDENCE {"up_ms":0,"down_ms":0,"durable_stall_ms":300,"bound":56,"accepted":56,"observations":52,"p95_m":0.0,"maximum_m":0.0,"mode_resets":0}
test service::worker::delayed::durable_writer_stall_preserves_owned_interval_timeline ... ok
VERSE_V04_TLS_EVIDENCE {"up_ms":67,"down_ms":100,"durable_stall_ms":0,"bound":59,"accepted":56,"observations":13,"p95_m":0.0,"maximum_m":0.0,"mode_resets":0}
test service::worker::delayed::delayed_bootstrap_and_native_interval_stream_use_one_owned_timeline ... ok

test result: ok. 2 passed; 0 failed; 0 ignored; 0 measured; 528 filtered out; finished in 3.84s

