    Blocking waiting for file lock on build directory
   Compiling verse-world v0.1.0 (/home/christopherdavid/work/openagents-verse-audit/crates/verse-world)
warning: method `additional_characters` is never used
    --> crates/verse-world/src/play.rs:2844:19
     |
 428 | impl Game {
     | --------- method in this implementation
...
2844 |     pub(crate) fn additional_characters(
     |                   ^^^^^^^^^^^^^^^^^^^^^
     |
     = note: `#[warn(dead_code)]` (part of `#[warn(unused)]`) on by default

warning: `verse-world` (lib test) generated 1 warning
    Finished `test` profile [unoptimized + debuginfo] target(s) in 4m 28s
     Running unittests src/lib.rs (/home/christopherdavid/work/openagents-target-agent1/debug/deps/verse_world-895f92bfb62bd90a)

running 1 test

thread 'service::worker::tests::worker_pipelines_ordered_actions_before_command_acknowledgments' (3586189) panicked at crates/verse-world/src/service/worker.rs:1070:13:
assertion `left == right` failed
  left: Some(1)
 right: None
note: run with `RUST_BACKTRACE=1` environment variable to display a backtrace

thread 'service::worker::tests::worker_pipelines_ordered_actions_before_command_acknowledgments' (3586189) panicked at crates/verse-world/src/service/worker.rs:1155:43:
called `Option::unwrap()` on a `None` value
test service::worker::tests::worker_pipelines_ordered_actions_before_command_acknowledgments ... FAILED

failures:

failures:
    service::worker::tests::worker_pipelines_ordered_actions_before_command_acknowledgments

test result: FAILED. 0 passed; 1 failed; 0 ignored; 0 measured; 510 filtered out; finished in 0.20s

error: test failed, to rerun pass `-p verse-world --lib`
