   Compiling verse-world v0.1.0 (/home/christopherdavid/work/openagents-verse-audit/crates/verse-world)
warning: method `additional_characters` is never used
    --> crates/verse-world/src/play.rs:2845:19
     |
 428 | impl Game {
     | --------- method in this implementation
...
2845 |     pub(crate) fn additional_characters(
     |                   ^^^^^^^^^^^^^^^^^^^^^
     |
     = note: `#[warn(dead_code)]` (part of `#[warn(unused)]`) on by default

warning: `verse-world` (lib test) generated 1 warning
    Finished `test` profile [unoptimized + debuginfo] target(s) in 1m 49s
     Running unittests src/lib.rs (/home/christopherdavid/work/openagents-target-agent1/debug/deps/verse_world-b780e2e678f658c9)

running 1 test
test service::wire::tests::owned_snapshots_keep_authority_time_after_the_cinematic_ends ... FAILED

failures:

---- service::wire::tests::owned_snapshots_keep_authority_time_after_the_cinematic_ends stdout ----

thread 'service::wire::tests::owned_snapshots_keep_authority_time_after_the_cinematic_ends' (3939573) panicked at crates/verse-world/src/service/wire.rs:1516:60:
called `Result::unwrap()` on an `Err` value: "Owned HUD life or clock mismatch"
note: run with `RUST_BACKTRACE=1` environment variable to display a backtrace


failures:
    service::wire::tests::owned_snapshots_keep_authority_time_after_the_cinematic_ends

test result: FAILED. 0 passed; 1 failed; 0 ignored; 0 measured; 538 filtered out; finished in 0.16s

error: test failed, to rerun pass `-p verse-world --lib`
