   Compiling physics v0.1.0 (/home/christopherdavid/work/openagents-verse-audit/crates/physics)
   Compiling verse-world v0.1.0 (/home/christopherdavid/work/openagents-verse-audit/crates/verse-world)
warning: method `additional_characters` is never used
    --> crates/verse-world/src/play.rs:2848:19
     |
 428 | impl Game {
     | --------- method in this implementation
...
2848 |     pub(crate) fn additional_characters(
     |                   ^^^^^^^^^^^^^^^^^^^^^
     |
     = note: `#[warn(dead_code)]` (part of `#[warn(unused)]`) on by default

   Compiling verse-gfx v0.1.0 (/home/christopherdavid/work/openagents-verse-audit/crates/verse-gfx)
   Compiling verse-pbr v0.1.0 (/home/christopherdavid/work/openagents-verse-audit/crates/verse-pbr)
   Compiling verse-core v0.1.0 (/home/christopherdavid/work/openagents-verse-audit/crates/verse-core)
   Compiling verse-net v0.1.0 (/home/christopherdavid/work/openagents-verse-audit/crates/verse-net)
   Compiling verse-content v0.1.0 (/home/christopherdavid/work/openagents-verse-audit/crates/verse-content)
warning: `verse-world` (lib) generated 1 warning
   Compiling verse-imported v0.1.0 (/home/christopherdavid/work/openagents-verse-audit/crates/verse-imported)
warning: unused variable: `numbers`
    --> crates/verse-imported/src/imported/overlay.rs:1297:9
     |
1297 |     let numbers = atlas.font("numbers").layout_at_scale(1.0 / s).unwrap();
     |         ^^^^^^^ help: if this is intentional, prefix it with an underscore: `_numbers`
     |
     = note: `#[warn(unused_variables)]` (part of `#[warn(unused)]`) on by default

warning: `verse-imported` (lib test) generated 1 warning (run `cargo fix --lib -p verse-imported --tests` to apply 1 suggestion)
    Finished `test` profile [unoptimized + debuginfo] target(s) in 1m 59s
     Running unittests src/lib.rs (/home/christopherdavid/work/openagents-target-agent1/debug/deps/verse_imported-9db3eb1d26ca17c6)

running 1 test
test imported::chamber_session::tests::native_prediction_binds_local_input_renders_it_and_retires_acknowledgments ... FAILED

failures:

---- imported::chamber_session::tests::native_prediction_binds_local_input_renders_it_and_retires_acknowledgments stdout ----

thread 'imported::chamber_session::tests::native_prediction_binds_local_input_renders_it_and_retires_acknowledgments' (3951633) panicked at crates/verse-imported/src/imported/chamber_session_tests.rs:467:71:
called `Result::unwrap()` on an `Err` value: Empty
note: run with `RUST_BACKTRACE=1` environment variable to display a backtrace


failures:
    imported::chamber_session::tests::native_prediction_binds_local_input_renders_it_and_retires_acknowledgments

test result: FAILED. 0 passed; 1 failed; 0 ignored; 0 measured; 38 filtered out; finished in 0.50s

error: test failed, to rerun pass `-p verse-imported --lib`
