   Compiling verse-world v0.1.0 (/home/christopherdavid/work/openagents-verse-audit/crates/verse-world)
warning: method `additional_characters` is never used
    --> crates/verse-world/src/play.rs:2845:19
     |
 428 | impl Game {
     | --------- method in this implementation
...
2845 |     pub(crate) fn additional_characters(
     |                   ^^^^^^^^^^^^^^^^^^^^^
     |
     = note: `#[warn(dead_code)]` (part of `#[warn(unused)]`) on by default

warning: `verse-world` (lib test) generated 1 warning
    Finished `test` profile [unoptimized + debuginfo] target(s) in 1m 49s
     Running unittests src/lib.rs (/home/christopherdavid/work/openagents-target-agent1/debug/deps/verse_world-b780e2e678f658c9)

running 1 test

thread 'prediction::local::tests::confirmed_time_reconciliation_does_not_replay_through_later_crowd_geometry' (3888844) panicked at crates/verse-world/src/prediction/local.rs:834:9:
assertion failed: (local.pose().unwrap().position.x - 1.98016).abs() < 0.0001
note: run with `RUST_BACKTRACE=1` environment variable to display a backtrace
test prediction::local::tests::confirmed_time_reconciliation_does_not_replay_through_later_crowd_geometry ... FAILED

failures:

failures:
    prediction::local::tests::confirmed_time_reconciliation_does_not_replay_through_later_crowd_geometry

test result: FAILED. 0 passed; 1 failed; 0 ignored; 0 measured; 531 filtered out; finished in 0.00s

error: test failed, to rerun pass `-p verse-world --lib`
