   Compiling physics v0.1.0 (/home/christopherdavid/work/openagents-verse-audit/crates/physics)
   Compiling verse-engine v0.1.0 (/home/christopherdavid/work/openagents-verse-audit/crates/verse-engine)
   Compiling verse-world v0.1.0 (/home/christopherdavid/work/openagents-verse-audit/crates/verse-world)
warning: method `additional_characters` is never used
    --> crates/verse-world/src/play.rs:2848:19
     |
 428 | impl Game {
     | --------- method in this implementation
...
2848 |     pub(crate) fn additional_characters(
     |                   ^^^^^^^^^^^^^^^^^^^^^
     |
     = note: `#[warn(dead_code)]` (part of `#[warn(unused)]`) on by default

   Compiling ttf-parser v0.25.1
   Compiling owned_ttf_parser v0.25.1
   Compiling calloop-wayland-source v0.3.0
   Compiling wayland-protocols-wlr v0.3.12
   Compiling tiny-skia-path v0.11.4
   Compiling ab_glyph_rasterizer v0.1.10
   Compiling ab_glyph v0.2.32
   Compiling smithay-client-toolkit v0.19.2
   Compiling tiny-skia v0.11.4
   Compiling wgpu v29.0.4
   Compiling gltf-json v1.4.1
   Compiling winit v0.30.13
   Compiling gltf v1.4.1
   Compiling verse-gfx v0.1.0 (/home/christopherdavid/work/openagents-verse-audit/crates/verse-gfx)
   Compiling sctk-adwaita v0.10.1
   Compiling x11-dl v2.21.0
   Compiling wayland-protocols-plasma v0.3.12
   Compiling verse-pbr v0.1.0 (/home/christopherdavid/work/openagents-verse-audit/crates/verse-pbr)
   Compiling verse-net v0.1.0 (/home/christopherdavid/work/openagents-verse-audit/crates/verse-net)
   Compiling openagents-chat v0.1.0 (/home/christopherdavid/work/openagents-verse-audit/crates/openagents-chat)
   Compiling verse-core v0.1.0 (/home/christopherdavid/work/openagents-verse-audit/crates/verse-core)
   Compiling coder-pty v0.1.0 (/home/christopherdavid/work/openagents-verse-audit/crates/coder-pty)
   Compiling resvg v0.48.1
   Compiling net_core v0.1.0 (/home/christopherdavid/work/openagents-verse-audit/crates/verse-ruins/vendor/crates/net_core)
   Compiling openagents-connect v0.1.0 (/home/christopherdavid/work/openagents-verse-audit/crates/openagents-connect)
   Compiling data_runtime v0.1.0 (/home/christopherdavid/work/openagents-verse-audit/crates/verse-ruins/vendor/crates/data_runtime)
   Compiling coder-host v0.1.0 (/home/christopherdavid/work/openagents-verse-audit/crates/coder-host)
   Compiling alsa-sys v0.4.0
error: failed to run custom build command for `alsa-sys v0.4.0`

Caused by:
  process didn't exit successfully: `/home/christopherdavid/work/openagents-target-agent1/debug/build/alsa-sys-38242c71c19e71ec/build-script-build` (exit status: 101)
  --- stdout
  cargo:rerun-if-env-changed=ALSA_NO_PKG_CONFIG
  cargo:rerun-if-env-changed=PKG_CONFIG_x86_64-unknown-linux-gnu
  cargo:rerun-if-env-changed=PKG_CONFIG_x86_64_unknown_linux_gnu
  cargo:rerun-if-env-changed=HOST_PKG_CONFIG
  cargo:rerun-if-env-changed=PKG_CONFIG
  cargo:rerun-if-env-changed=PKG_CONFIG_PATH_x86_64-unknown-linux-gnu
  cargo:rerun-if-env-changed=PKG_CONFIG_PATH_x86_64_unknown_linux_gnu
  cargo:rerun-if-env-changed=HOST_PKG_CONFIG_PATH
  cargo:rerun-if-env-changed=PKG_CONFIG_PATH
  cargo:rerun-if-env-changed=PKG_CONFIG_LIBDIR_x86_64-unknown-linux-gnu
  cargo:rerun-if-env-changed=PKG_CONFIG_LIBDIR_x86_64_unknown_linux_gnu
  cargo:rerun-if-env-changed=HOST_PKG_CONFIG_LIBDIR
  cargo:rerun-if-env-changed=PKG_CONFIG_LIBDIR
  cargo:rerun-if-env-changed=PKG_CONFIG_SYSROOT_DIR_x86_64-unknown-linux-gnu
  cargo:rerun-if-env-changed=PKG_CONFIG_SYSROOT_DIR_x86_64_unknown_linux_gnu
  cargo:rerun-if-env-changed=HOST_PKG_CONFIG_SYSROOT_DIR
  cargo:rerun-if-env-changed=PKG_CONFIG_SYSROOT_DIR

  --- stderr

  thread 'main' (4012506) panicked at /home/christopherdavid/.cargo/registry/src/index.crates.io-1949cf8c6b5b557f/alsa-sys-0.4.0/build.rs:13:19:

  pkg-config exited with status code 1
  > PKG_CONFIG_PATH=/nix/store/hmrk90252qx277ij9s6402cmdvzccjm4-coderos-build-libraries/lib/pkgconfig PKG_CONFIG_ALLOW_SYSTEM_LIBS=1 PKG_CONFIG_ALLOW_SYSTEM_CFLAGS=1 pkg-config --libs --cflags alsa

  pkg-config output:
    Package alsa was not found in the pkg-config search path.
    Perhaps you should add the directory containing `alsa.pc'
    to the PKG_CONFIG_PATH environment variable
    No package 'alsa' found

  The system library `alsa` required by crate `alsa-sys` was not found.
  The file `alsa.pc` needs to be installed and the PKG_CONFIG_PATH environment variable must contain its parent directory.
  PKG_CONFIG_PATH contains the following:
      - /nix/store/hmrk90252qx277ij9s6402cmdvzccjm4-coderos-build-libraries/lib/pkgconfig

  HINT: you may need to install a package such as alsa, alsa-dev or alsa-devel.

  note: run with `RUST_BACKTRACE=1` environment variable to display a backtrace
warning: build failed, waiting for other jobs to finish...
warning: `verse-world` (lib) generated 1 warning
