   Compiling verse-world v0.1.0 (/home/christopherdavid/work/openagents-verse-audit/crates/verse-world)
warning: method `additional_characters` is never used
    --> crates/verse-world/src/play.rs:2848:19
     |
 428 | impl Game {
     | --------- method in this implementation
...
2848 |     pub(crate) fn additional_characters(
     |                   ^^^^^^^^^^^^^^^^^^^^^
     |
     = note: `#[warn(dead_code)]` (part of `#[warn(unused)]`) on by default

warning: `verse-world` (lib test) generated 1 warning
    Finished `test` profile [unoptimized + debuginfo] target(s) in 1m 50s
     Running unittests src/lib.rs (/home/christopherdavid/work/openagents-target-agent1/debug/deps/verse_world-b780e2e678f658c9)

running 1 test
test prediction::local::tests::wall_constrained_confirmation_preserves_time_processed_before_later_crowd_geometry ... FAILED

failures:

---- prediction::local::tests::wall_constrained_confirmation_preserves_time_processed_before_later_crowd_geometry stdout ----

thread 'prediction::local::tests::wall_constrained_confirmation_preserves_time_processed_before_later_crowd_geometry' (3981907) panicked at crates/verse-world/src/prediction/local.rs:1001:9:
A later capsule erased processed pending travel: Vec3(0.7, 0.0, 0.0)
note: run with `RUST_BACKTRACE=1` environment variable to display a backtrace


failures:
    prediction::local::tests::wall_constrained_confirmation_preserves_time_processed_before_later_crowd_geometry

test result: FAILED. 0 passed; 1 failed; 0 ignored; 0 measured; 539 filtered out; finished in 0.02s

error: test failed, to rerun pass `-p verse-world --lib`
