{
  "schema": "openagents.private-historical-replay-check.v1",
  "candidate_head": "4705102273140a5f381fb75e17a29965662629c8 (export plus candidate patch)",
  "checker_sha256": "a7fc455b5b22565e494339687f9eb12dc207a11efede22af3c6aadce39fc788b",
  "source_git_rs_sha256": "48d76c5da045070dc2958dc84321a956dde29725c890fe5d7a70b296b172f86c",
  "argv": [
    "cargo",
    "+1.97.1",
    "test",
    "--manifest-path",
    "/tmp/replay-10166-check/baseline-2-holdout/Cargo.toml",
    "--offline",
    "--test",
    "ignored_worktrees",
    "--",
    "--test-threads=1"
  ],
  "exit_code": 101,
  "timed_out": false,
  "elapsed_seconds": 3.126116766999985,
  "log": "/tmp/replay-10166-check/baseline-2-holdout/checker.log",
  "scope": "Seven deterministic API regressions; no original agent tests, real host cleanup, deployment, or network. Build time is included."
}
